74.82.46.182 - - [18/Feb/2020:02:02:09 -0700] "POST /SOGo/so/john.tolentino@datostech.com/Mail/unseenCount HTTP/1.1" 200 41 "http://datostech.com/SOGo/so/john.tolentino@datostech.com/Mail/view" "Mozilla/5.0 (Windows NT 10.0; Win64; x64; rv:72.0) Gecko/20100101 Firefox/72.0"
74.82.46.182 - - [18/Feb/2020:02:02:56 -0700] "POST /SOGo/so/john.tolentino@datostech.com/Mail/0/folderDrafts/newDraft1582016275-1/save HTTP/1.1" 200 15 "http://datostech.com/SOGo/so/john.tolentino@datostech.com/Mail/view" "Mozilla/5.0 (Windows NT 10.0; Win64; x64; rv:72.0) Gecko/20100101 Firefox/72.0"
74.82.46.182 - - [18/Feb/2020:02:02:57 -0700] "GET /SOGo/so/john.tolentino@datostech.com/Mail/0/folderDrafts/1762/view HTTP/1.1" 200 23914 "http://datostech.com/SOGo/so/john.tolentino@datostech.com/Mail/view" "Mozilla/5.0 (Windows NT 10.0; Win64; x64; rv:72.0) Gecko/20100101 Firefox/72.0"
74.82.46.182 - - [18/Feb/2020:02:04:56 -0700] "GET /SOGo.woa/WebServerResources/js/vendor/ckeditor/skins/minimalist/images/arrow.png HTTP/1.1" 200 191 "http://datostech.com/SOGo.woa/WebServerResources/js/vendor/ckeditor/skins/minimalist/editor_gecko.css?t=H5SC" "Mozilla/5.0 (Windows NT 10.0; Win64; x64; rv:72.0) Gecko/20100101 Firefox/72.0"
74.82.46.182 - - [18/Feb/2020:02:04:56 -0700] "GET /SOGo.woa/WebServerResources/js/vendor/ckeditor/plugins/icons.png?t=H5SC HTTP/1.1" 200 6444 "http://datostech.com/SOGo/so/john.tolentino@datostech.com/Mail/view" "Mozilla/5.0 (Windows NT 10.0; Win64; x64; rv:72.0) Gecko/20100101 Firefox/72.0"
74.82.46.182 - - [18/Feb/2020:02:05:30 -0700] "POST /SOGo/so/john.tolentino@datostech.com/Mail/0/folderDrafts/newDraft1582016275-1/save HTTP/1.1" 200 15 "http://datostech.com/SOGo/so/john.tolentino@datostech.com/Mail/view" "Mozilla/5.0 (Windows NT 10.0; Win64; x64; rv:72.0) Gecko/20100101 Firefox/72.0"
74.82.46.182 - - [18/Feb/2020:02:05:30 -0700] "GET /SOGo/so/john.tolentino@datostech.com/Mail/0/folderDrafts/1763/view HTTP/1.1" 200 24058 "http://datostech.com/SOGo/so/john.tolentino@datostech.com/Mail/view" "Mozilla/5.0 (Windows NT 10.0; Win64; x64; rv:72.0) Gecko/20100101 Firefox/72.0"
123.125.67.207 - - [18/Feb/2020:02:06:05 -0700] "GET / HTTP/1.1" 200 26732 "-" "Mozilla/5.0 (Windows NT 10.0; WOW64) AppleWebKit/537.36 (KHTML, like Gecko) Chrome/45.0.2454.93 Safari/537.36"
74.82.46.182 - - [18/Feb/2020:02:06:26 -0700] "POST /SOGo/so/john.tolentino@datostech.com/Mail/0/folderDrafts/view HTTP/1.1" 200 2414 "http://datostech.com/SOGo/so/john.tolentino@datostech.com/Mail/view" "Mozilla/5.0 (Windows NT 10.0; Win64; x64; rv:72.0) Gecko/20100101 Firefox/72.0"
74.82.46.182 - - [18/Feb/2020:02:06:29 -0700] "GET /SOGo/so/john.tolentino@datostech.com/Mail/0/folderDrafts/1761/view HTTP/1.1" 200 18939 "http://datostech.com/SOGo/so/john.tolentino@datostech.com/Mail/view" "Mozilla/5.0 (Windows NT 10.0; Win64; x64; rv:72.0) Gecko/20100101 Firefox/72.0"
74.82.46.182 - - [18/Feb/2020:02:06:35 -0700] "GET /SOGo/so/john.tolentino@datostech.com/Mail/0/folderDrafts/1763/view HTTP/1.1" 200 24058 "http://datostech.com/SOGo/so/john.tolentino@datostech.com/Mail/view" "Mozilla/5.0 (Windows NT 10.0; Win64; x64; rv:72.0) Gecko/20100101 Firefox/72.0"
74.82.46.182 - - [18/Feb/2020:02:06:41 -0700] "GET /SOGo/so/john.tolentino@datostech.com/Mail/0/folderDrafts/1763/edit HTTP/1.1" 200 35 "http://datostech.com/SOGo/so/john.tolentino@datostech.com/Mail/view" "Mozilla/5.0 (Windows NT 10.0; Win64; x64; rv:72.0) Gecko/20100101 Firefox/72.0"
74.82.46.182 - - [18/Feb/2020:02:06:42 -0700] "GET /SOGo/so/john.tolentino@datostech.com/Mail/0/folderDrafts/newDraft1582016801-1/edit HTTP/1.1" 200 3094 "http://datostech.com/SOGo/so/john.tolentino@datostech.com/Mail/view" "Mozilla/5.0 (Windows NT 10.0; Win64; x64; rv:72.0) Gecko/20100101 Firefox/72.0"
74.82.46.182 - - [18/Feb/2020:02:07:09 -0700] "POST /SOGo/so/john.tolentino@datostech.com/Mail/unseenCount HTTP/1.1" 200 63 "http://datostech.com/SOGo/so/john.tolentino@datostech.com/Mail/view" "Mozilla/5.0 (Windows NT 10.0; Win64; x64; rv:72.0) Gecko/20100101 Firefox/72.0"
74.82.46.182 - - [18/Feb/2020:02:11:05 -0700] "POST /SOGo/so/john.tolentino@datostech.com/Mail/0/folderDrafts/newDraft1582016801-1/send HTTP/1.1" 200 21 "http://datostech.com/SOGo/so/john.tolentino@datostech.com/Mail/view" "Mozilla/5.0 (Windows NT 10.0; Win64; x64; rv:72.0) Gecko/20100101 Firefox/72.0"
74.82.46.182 - - [18/Feb/2020:02:11:26 -0700] "POST /SOGo/so/john.tolentino@datostech.com/Mail/0/folderDrafts/view HTTP/1.1" 200 2152 "http://datostech.com/SOGo/so/john.tolentino@datostech.com/Mail/view" "Mozilla/5.0 (Windows NT 10.0; Win64; x64; rv:72.0) Gecko/20100101 Firefox/72.0"
74.82.46.182 - - [18/Feb/2020:02:12:10 -0700] "POST /SOGo/so/john.tolentino@datostech.com/Mail/unseenCount HTTP/1.1" 200 63 "http://datostech.com/SOGo/so/john.tolentino@datostech.com/Mail/view" "Mozilla/5.0 (Windows NT 10.0; Win64; x64; rv:72.0) Gecko/20100101 Firefox/72.0"
104.238.117.191 - - [18/Feb/2020:02:18:34 -0700] "POST /wp-cron.php?doing_wp_cron=1582017513.9918220043182373046875 HTTP/1.1" 200 - "http://datostech.com/wp-cron.php?doing_wp_cron=1582017513.9918220043182373046875" "WordPress/5.3.2; http://datostech.com"
167.114.103.130 - - [18/Feb/2020:02:18:33 -0700] "GET /2019/06/07/renaming-wordpress-multi-site/ HTTP/1.1" 200 26843 "-" "8LEGS"
167.114.103.130 - - [18/Feb/2020:02:18:48 -0700] "GET /wp-json/ HTTP/1.1" 200 80051 "-" "8LEGS"
167.114.103.130 - - [18/Feb/2020:02:18:49 -0700] "GET /2019/06/07/move-a-multi-site/ HTTP/1.1" 200 26713 "-" "8LEGS"
167.114.103.130 - - [18/Feb/2020:02:19:13 -0700] "GET /recruit/ HTTP/1.1" 200 24740 "-" "8LEGS"
167.114.103.130 - - [18/Feb/2020:02:19:23 -0700] "GET /call-log/ HTTP/1.1" 200 10700 "-" "8LEGS"
167.114.103.130 - - [18/Feb/2020:02:19:30 -0700] "GET /members/ HTTP/1.1" 200 23197 "-" "8LEGS"
167.114.103.130 - - [18/Feb/2020:02:19:41 -0700] "GET /report-logged/ HTTP/1.1" 200 10843 "-" "8LEGS"
167.114.103.130 - - [18/Feb/2020:02:19:48 -0700] "GET /2019/02/09/hp-645-g4-probook/ HTTP/1.1" 200 20786 "-" "8LEGS"
167.114.103.130 - - [18/Feb/2020:02:20:08 -0700] "GET /2020/01/03/checking-datostech-com-server-services/ HTTP/1.1" 200 26086 "-" "8LEGS"
167.114.103.130 - - [18/Feb/2020:02:20:12 -0700] "GET /2019/04/12/2-month-summer-desktop-support-position/ HTTP/1.1" 200 26302 "-" "8LEGS"
167.114.103.130 - - [18/Feb/2020:02:20:24 -0700] "GET /incidents/ HTTP/1.1" 200 10839 "-" "8LEGS"
167.114.103.130 - - [18/Feb/2020:02:20:33 -0700] "GET /about HTTP/1.1" 301 - "-" "8LEGS"
167.114.103.130 - - [18/Feb/2020:02:20:34 -0700] "GET /wp-includes/wlwmanifest.xml HTTP/1.1" 200 1045 "-" "8LEGS"
127.0.0.1 - - [18/Feb/2020:02:24:10 -0700] "OPTIONS * HTTP/1.0" 200 - "-" "Apache (internal dummy connection)"
54.36.246.232 - - [18/Feb/2020:02:35:25 -0700] "GET /en/wp-content/plugins/themegrill-demo-importer/assets/css/_animation.scss HTTP/1.1" 404 17752 "datostech.com" "Mozilla/5.1 (Windows NT 6.0; WOW64) AppleWebKit/537.37 (KHTML, like Gecko) Chrome/58.0.1145.75 Safari/537.37"
127.0.0.1 - - [18/Feb/2020:02:58:47 -0700] "OPTIONS * HTTP/1.0" 200 - "-" "Apache (internal dummy connection)"
127.0.0.1 - - [18/Feb/2020:03:04:18 -0700] "OPTIONS * HTTP/1.0" 200 - "-" "Apache (internal dummy connection)"
127.0.0.1 - - [18/Feb/2020:03:04:19 -0700] "OPTIONS * HTTP/1.0" 200 - "-" "Apache (internal dummy connection)"
104.238.117.191 - - [18/Feb/2020:03:10:50 -0700] "POST /wp-cron.php?doing_wp_cron=1582020650.7931900024414062500000 HTTP/1.1" 200 - "http://datostech.com/wp-cron.php?doing_wp_cron=1582020650.7931900024414062500000" "WordPress/5.3.2; http://datostech.com"
51.254.199.12 - - [18/Feb/2020:03:10:50 -0700] "GET /2019/wp-content/plugins/themegrill-demo-importer/assets/css/_animation.scss HTTP/1.1" 404 17752 "datostech.com" "Mozilla/5.1 (Windows NT 6.0; WOW64) AppleWebKit/537.37 (KHTML, like Gecko) Chrome/58.0.1145.75 Safari/537.37"
128.71.162.69 - - [18/Feb/2020:03:11:10 -0700] "GET /blog/2018/01/02/happy-new-year/ HTTP/1.0" 301 - "http://datostech.com/blog/2018/01/02/happy-new-year/" "Mozilla/5.0 (Windows NT 6.1; WOW64) AppleWebKit/537.36 (KHTML, like Gecko) Chrome/66.0.3359.170 Safari/537.36 OPR/53.0.2907.99"
128.71.162.69 - - [18/Feb/2020:03:11:11 -0700] "GET /2018/01/02/happy-new-year/ HTTP/1.0" 200 26144 "http://datostech.com/2018/01/02/happy-new-year/" "Mozilla/5.0 (Windows NT 6.1; WOW64) AppleWebKit/537.36 (KHTML, like Gecko) Chrome/66.0.3359.170 Safari/537.36 OPR/53.0.2907.99"
128.71.162.69 - - [18/Feb/2020:03:11:12 -0700] "GET /blog/ HTTP/1.0" 200 23646 "http://datostech.com/blog/" "Mozilla/5.0 (Windows NT 6.1; WOW64) AppleWebKit/537.36 (KHTML, like Gecko) Chrome/66.0.3359.170 Safari/537.36 OPR/53.0.2907.99"
185.173.35.41 - - [18/Feb/2020:03:11:37 -0700] "GET / HTTP/1.0" 301 - "-" "NetSystemsResearch studies the availability of various services across the internet. Our website is netsystemsresearch.com"
193.106.30.99 - - [18/Feb/2020:03:12:47 -0700] "POST /wp-content/plugins/contact-form-7/login.php?login=cmd HTTP/1.1" 404 17752 "-" "Mozilla/5.0 (Windows NT 6.1; Win64; x64) AppleWebKit/537.36 (KHTML, like Gecko) Chrome/73.0.3683.103 Safari/537.36"
193.57.40.38 - - [18/Feb/2020:03:13:06 -0700] "POST /vendor/phpunit/phpunit/src/Util/PHP/eval-stdin.php HTTP/1.1" 404 17803 "-" "Mozilla/5.0 (Windows NT 10.0; Win64; x64) AppleWebKit/537.36 (KHTML, like Gecko) Chrome/78.0.3904.108 Safari/537.36"
186.208.73.220 - - [18/Feb/2020:03:13:36 -0700] "GET / HTTP/1.1" 200 26783 "-" "Mozilla/5.0 (Macintosh; Intel Mac OS X 10_11_6) AppleWebKit/601.7.7 (KHTML, like Gecko) Version/9.1.2 Safari/601.7.7"
127.0.0.1 - - [18/Feb/2020:03:14:08 -0700] "OPTIONS * HTTP/1.0" 200 - "-" "Apache (internal dummy connection)"
127.0.0.1 - - [18/Feb/2020:03:18:06 -0700] "OPTIONS * HTTP/1.0" 200 - "-" "Apache (internal dummy connection)"
127.0.0.1 - - [18/Feb/2020:03:18:09 -0700] "OPTIONS * HTTP/1.0" 200 - "-" "Apache (internal dummy connection)"
164.132.44.97 - - [18/Feb/2020:03:18:40 -0700] "GET /cms/wp-content/plugins/themegrill-demo-importer/assets/css/_animation.scss HTTP/1.1" 404 17752 "datostech.com" "Mozilla/5.1 (Windows NT 6.0; WOW64) AppleWebKit/537.37 (KHTML, like Gecko) Chrome/58.0.1145.75 Safari/537.37"
127.0.0.1 - - [18/Feb/2020:03:18:45 -0700] "OPTIONS * HTTP/1.0" 200 - "-" "Apache (internal dummy connection)"
58.138.50.96 - - [18/Feb/2020:03:20:36 -0700] "GET /SOGo/so/tim.ducey@datostech.com/Mail HTTP/1.1" 302 - "-" "Mozilla/5.0 (Windows NT 6.3; Win64; x64) AppleWebKit/537.36 (KHTML, like Gecko) Chrome/80.0.3987.106 Safari/537.36"
58.138.50.96 - - [18/Feb/2020:03:20:36 -0700] "GET /SOGo/so/tim.ducey@datostech.com/Mail/view HTTP/1.1" 200 18020 "-" "Mozilla/5.0 (Windows NT 6.3; Win64; x64) AppleWebKit/537.36 (KHTML, like Gecko) Chrome/80.0.3987.106 Safari/537.36"
58.138.50.96 - - [18/Feb/2020:03:20:38 -0700] "GET /SOGo/so/tim.ducey@datostech.com/Calendar/alarmslist?browserTime=1582021237 HTTP/1.1" 200 63 "http://datostech.com/SOGo/so/tim.ducey@datostech.com/Mail/view" "Mozilla/5.0 (Windows NT 6.3; Win64; x64) AppleWebKit/537.36 (KHTML, like Gecko) Chrome/80.0.3987.106 Safari/537.36"
58.138.50.96 - - [18/Feb/2020:03:20:38 -0700] "GET /SOGo/so/tim.ducey@datostech.com/Mail/0/view HTTP/1.1" 200 1949 "http://datostech.com/SOGo/so/tim.ducey@datostech.com/Mail/view" "Mozilla/5.0 (Windows NT 6.3; Win64; x64) AppleWebKit/537.36 (KHTML, like Gecko) Chrome/80.0.3987.106 Safari/537.36"
58.138.50.96 - - [18/Feb/2020:03:20:38 -0700] "POST /SOGo/so/tim.ducey@datostech.com/Mail/0/folderINBOX/view HTTP/1.1" 200 263 "http://datostech.com/SOGo/so/tim.ducey@datostech.com/Mail/view" "Mozilla/5.0 (Windows NT 6.3; Win64; x64) AppleWebKit/537.36 (KHTML, like Gecko) Chrome/80.0.3987.106 Safari/537.36"
58.138.50.96 - - [18/Feb/2020:03:20:40 -0700] "POST /SOGo/so/tim.ducey@datostech.com/Mail/unseenCount HTTP/1.1" 200 21 "http://datostech.com/SOGo/so/tim.ducey@datostech.com/Mail/view" "Mozilla/5.0 (Windows NT 6.3; Win64; x64) AppleWebKit/537.36 (KHTML, like Gecko) Chrome/80.0.3987.106 Safari/537.36"
77.48.17.126 - - [18/Feb/2020:03:25:21 -0700] "GET / HTTP/1.1" 200 26783 "-" "Mozilla/5.0 (Windows NT 10.0; WOW64) AppleWebKit/537.36 (KHTML, like Gecko) Chrome/51.0.2704.103 Safari/537.36"
58.138.50.96 - - [18/Feb/2020:03:25:39 -0700] "POST /SOGo/so/tim.ducey@datostech.com/Mail/0/folderINBOX/view HTTP/1.1" 200 263 "http://datostech.com/SOGo/so/tim.ducey@datostech.com/Mail/view" "Mozilla/5.0 (Windows NT 6.3; Win64; x64) AppleWebKit/537.36 (KHTML, like Gecko) Chrome/80.0.3987.106 Safari/537.36"
58.138.50.96 - - [18/Feb/2020:03:25:40 -0700] "POST /SOGo/so/tim.ducey@datostech.com/Mail/unseenCount HTTP/1.1" 200 21 "http://datostech.com/SOGo/so/tim.ducey@datostech.com/Mail/view" "Mozilla/5.0 (Windows NT 6.3; Win64; x64) AppleWebKit/537.36 (KHTML, like Gecko) Chrome/80.0.3987.106 Safari/537.36"
5.135.138.188 - - [18/Feb/2020:03:30:20 -0700] "GET /1/wp-content/plugins/themegrill-demo-importer/assets/css/_animation.scss HTTP/1.1" 404 17752 "datostech.com" "Mozilla/5.1 (Windows NT 6.0; WOW64) AppleWebKit/537.37 (KHTML, like Gecko) Chrome/58.0.1145.75 Safari/537.37"
58.138.50.96 - - [18/Feb/2020:03:30:40 -0700] "POST /SOGo/so/tim.ducey@datostech.com/Mail/0/folderINBOX/view HTTP/1.1" 200 263 "http://datostech.com/SOGo/so/tim.ducey@datostech.com/Mail/view" "Mozilla/5.0 (Windows NT 6.3; Win64; x64) AppleWebKit/537.36 (KHTML, like Gecko) Chrome/80.0.3987.106 Safari/537.36"
58.138.50.96 - - [18/Feb/2020:03:30:41 -0700] "POST /SOGo/so/tim.ducey@datostech.com/Mail/unseenCount HTTP/1.1" 200 21 "http://datostech.com/SOGo/so/tim.ducey@datostech.com/Mail/view" "Mozilla/5.0 (Windows NT 6.3; Win64; x64) AppleWebKit/537.36 (KHTML, like Gecko) Chrome/80.0.3987.106 Safari/537.36"
58.138.50.96 - - [18/Feb/2020:03:35:40 -0700] "POST /SOGo/so/tim.ducey@datostech.com/Mail/0/folderINBOX/view HTTP/1.1" 200 263 "http://datostech.com/SOGo/so/tim.ducey@datostech.com/Mail/view" "Mozilla/5.0 (Windows NT 6.3; Win64; x64) AppleWebKit/537.36 (KHTML, like Gecko) Chrome/80.0.3987.106 Safari/537.36"
58.138.50.96 - - [18/Feb/2020:03:35:41 -0700] "POST /SOGo/so/tim.ducey@datostech.com/Mail/unseenCount HTTP/1.1" 200 21 "http://datostech.com/SOGo/so/tim.ducey@datostech.com/Mail/view" "Mozilla/5.0 (Windows NT 6.3; Win64; x64) AppleWebKit/537.36 (KHTML, like Gecko) Chrome/80.0.3987.106 Safari/537.36"
58.138.50.96 - - [18/Feb/2020:03:40:40 -0700] "POST /SOGo/so/tim.ducey@datostech.com/Mail/0/folderINBOX/view HTTP/1.1" 200 263 "http://datostech.com/SOGo/so/tim.ducey@datostech.com/Mail/view" "Mozilla/5.0 (Windows NT 6.3; Win64; x64) AppleWebKit/537.36 (KHTML, like Gecko) Chrome/80.0.3987.106 Safari/537.36"
58.138.50.96 - - [18/Feb/2020:03:40:42 -0700] "POST /SOGo/so/tim.ducey@datostech.com/Mail/unseenCount HTTP/1.1" 200 21 "http://datostech.com/SOGo/so/tim.ducey@datostech.com/Mail/view" "Mozilla/5.0 (Windows NT 6.3; Win64; x64) AppleWebKit/537.36 (KHTML, like Gecko) Chrome/80.0.3987.106 Safari/537.36"
127.0.0.1 - - [18/Feb/2020:03:41:17 -0700] "OPTIONS * HTTP/1.0" 200 - "-" "Apache (internal dummy connection)"
58.138.50.96 - - [18/Feb/2020:03:45:41 -0700] "POST /SOGo/so/tim.ducey@datostech.com/Mail/0/folderINBOX/view HTTP/1.1" 200 263 "http://datostech.com/SOGo/so/tim.ducey@datostech.com/Mail/view" "Mozilla/5.0 (Windows NT 6.3; Win64; x64) AppleWebKit/537.36 (KHTML, like Gecko) Chrome/80.0.3987.106 Safari/537.36"
58.138.50.96 - - [18/Feb/2020:03:45:43 -0700] "POST /SOGo/so/tim.ducey@datostech.com/Mail/unseenCount HTTP/1.1" 200 21 "http://datostech.com/SOGo/so/tim.ducey@datostech.com/Mail/view" "Mozilla/5.0 (Windows NT 6.3; Win64; x64) AppleWebKit/537.36 (KHTML, like Gecko) Chrome/80.0.3987.106 Safari/537.36"
58.138.50.96 - - [18/Feb/2020:03:50:41 -0700] "POST /SOGo/so/tim.ducey@datostech.com/Mail/0/folderINBOX/view HTTP/1.1" 200 263 "http://datostech.com/SOGo/so/tim.ducey@datostech.com/Mail/view" "Mozilla/5.0 (Windows NT 6.3; Win64; x64) AppleWebKit/537.36 (KHTML, like Gecko) Chrome/80.0.3987.106 Safari/537.36"
58.138.50.96 - - [18/Feb/2020:03:50:44 -0700] "POST /SOGo/so/tim.ducey@datostech.com/Mail/unseenCount HTTP/1.1" 200 21 "http://datostech.com/SOGo/so/tim.ducey@datostech.com/Mail/view" "Mozilla/5.0 (Windows NT 6.3; Win64; x64) AppleWebKit/537.36 (KHTML, like Gecko) Chrome/80.0.3987.106 Safari/537.36"
104.238.117.191 - - [18/Feb/2020:03:51:28 -0700] "POST /wp-cron.php?doing_wp_cron=1582023088.4787719249725341796875 HTTP/1.1" 200 - "http://datostech.com/wp-cron.php?doing_wp_cron=1582023088.4787719249725341796875" "WordPress/5.3.2; http://datostech.com"
181.84.44.169 - - [18/Feb/2020:03:51:28 -0700] "GET /wp-login.php HTTP/1.1" 200 7154 "-" "Mozilla/5.0 (X11; Ubuntu; Linux x86_64; rv:62.0) Gecko/20100101 Firefox/62.0"
181.84.44.169 - - [18/Feb/2020:03:51:29 -0700] "POST /wp-login.php HTTP/1.1" 200 7334 "-" "Mozilla/5.0 (X11; Ubuntu; Linux x86_64; rv:62.0) Gecko/20100101 Firefox/62.0"
181.84.44.169 - - [18/Feb/2020:03:51:30 -0700] "GET /wp-login.php HTTP/1.1" 200 7154 "-" "Mozilla/5.0 (X11; Ubuntu; Linux x86_64; rv:62.0) Gecko/20100101 Firefox/62.0"
181.84.44.169 - - [18/Feb/2020:03:51:31 -0700] "POST /wp-login.php HTTP/1.1" 200 8013 "-" "Mozilla/5.0 (X11; Ubuntu; Linux x86_64; rv:62.0) Gecko/20100101 Firefox/62.0"
181.84.44.169 - - [18/Feb/2020:03:51:32 -0700] "GET /wp-login.php HTTP/1.1" 200 7154 "-" "Mozilla/5.0 (X11; Ubuntu; Linux x86_64; rv:62.0) Gecko/20100101 Firefox/62.0"
181.84.44.169 - - [18/Feb/2020:03:51:33 -0700] "POST /wp-login.php HTTP/1.1" 200 8011 "-" "Mozilla/5.0 (X11; Ubuntu; Linux x86_64; rv:62.0) Gecko/20100101 Firefox/62.0"
181.84.44.169 - - [18/Feb/2020:03:51:35 -0700] "GET /wp-login.php HTTP/1.1" 200 7154 "-" "Mozilla/5.0 (X11; Ubuntu; Linux x86_64; rv:62.0) Gecko/20100101 Firefox/62.0"
181.84.44.169 - - [18/Feb/2020:03:51:36 -0700] "POST /wp-login.php HTTP/1.1" 200 8017 "-" "Mozilla/5.0 (X11; Ubuntu; Linux x86_64; rv:62.0) Gecko/20100101 Firefox/62.0"
181.84.44.169 - - [18/Feb/2020:03:51:37 -0700] "GET /wp-login.php HTTP/1.1" 200 7154 "-" "Mozilla/5.0 (X11; Ubuntu; Linux x86_64; rv:62.0) Gecko/20100101 Firefox/62.0"
181.84.44.169 - - [18/Feb/2020:03:51:39 -0700] "POST /wp-login.php HTTP/1.1" 200 8012 "-" "Mozilla/5.0 (X11; Ubuntu; Linux x86_64; rv:62.0) Gecko/20100101 Firefox/62.0"
181.84.44.169 - - [18/Feb/2020:03:51:40 -0700] "GET /wp-login.php HTTP/1.1" 200 7154 "-" "Mozilla/5.0 (X11; Ubuntu; Linux x86_64; rv:62.0) Gecko/20100101 Firefox/62.0"
181.84.44.169 - - [18/Feb/2020:03:51:41 -0700] "POST /wp-login.php HTTP/1.1" 200 8026 "-" "Mozilla/5.0 (X11; Ubuntu; Linux x86_64; rv:62.0) Gecko/20100101 Firefox/62.0"
181.84.44.169 - - [18/Feb/2020:03:51:42 -0700] "GET /wp-login.php HTTP/1.1" 200 7154 "-" "Mozilla/5.0 (X11; Ubuntu; Linux x86_64; rv:62.0) Gecko/20100101 Firefox/62.0"
181.84.44.169 - - [18/Feb/2020:03:51:43 -0700] "POST /wp-login.php HTTP/1.1" 200 8013 "-" "Mozilla/5.0 (X11; Ubuntu; Linux x86_64; rv:62.0) Gecko/20100101 Firefox/62.0"
181.84.44.169 - - [18/Feb/2020:03:51:45 -0700] "GET /wp-login.php HTTP/1.1" 200 7154 "-" "Mozilla/5.0 (X11; Ubuntu; Linux x86_64; rv:62.0) Gecko/20100101 Firefox/62.0"
181.84.44.169 - - [18/Feb/2020:03:51:46 -0700] "POST /wp-login.php HTTP/1.1" 200 8025 "-" "Mozilla/5.0 (X11; Ubuntu; Linux x86_64; rv:62.0) Gecko/20100101 Firefox/62.0"
181.84.44.169 - - [18/Feb/2020:03:51:46 -0700] "GET /wp-login.php HTTP/1.1" 200 7154 "-" "Mozilla/5.0 (X11; Ubuntu; Linux x86_64; rv:62.0) Gecko/20100101 Firefox/62.0"
181.84.44.169 - - [18/Feb/2020:03:51:47 -0700] "POST /wp-login.php HTTP/1.1" 200 8025 "-" "Mozilla/5.0 (X11; Ubuntu; Linux x86_64; rv:62.0) Gecko/20100101 Firefox/62.0"
181.84.44.169 - - [18/Feb/2020:03:51:48 -0700] "GET /wp-login.php HTTP/1.1" 200 7154 "-" "Mozilla/5.0 (X11; Ubuntu; Linux x86_64; rv:62.0) Gecko/20100101 Firefox/62.0"
181.84.44.169 - - [18/Feb/2020:03:51:49 -0700] "POST /wp-login.php HTTP/1.1" 200 8010 "-" "Mozilla/5.0 (X11; Ubuntu; Linux x86_64; rv:62.0) Gecko/20100101 Firefox/62.0"
58.138.50.96 - - [18/Feb/2020:03:55:41 -0700] "POST /SOGo/so/tim.ducey@datostech.com/Mail/0/folderINBOX/view HTTP/1.1" 200 263 "http://datostech.com/SOGo/so/tim.ducey@datostech.com/Mail/view" "Mozilla/5.0 (Windows NT 6.3; Win64; x64) AppleWebKit/537.36 (KHTML, like Gecko) Chrome/80.0.3987.106 Safari/537.36"
58.138.50.96 - - [18/Feb/2020:03:55:44 -0700] "POST /SOGo/so/tim.ducey@datostech.com/Mail/unseenCount HTTP/1.1" 200 21 "http://datostech.com/SOGo/so/tim.ducey@datostech.com/Mail/view" "Mozilla/5.0 (Windows NT 6.3; Win64; x64) AppleWebKit/537.36 (KHTML, like Gecko) Chrome/80.0.3987.106 Safari/537.36"
58.138.50.96 - - [18/Feb/2020:04:00:41 -0700] "POST /SOGo/so/tim.ducey@datostech.com/Mail/0/folderINBOX/view HTTP/1.1" 200 263 "http://datostech.com/SOGo/so/tim.ducey@datostech.com/Mail/view" "Mozilla/5.0 (Windows NT 6.3; Win64; x64) AppleWebKit/537.36 (KHTML, like Gecko) Chrome/80.0.3987.106 Safari/537.36"
58.138.50.96 - - [18/Feb/2020:04:00:44 -0700] "POST /SOGo/so/tim.ducey@datostech.com/Mail/unseenCount HTTP/1.1" 200 21 "http://datostech.com/SOGo/so/tim.ducey@datostech.com/Mail/view" "Mozilla/5.0 (Windows NT 6.3; Win64; x64) AppleWebKit/537.36 (KHTML, like Gecko) Chrome/80.0.3987.106 Safari/537.36"
193.57.40.38 - - [18/Feb/2020:04:01:59 -0700] "GET /solr/admin/info/system?wt=json HTTP/1.1" 301 - "-" "Mozilla/5.0 (Windows NT 10.0; Win64; x64) AppleWebKit/537.36 (KHTML, like Gecko) Chrome/78.0.3904.108 Safari/537.36"
193.57.40.38 - - [18/Feb/2020:04:02:03 -0700] "GET /solr/admin/info/system?wt=json HTTP/1.1" 404 17803 "http://104.238.117.191:80/solr/admin/info/system?wt=json" "Mozilla/5.0 (Windows NT 10.0; Win64; x64) AppleWebKit/537.36 (KHTML, like Gecko) Chrome/78.0.3904.108 Safari/537.36"
58.138.50.96 - - [18/Feb/2020:04:05:42 -0700] "POST /SOGo/so/tim.ducey@datostech.com/Mail/0/folderINBOX/view HTTP/1.1" 200 263 "http://datostech.com/SOGo/so/tim.ducey@datostech.com/Mail/view" "Mozilla/5.0 (Windows NT 6.3; Win64; x64) AppleWebKit/537.36 (KHTML, like Gecko) Chrome/80.0.3987.106 Safari/537.36"
58.138.50.96 - - [18/Feb/2020:04:05:44 -0700] "POST /SOGo/so/tim.ducey@datostech.com/Mail/unseenCount HTTP/1.1" 200 21 "http://datostech.com/SOGo/so/tim.ducey@datostech.com/Mail/view" "Mozilla/5.0 (Windows NT 6.3; Win64; x64) AppleWebKit/537.36 (KHTML, like Gecko) Chrome/80.0.3987.106 Safari/537.36"
127.0.0.1 - - [18/Feb/2020:04:07:21 -0700] "OPTIONS * HTTP/1.0" 200 - "-" "Apache (internal dummy connection)"
58.138.50.96 - - [18/Feb/2020:04:10:42 -0700] "POST /SOGo/so/tim.ducey@datostech.com/Mail/0/folderINBOX/view HTTP/1.1" 200 263 "http://datostech.com/SOGo/so/tim.ducey@datostech.com/Mail/view" "Mozilla/5.0 (Windows NT 6.3; Win64; x64) AppleWebKit/537.36 (KHTML, like Gecko) Chrome/80.0.3987.106 Safari/537.36"
58.138.50.96 - - [18/Feb/2020:04:10:45 -0700] "POST /SOGo/so/tim.ducey@datostech.com/Mail/unseenCount HTTP/1.1" 200 21 "http://datostech.com/SOGo/so/tim.ducey@datostech.com/Mail/view" "Mozilla/5.0 (Windows NT 6.3; Win64; x64) AppleWebKit/537.36 (KHTML, like Gecko) Chrome/80.0.3987.106 Safari/537.36"
58.138.50.96 - - [18/Feb/2020:04:15:42 -0700] "POST /SOGo/so/tim.ducey@datostech.com/Mail/0/folderINBOX/view HTTP/1.1" 200 263 "http://datostech.com/SOGo/so/tim.ducey@datostech.com/Mail/view" "Mozilla/5.0 (Windows NT 6.3; Win64; x64) AppleWebKit/537.36 (KHTML, like Gecko) Chrome/80.0.3987.106 Safari/537.36"
58.138.50.96 - - [18/Feb/2020:04:15:45 -0700] "POST /SOGo/so/tim.ducey@datostech.com/Mail/unseenCount HTTP/1.1" 200 21 "http://datostech.com/SOGo/so/tim.ducey@datostech.com/Mail/view" "Mozilla/5.0 (Windows NT 6.3; Win64; x64) AppleWebKit/537.36 (KHTML, like Gecko) Chrome/80.0.3987.106 Safari/537.36"
127.0.0.1 - - [18/Feb/2020:04:17:40 -0700] "OPTIONS * HTTP/1.0" 200 - "-" "Apache (internal dummy connection)"
167.114.103.130 - - [18/Feb/2020:04:18:05 -0700] "GET /?p=515 HTTP/1.1" 301 - "-" "8LEGS"
104.238.117.191 - - [18/Feb/2020:04:18:05 -0700] "POST /wp-cron.php?doing_wp_cron=1582024685.9366788864135742187500 HTTP/1.1" 200 - "http://datostech.com/wp-cron.php?doing_wp_cron=1582024685.9366788864135742187500" "WordPress/5.3.2; http://datostech.com"
167.114.103.130 - - [18/Feb/2020:04:18:05 -0700] "GET /author/daniel-vogel/ HTTP/1.1" 200 30553 "-" "8LEGS"
167.114.103.130 - - [18/Feb/2020:04:18:07 -0700] "GET /category/uncategorized/ HTTP/1.1" 200 24786 "-" "8LEGS"
167.114.103.130 - - [18/Feb/2020:04:19:07 -0700] "GET /?p=518 HTTP/1.1" 301 - "-" "8LEGS"
167.114.103.130 - - [18/Feb/2020:04:19:33 -0700] "GET /?p=336 HTTP/1.1" 301 - "-" "8LEGS"
127.0.0.1 - - [18/Feb/2020:04:19:42 -0700] "OPTIONS * HTTP/1.0" 200 - "-" "Apache (internal dummy connection)"
167.114.103.130 - - [18/Feb/2020:04:20:08 -0700] "GET /?p=135 HTTP/1.1" 301 - "-" "8LEGS"
167.114.103.130 - - [18/Feb/2020:04:20:13 -0700] "GET /?p=469 HTTP/1.1" 301 - "-" "8LEGS"
167.114.103.130 - - [18/Feb/2020:04:20:16 -0700] "GET /?p=55 HTTP/1.1" 301 - "-" "8LEGS"
167.114.103.130 - - [18/Feb/2020:04:20:42 -0700] "GET /?p=557 HTTP/1.1" 301 - "-" "8LEGS"
58.138.50.96 - - [18/Feb/2020:04:20:43 -0700] "POST /SOGo/so/tim.ducey@datostech.com/Mail/0/folderINBOX/view HTTP/1.1" 200 263 "http://datostech.com/SOGo/so/tim.ducey@datostech.com/Mail/view" "Mozilla/5.0 (Windows NT 6.3; Win64; x64) AppleWebKit/537.36 (KHTML, like Gecko) Chrome/80.0.3987.106 Safari/537.36"
58.138.50.96 - - [18/Feb/2020:04:20:45 -0700] "POST /SOGo/so/tim.ducey@datostech.com/Mail/unseenCount HTTP/1.1" 200 21 "http://datostech.com/SOGo/so/tim.ducey@datostech.com/Mail/view" "Mozilla/5.0 (Windows NT 6.3; Win64; x64) AppleWebKit/537.36 (KHTML, like Gecko) Chrome/80.0.3987.106 Safari/537.36"
167.114.103.130 - - [18/Feb/2020:04:20:51 -0700] "GET /category/techdocs/hp/ HTTP/1.1" 200 18993 "-" "8LEGS"
167.114.103.130 - - [18/Feb/2020:04:21:30 -0700] "GET /category/techdocs/ HTTP/1.1" 200 19014 "-" "8LEGS"
167.114.103.130 - - [18/Feb/2020:04:21:43 -0700] "GET /?p=454 HTTP/1.1" 301 - "-" "8LEGS"
167.114.103.130 - - [18/Feb/2020:04:21:43 -0700] "GET /category/admindocs/recruiting/ HTTP/1.1" 200 21118 "-" "8LEGS"
167.114.103.130 - - [18/Feb/2020:04:21:43 -0700] "GET /about/ HTTP/1.1" 200 24021 "-" "8LEGS"
167.114.103.130 - - [18/Feb/2020:04:21:59 -0700] "GET /?p=496 HTTP/1.1" 301 - "-" "8LEGS"
167.114.103.130 - - [18/Feb/2020:04:22:16 -0700] "GET /?p=506 HTTP/1.1" 301 - "-" "8LEGS"
58.138.50.96 - - [18/Feb/2020:04:25:43 -0700] "POST /SOGo/so/tim.ducey@datostech.com/Mail/0/folderINBOX/view HTTP/1.1" 200 263 "http://datostech.com/SOGo/so/tim.ducey@datostech.com/Mail/view" "Mozilla/5.0 (Windows NT 6.3; Win64; x64) AppleWebKit/537.36 (KHTML, like Gecko) Chrome/80.0.3987.106 Safari/537.36"
58.138.50.96 - - [18/Feb/2020:04:25:46 -0700] "POST /SOGo/so/tim.ducey@datostech.com/Mail/unseenCount HTTP/1.1" 200 21 "http://datostech.com/SOGo/so/tim.ducey@datostech.com/Mail/view" "Mozilla/5.0 (Windows NT 6.3; Win64; x64) AppleWebKit/537.36 (KHTML, like Gecko) Chrome/80.0.3987.106 Safari/537.36"
209.17.96.26 - - [18/Feb/2020:04:30:03 -0700] "GET / HTTP/1.1" 200 26732 "-" "Mozilla/5.0 (compatible; Nimbostratus-Bot/v1.3.2; http://cloudsystemnetworks.com)"
58.138.50.96 - - [18/Feb/2020:04:30:44 -0700] "POST /SOGo/so/tim.ducey@datostech.com/Mail/0/folderINBOX/view HTTP/1.1" 200 263 "http://datostech.com/SOGo/so/tim.ducey@datostech.com/Mail/view" "Mozilla/5.0 (Windows NT 6.3; Win64; x64) AppleWebKit/537.36 (KHTML, like Gecko) Chrome/80.0.3987.106 Safari/537.36"
58.138.50.96 - - [18/Feb/2020:04:30:46 -0700] "POST /SOGo/so/tim.ducey@datostech.com/Mail/unseenCount HTTP/1.1" 200 21 "http://datostech.com/SOGo/so/tim.ducey@datostech.com/Mail/view" "Mozilla/5.0 (Windows NT 6.3; Win64; x64) AppleWebKit/537.36 (KHTML, like Gecko) Chrome/80.0.3987.106 Safari/537.36"
127.0.0.1 - - [18/Feb/2020:04:30:54 -0700] "OPTIONS * HTTP/1.0" 200 - "-" "Apache (internal dummy connection)"
193.57.40.38 - - [18/Feb/2020:04:31:28 -0700] "GET /index.php?s=/Index/\\think\\app/invokefunction&function=call_user_func_array&vars[0]=md5&vars[1][]=HelloThinkPHP HTTP/1.1" 200 18002 "-" "Mozilla/5.0 (Windows NT 10.0; Win64; x64) AppleWebKit/537.36 (KHTML, like Gecko) Chrome/78.0.3904.108 Safari/537.36"
58.138.50.96 - - [18/Feb/2020:04:35:44 -0700] "POST /SOGo/so/tim.ducey@datostech.com/Mail/0/folderINBOX/view HTTP/1.1" 200 263 "http://datostech.com/SOGo/so/tim.ducey@datostech.com/Mail/view" "Mozilla/5.0 (Windows NT 6.3; Win64; x64) AppleWebKit/537.36 (KHTML, like Gecko) Chrome/80.0.3987.106 Safari/537.36"
58.138.50.96 - - [18/Feb/2020:04:35:47 -0700] "POST /SOGo/so/tim.ducey@datostech.com/Mail/unseenCount HTTP/1.1" 200 21 "http://datostech.com/SOGo/so/tim.ducey@datostech.com/Mail/view" "Mozilla/5.0 (Windows NT 6.3; Win64; x64) AppleWebKit/537.36 (KHTML, like Gecko) Chrome/80.0.3987.106 Safari/537.36"
58.138.50.96 - - [18/Feb/2020:04:40:45 -0700] "POST /SOGo/so/tim.ducey@datostech.com/Mail/0/folderINBOX/view HTTP/1.1" 200 263 "http://datostech.com/SOGo/so/tim.ducey@datostech.com/Mail/view" "Mozilla/5.0 (Windows NT 6.3; Win64; x64) AppleWebKit/537.36 (KHTML, like Gecko) Chrome/80.0.3987.106 Safari/537.36"
58.138.50.96 - - [18/Feb/2020:04:40:47 -0700] "POST /SOGo/so/tim.ducey@datostech.com/Mail/unseenCount HTTP/1.1" 200 21 "http://datostech.com/SOGo/so/tim.ducey@datostech.com/Mail/view" "Mozilla/5.0 (Windows NT 6.3; Win64; x64) AppleWebKit/537.36 (KHTML, like Gecko) Chrome/80.0.3987.106 Safari/537.36"
58.138.50.96 - - [18/Feb/2020:04:45:45 -0700] "POST /SOGo/so/tim.ducey@datostech.com/Mail/0/folderINBOX/view HTTP/1.1" 200 263 "http://datostech.com/SOGo/so/tim.ducey@datostech.com/Mail/view" "Mozilla/5.0 (Windows NT 6.3; Win64; x64) AppleWebKit/537.36 (KHTML, like Gecko) Chrome/80.0.3987.106 Safari/537.36"
58.138.50.96 - - [18/Feb/2020:04:45:48 -0700] "POST /SOGo/so/tim.ducey@datostech.com/Mail/unseenCount HTTP/1.1" 200 21 "http://datostech.com/SOGo/so/tim.ducey@datostech.com/Mail/view" "Mozilla/5.0 (Windows NT 6.3; Win64; x64) AppleWebKit/537.36 (KHTML, like Gecko) Chrome/80.0.3987.106 Safari/537.36"
58.138.50.96 - - [18/Feb/2020:04:50:45 -0700] "POST /SOGo/so/tim.ducey@datostech.com/Mail/0/folderINBOX/view HTTP/1.1" 200 263 "http://datostech.com/SOGo/so/tim.ducey@datostech.com/Mail/view" "Mozilla/5.0 (Windows NT 6.3; Win64; x64) AppleWebKit/537.36 (KHTML, like Gecko) Chrome/80.0.3987.106 Safari/537.36"
58.138.50.96 - - [18/Feb/2020:04:50:48 -0700] "POST /SOGo/so/tim.ducey@datostech.com/Mail/unseenCount HTTP/1.1" 200 21 "http://datostech.com/SOGo/so/tim.ducey@datostech.com/Mail/view" "Mozilla/5.0 (Windows NT 6.3; Win64; x64) AppleWebKit/537.36 (KHTML, like Gecko) Chrome/80.0.3987.106 Safari/537.36"
118.240.161.194 - - [18/Feb/2020:04:53:44 -0700] "GET /SOGo.woa/WebServerResources/js/Scheduler.services.js?lm=1524167656 HTTP/1.1" 200 76298 "http://datostech.com/SOGo/so/albert.mccarther@datostech.com/Mail/view" "Mozilla/5.0 (Macintosh; Intel Mac OS X 10_15_2) AppleWebKit/605.1.15 (KHTML, like Gecko) Version/13.0.4 Safari/605.1.15"
118.240.161.194 - - [18/Feb/2020:04:53:44 -0700] "GET /SOGo.woa/WebServerResources/js/vendor/angular-aria.min.js HTTP/1.1" 200 3876 "http://datostech.com/SOGo/so/albert.mccarther@datostech.com/Mail/view" "Mozilla/5.0 (Macintosh; Intel Mac OS X 10_15_2) AppleWebKit/605.1.15 (KHTML, like Gecko) Version/13.0.4 Safari/605.1.15"
118.240.161.194 - - [18/Feb/2020:04:53:44 -0700] "GET /SOGo.woa/WebServerResources/js/vendor/angular-file-upload.min.js?lm=1524167656 HTTP/1.1" 200 22753 "http://datostech.com/SOGo/so/albert.mccarther@datostech.com/Mail/view" "Mozilla/5.0 (Macintosh; Intel Mac OS X 10_15_2) AppleWebKit/605.1.15 (KHTML, like Gecko) Version/13.0.4 Safari/605.1.15"
118.240.161.194 - - [18/Feb/2020:04:53:45 -0700] "GET /SOGo.woa/WebServerResources/js/vendor/angular-messages.min.js HTTP/1.1" 200 3026 "http://datostech.com/SOGo/so/albert.mccarther@datostech.com/Mail/view" "Mozilla/5.0 (Macintosh; Intel Mac OS X 10_15_2) AppleWebKit/605.1.15 (KHTML, like Gecko) Version/13.0.4 Safari/605.1.15"
118.240.161.194 - - [18/Feb/2020:04:53:44 -0700] "GET /SOGo.woa/WebServerResources/fonts/FiraSans-Regular.woff HTTP/1.1" 200 183268 "http://datostech.com/SOGo/so/albert.mccarther@datostech.com/Mail/view" "Mozilla/5.0 (Macintosh; Intel Mac OS X 10_15_2) AppleWebKit/605.1.15 (KHTML, like Gecko) Version/13.0.4 Safari/605.1.15"
118.240.161.194 - - [18/Feb/2020:04:53:45 -0700] "GET /SOGo/so/albert.mccarther@datostech.com/Mail HTTP/1.1" 302 - "-" "Mozilla/5.0 (Macintosh; Intel Mac OS X 10_15_2) AppleWebKit/605.1.15 (KHTML, like Gecko) Version/13.0.4 Safari/605.1.15"
118.240.161.194 - - [18/Feb/2020:04:53:46 -0700] "GET /SOGo/so/albert.mccarther@datostech.com/Mail/view HTTP/1.1" 200 18029 "-" "Mozilla/5.0 (Macintosh; Intel Mac OS X 10_15_2) AppleWebKit/605.1.15 (KHTML, like Gecko) Version/13.0.4 Safari/605.1.15"
118.240.161.194 - - [18/Feb/2020:04:53:46 -0700] "GET /SOGo/so/albert.mccarther@datostech.com/Calendar/alarmslist?browserTime=1582026826 HTTP/1.1" 200 63 "http://datostech.com/SOGo/so/albert.mccarther@datostech.com/Mail/view" "Mozilla/5.0 (Macintosh; Intel Mac OS X 10_15_2) AppleWebKit/605.1.15 (KHTML, like Gecko) Version/13.0.4 Safari/605.1.15"
118.240.161.194 - - [18/Feb/2020:04:53:46 -0700] "GET /SOGo.woa/WebServerResources/img/sogo.ico?lm=1524167656 HTTP/1.1" 200 4887 "http://datostech.com/SOGo/so/albert.mccarther@datostech.com/Mail/view" "Mozilla/5.0 (Macintosh; Intel Mac OS X 10_15_2) AppleWebKit/605.1.15 (KHTML, like Gecko) Version/13.0.4 Safari/605.1.15"
118.240.161.194 - - [18/Feb/2020:04:53:46 -0700] "GET /SOGo/so/albert.mccarther@datostech.com/Mail/0/view HTTP/1.1" 200 1841 "http://datostech.com/SOGo/so/albert.mccarther@datostech.com/Mail/view" "Mozilla/5.0 (Macintosh; Intel Mac OS X 10_15_2) AppleWebKit/605.1.15 (KHTML, like Gecko) Version/13.0.4 Safari/605.1.15"
118.240.161.194 - - [18/Feb/2020:04:53:47 -0700] "POST /SOGo/so/albert.mccarther@datostech.com/Mail/0/folderINBOX/view HTTP/1.1" 200 1501 "http://datostech.com/SOGo/so/albert.mccarther@datostech.com/Mail/view" "Mozilla/5.0 (Macintosh; Intel Mac OS X 10_15_2) AppleWebKit/605.1.15 (KHTML, like Gecko) Version/13.0.4 Safari/605.1.15"
118.240.161.194 - - [18/Feb/2020:04:53:48 -0700] "POST /SOGo/so/albert.mccarther@datostech.com/Mail/unseenCount HTTP/1.1" 200 21 "http://datostech.com/SOGo/so/albert.mccarther@datostech.com/Mail/view" "Mozilla/5.0 (Macintosh; Intel Mac OS X 10_15_2) AppleWebKit/605.1.15 (KHTML, like Gecko) Version/13.0.4 Safari/605.1.15"
118.240.161.194 - - [18/Feb/2020:04:53:57 -0700] "POST /SOGo/so/albert.mccarther@datostech.com/Mail/0/folderGuides_SP_and_SP_Reference/view HTTP/1.1" 200 14346 "http://datostech.com/SOGo/so/albert.mccarther@datostech.com/Mail/view" "Mozilla/5.0 (Macintosh; Intel Mac OS X 10_15_2) AppleWebKit/605.1.15 (KHTML, like Gecko) Version/13.0.4 Safari/605.1.15"
118.240.161.194 - - [18/Feb/2020:04:54:02 -0700] "GET /SOGo/so/albert.mccarther@datostech.com/Mail/0/folderGuides_SP_and_SP_Reference/32/view HTTP/1.1" 200 6133 "http://datostech.com/SOGo/so/albert.mccarther@datostech.com/Mail/view" "Mozilla/5.0 (Macintosh; Intel Mac OS X 10_15_2) AppleWebKit/605.1.15 (KHTML, like Gecko) Version/13.0.4 Safari/605.1.15"
118.240.161.194 - - [18/Feb/2020:04:54:29 -0700] "GET /SOGo/so/albert.mccarther@datostech.com/Mail/0/folderGuides_SP_and_SP_Reference/34/view HTTP/1.1" 200 8232 "http://datostech.com/SOGo/so/albert.mccarther@datostech.com/Mail/view" "Mozilla/5.0 (Macintosh; Intel Mac OS X 10_15_2) AppleWebKit/605.1.15 (KHTML, like Gecko) Version/13.0.4 Safari/605.1.15"
118.240.161.194 - - [18/Feb/2020:04:54:30 -0700] "GET /SOGo.woa/WebServerResources/fonts/FiraSans-BookItalic.woff HTTP/1.1" 200 195408 "http://datostech.com/SOGo/so/albert.mccarther@datostech.com/Mail/view" "Mozilla/5.0 (Macintosh; Intel Mac OS X 10_15_2) AppleWebKit/605.1.15 (KHTML, like Gecko) Version/13.0.4 Safari/605.1.15"
118.240.161.194 - - [18/Feb/2020:04:54:56 -0700] "GET /SOGo/so/albert.mccarther@datostech.com/Mail/0/folderGuides_SP_and_SP_Reference/30/view HTTP/1.1" 200 10676 "http://datostech.com/SOGo/so/albert.mccarther@datostech.com/Mail/view" "Mozilla/5.0 (Macintosh; Intel Mac OS X 10_15_2) AppleWebKit/605.1.15 (KHTML, like Gecko) Version/13.0.4 Safari/605.1.15"
58.138.50.96 - - [18/Feb/2020:04:55:45 -0700] "POST /SOGo/so/tim.ducey@datostech.com/Mail/0/folderINBOX/view HTTP/1.1" 200 263 "http://datostech.com/SOGo/so/tim.ducey@datostech.com/Mail/view" "Mozilla/5.0 (Windows NT 6.3; Win64; x64) AppleWebKit/537.36 (KHTML, like Gecko) Chrome/80.0.3987.106 Safari/537.36"
58.138.50.96 - - [18/Feb/2020:04:55:48 -0700] "POST /SOGo/so/tim.ducey@datostech.com/Mail/unseenCount HTTP/1.1" 200 21 "http://datostech.com/SOGo/so/tim.ducey@datostech.com/Mail/view" "Mozilla/5.0 (Windows NT 6.3; Win64; x64) AppleWebKit/537.36 (KHTML, like Gecko) Chrome/80.0.3987.106 Safari/537.36"
118.240.161.194 - - [18/Feb/2020:04:58:48 -0700] "POST /SOGo/so/albert.mccarther@datostech.com/Mail/unseenCount HTTP/1.1" 200 63 "http://datostech.com/SOGo/so/albert.mccarther@datostech.com/Mail/view" "Mozilla/5.0 (Macintosh; Intel Mac OS X 10_15_2) AppleWebKit/605.1.15 (KHTML, like Gecko) Version/13.0.4 Safari/605.1.15"
118.240.161.194 - - [18/Feb/2020:04:58:56 -0700] "POST /SOGo/so/albert.mccarther@datostech.com/Mail/0/folderGuides_SP_and_SP_Reference/view HTTP/1.1" 200 14346 "http://datostech.com/SOGo/so/albert.mccarther@datostech.com/Mail/view" "Mozilla/5.0 (Macintosh; Intel Mac OS X 10_15_2) AppleWebKit/605.1.15 (KHTML, like Gecko) Version/13.0.4 Safari/605.1.15"
193.106.30.99 - - [18/Feb/2020:05:00:10 -0700] "POST /wp-content/plugins/contact-form-7/wp-contact-form-7.php HTTP/1.1" 500 - "-" "Mozilla/5.0 (Windows NT 6.1; Win64; x64) AppleWebKit/537.36 (KHTML, like Gecko) Chrome/73.0.3683.103 Safari/537.36"
58.138.50.96 - - [18/Feb/2020:05:00:46 -0700] "POST /SOGo/so/tim.ducey@datostech.com/Mail/0/folderINBOX/view HTTP/1.1" 200 263 "http://datostech.com/SOGo/so/tim.ducey@datostech.com/Mail/view" "Mozilla/5.0 (Windows NT 6.3; Win64; x64) AppleWebKit/537.36 (KHTML, like Gecko) Chrome/80.0.3987.106 Safari/537.36"
58.138.50.96 - - [18/Feb/2020:05:00:48 -0700] "POST /SOGo/so/tim.ducey@datostech.com/Mail/unseenCount HTTP/1.1" 200 21 "http://datostech.com/SOGo/so/tim.ducey@datostech.com/Mail/view" "Mozilla/5.0 (Windows NT 6.3; Win64; x64) AppleWebKit/537.36 (KHTML, like Gecko) Chrome/80.0.3987.106 Safari/537.36"
118.240.161.194 - - [18/Feb/2020:05:00:49 -0700] "GET /SOGo/so/albert.mccarther@datostech.com/Mail/0/folderGuides_SP_and_SP_Reference/32/view HTTP/1.1" 200 6133 "http://datostech.com/SOGo/so/albert.mccarther@datostech.com/Mail/view" "Mozilla/5.0 (Macintosh; Intel Mac OS X 10_15_2) AppleWebKit/605.1.15 (KHTML, like Gecko) Version/13.0.4 Safari/605.1.15"
118.240.161.194 - - [18/Feb/2020:05:00:58 -0700] "GET /SOGo/so/albert.mccarther@datostech.com/Mail/0/folderGuides_SP_and_SP_Reference/33/view HTTP/1.1" 200 8154 "http://datostech.com/SOGo/so/albert.mccarther@datostech.com/Mail/view" "Mozilla/5.0 (Macintosh; Intel Mac OS X 10_15_2) AppleWebKit/605.1.15 (KHTML, like Gecko) Version/13.0.4 Safari/605.1.15"
118.240.161.194 - - [18/Feb/2020:05:01:07 -0700] "GET /SOGo/so/albert.mccarther@datostech.com/Mail/0/folderGuides_SP_and_SP_Reference/34/view HTTP/1.1" 200 8232 "http://datostech.com/SOGo/so/albert.mccarther@datostech.com/Mail/view" "Mozilla/5.0 (Macintosh; Intel Mac OS X 10_15_2) AppleWebKit/605.1.15 (KHTML, like Gecko) Version/13.0.4 Safari/605.1.15"
118.240.161.194 - - [18/Feb/2020:05:01:22 -0700] "GET /SOGo/so/albert.mccarther@datostech.com/Mail/0/folderGuides_SP_and_SP_Reference/30/view HTTP/1.1" 200 10676 "http://datostech.com/SOGo/so/albert.mccarther@datostech.com/Mail/view" "Mozilla/5.0 (Macintosh; Intel Mac OS X 10_15_2) AppleWebKit/605.1.15 (KHTML, like Gecko) Version/13.0.4 Safari/605.1.15"
118.240.161.194 - - [18/Feb/2020:05:03:48 -0700] "POST /SOGo/so/albert.mccarther@datostech.com/Mail/unseenCount HTTP/1.1" 200 63 "http://datostech.com/SOGo/so/albert.mccarther@datostech.com/Mail/view" "Mozilla/5.0 (Macintosh; Intel Mac OS X 10_15_2) AppleWebKit/605.1.15 (KHTML, like Gecko) Version/13.0.4 Safari/605.1.15"
118.240.161.194 - - [18/Feb/2020:05:03:57 -0700] "POST /SOGo/so/albert.mccarther@datostech.com/Mail/0/folderGuides_SP_and_SP_Reference/view HTTP/1.1" 200 14346 "http://datostech.com/SOGo/so/albert.mccarther@datostech.com/Mail/view" "Mozilla/5.0 (Macintosh; Intel Mac OS X 10_15_2) AppleWebKit/605.1.15 (KHTML, like Gecko) Version/13.0.4 Safari/605.1.15"
118.240.161.194 - - [18/Feb/2020:05:03:58 -0700] "GET /SOGo/so/albert.mccarther@datostech.com/Mail/0/folderGuides_SP_and_SP_Reference/34/view HTTP/1.1" 200 8232 "http://datostech.com/SOGo/so/albert.mccarther@datostech.com/Mail/view" "Mozilla/5.0 (Macintosh; Intel Mac OS X 10_15_2) AppleWebKit/605.1.15 (KHTML, like Gecko) Version/13.0.4 Safari/605.1.15"
118.240.161.194 - - [18/Feb/2020:05:04:01 -0700] "GET /SOGo/so/albert.mccarther@datostech.com/Mail/0/folderGuides_SP_and_SP_Reference/30/view HTTP/1.1" 200 10676 "http://datostech.com/SOGo/so/albert.mccarther@datostech.com/Mail/view" "Mozilla/5.0 (Macintosh; Intel Mac OS X 10_15_2) AppleWebKit/605.1.15 (KHTML, like Gecko) Version/13.0.4 Safari/605.1.15"
58.138.50.96 - - [18/Feb/2020:05:05:46 -0700] "POST /SOGo/so/tim.ducey@datostech.com/Mail/0/folderINBOX/view HTTP/1.1" 200 263 "http://datostech.com/SOGo/so/tim.ducey@datostech.com/Mail/view" "Mozilla/5.0 (Windows NT 6.3; Win64; x64) AppleWebKit/537.36 (KHTML, like Gecko) Chrome/80.0.3987.106 Safari/537.36"
58.138.50.96 - - [18/Feb/2020:05:05:49 -0700] "POST /SOGo/so/tim.ducey@datostech.com/Mail/unseenCount HTTP/1.1" 200 21 "http://datostech.com/SOGo/so/tim.ducey@datostech.com/Mail/view" "Mozilla/5.0 (Windows NT 6.3; Win64; x64) AppleWebKit/537.36 (KHTML, like Gecko) Chrome/80.0.3987.106 Safari/537.36"
118.240.161.194 - - [18/Feb/2020:05:08:48 -0700] "POST /SOGo/so/albert.mccarther@datostech.com/Mail/unseenCount HTTP/1.1" 200 63 "http://datostech.com/SOGo/so/albert.mccarther@datostech.com/Mail/view" "Mozilla/5.0 (Macintosh; Intel Mac OS X 10_15_2) AppleWebKit/605.1.15 (KHTML, like Gecko) Version/13.0.4 Safari/605.1.15"
118.240.161.194 - - [18/Feb/2020:05:08:57 -0700] "POST /SOGo/so/albert.mccarther@datostech.com/Mail/0/folderGuides_SP_and_SP_Reference/view HTTP/1.1" 200 14346 "http://datostech.com/SOGo/so/albert.mccarther@datostech.com/Mail/view" "Mozilla/5.0 (Macintosh; Intel Mac OS X 10_15_2) AppleWebKit/605.1.15 (KHTML, like Gecko) Version/13.0.4 Safari/605.1.15"
58.138.50.96 - - [18/Feb/2020:05:10:47 -0700] "POST /SOGo/so/tim.ducey@datostech.com/Mail/0/folderINBOX/view HTTP/1.1" 200 263 "http://datostech.com/SOGo/so/tim.ducey@datostech.com/Mail/view" "Mozilla/5.0 (Windows NT 6.3; Win64; x64) AppleWebKit/537.36 (KHTML, like Gecko) Chrome/80.0.3987.106 Safari/537.36"
58.138.50.96 - - [18/Feb/2020:05:10:49 -0700] "POST /SOGo/so/tim.ducey@datostech.com/Mail/unseenCount HTTP/1.1" 200 21 "http://datostech.com/SOGo/so/tim.ducey@datostech.com/Mail/view" "Mozilla/5.0 (Windows NT 6.3; Win64; x64) AppleWebKit/537.36 (KHTML, like Gecko) Chrome/80.0.3987.106 Safari/537.36"
104.238.117.191 - - [18/Feb/2020:05:13:02 -0700] "POST /wp-cron.php?doing_wp_cron=1582027982.8839550018310546875000 HTTP/1.1" 200 - "http://datostech.com/wp-cron.php?doing_wp_cron=1582027982.8839550018310546875000" "WordPress/5.3.2; http://datostech.com"
193.57.40.38 - - [18/Feb/2020:05:13:02 -0700] "GET /?XDEBUG_SESSION_START=phpstorm HTTP/1.1" 200 26783 "-" "Mozilla/5.0 (Windows NT 10.0; Win64; x64) AppleWebKit/537.36 (KHTML, like Gecko) Chrome/78.0.3904.108 Safari/537.36"
118.240.161.194 - - [18/Feb/2020:05:13:48 -0700] "POST /SOGo/so/albert.mccarther@datostech.com/Mail/unseenCount HTTP/1.1" 200 63 "http://datostech.com/SOGo/so/albert.mccarther@datostech.com/Mail/view" "Mozilla/5.0 (Macintosh; Intel Mac OS X 10_15_2) AppleWebKit/605.1.15 (KHTML, like Gecko) Version/13.0.4 Safari/605.1.15"
118.240.161.194 - - [18/Feb/2020:05:13:57 -0700] "POST /SOGo/so/albert.mccarther@datostech.com/Mail/0/folderGuides_SP_and_SP_Reference/view HTTP/1.1" 200 14346 "http://datostech.com/SOGo/so/albert.mccarther@datostech.com/Mail/view" "Mozilla/5.0 (Macintosh; Intel Mac OS X 10_15_2) AppleWebKit/605.1.15 (KHTML, like Gecko) Version/13.0.4 Safari/605.1.15"
58.138.50.96 - - [18/Feb/2020:05:15:48 -0700] "POST /SOGo/so/tim.ducey@datostech.com/Mail/0/folderINBOX/view HTTP/1.1" 200 263 "http://datostech.com/SOGo/so/tim.ducey@datostech.com/Mail/view" "Mozilla/5.0 (Windows NT 6.3; Win64; x64) AppleWebKit/537.36 (KHTML, like Gecko) Chrome/80.0.3987.106 Safari/537.36"
58.138.50.96 - - [18/Feb/2020:05:15:50 -0700] "POST /SOGo/so/tim.ducey@datostech.com/Mail/unseenCount HTTP/1.1" 200 21 "http://datostech.com/SOGo/so/tim.ducey@datostech.com/Mail/view" "Mozilla/5.0 (Windows NT 6.3; Win64; x64) AppleWebKit/537.36 (KHTML, like Gecko) Chrome/80.0.3987.106 Safari/537.36"
31.176.129.175 - - [18/Feb/2020:05:18:43 -0700] "GET / HTTP/1.1" 200 26783 "-" "Mozilla/5.0 (Windows NT 6.1; WOW64) AppleWebKit/537.36 (KHTML, like Gecko) Chrome/51.0.2704.103 Safari/537.36"
118.240.161.194 - - [18/Feb/2020:05:18:56 -0700] "POST /SOGo/so/albert.mccarther@datostech.com/Mail/unseenCount HTTP/1.1" 200 63 "http://datostech.com/SOGo/so/albert.mccarther@datostech.com/Mail/view" "Mozilla/5.0 (Macintosh; Intel Mac OS X 10_15_2) AppleWebKit/605.1.15 (KHTML, like Gecko) Version/13.0.4 Safari/605.1.15"
118.240.161.194 - - [18/Feb/2020:05:18:57 -0700] "POST /SOGo/so/albert.mccarther@datostech.com/Mail/0/folderGuides_SP_and_SP_Reference/view HTTP/1.1" 200 14346 "http://datostech.com/SOGo/so/albert.mccarther@datostech.com/Mail/view" "Mozilla/5.0 (Macintosh; Intel Mac OS X 10_15_2) AppleWebKit/605.1.15 (KHTML, like Gecko) Version/13.0.4 Safari/605.1.15"
127.0.0.1 - - [18/Feb/2020:05:20:30 -0700] "OPTIONS * HTTP/1.0" 200 - "-" "Apache (internal dummy connection)"
127.0.0.1 - - [18/Feb/2020:05:20:44 -0700] "OPTIONS * HTTP/1.0" 200 - "-" "Apache (internal dummy connection)"
127.0.0.1 - - [18/Feb/2020:05:20:45 -0700] "OPTIONS * HTTP/1.0" 200 - "-" "Apache (internal dummy connection)"
58.138.50.96 - - [18/Feb/2020:05:20:47 -0700] "POST /SOGo/so/tim.ducey@datostech.com/Mail/0/folderINBOX/view HTTP/1.1" 200 263 "http://datostech.com/SOGo/so/tim.ducey@datostech.com/Mail/view" "Mozilla/5.0 (Windows NT 6.3; Win64; x64) AppleWebKit/537.36 (KHTML, like Gecko) Chrome/80.0.3987.106 Safari/537.36"
58.138.50.96 - - [18/Feb/2020:05:20:50 -0700] "POST /SOGo/so/tim.ducey@datostech.com/Mail/unseenCount HTTP/1.1" 200 21 "http://datostech.com/SOGo/so/tim.ducey@datostech.com/Mail/view" "Mozilla/5.0 (Windows NT 6.3; Win64; x64) AppleWebKit/537.36 (KHTML, like Gecko) Chrome/80.0.3987.106 Safari/537.36"
118.240.161.194 - - [18/Feb/2020:05:23:59 -0700] "POST /SOGo/so/albert.mccarther@datostech.com/Mail/unseenCount HTTP/1.1" 200 63 "http://datostech.com/SOGo/so/albert.mccarther@datostech.com/Mail/view" "Mozilla/5.0 (Macintosh; Intel Mac OS X 10_15_2) AppleWebKit/605.1.15 (KHTML, like Gecko) Version/13.0.4 Safari/605.1.15"
118.240.161.194 - - [18/Feb/2020:05:23:59 -0700] "POST /SOGo/so/albert.mccarther@datostech.com/Mail/0/folderGuides_SP_and_SP_Reference/view HTTP/1.1" 200 14346 "http://datostech.com/SOGo/so/albert.mccarther@datostech.com/Mail/view" "Mozilla/5.0 (Macintosh; Intel Mac OS X 10_15_2) AppleWebKit/605.1.15 (KHTML, like Gecko) Version/13.0.4 Safari/605.1.15"
58.138.50.96 - - [18/Feb/2020:05:25:48 -0700] "POST /SOGo/so/tim.ducey@datostech.com/Mail/0/folderINBOX/view HTTP/1.1" 200 263 "http://datostech.com/SOGo/so/tim.ducey@datostech.com/Mail/view" "Mozilla/5.0 (Windows NT 6.3; Win64; x64) AppleWebKit/537.36 (KHTML, like Gecko) Chrome/80.0.3987.106 Safari/537.36"
58.138.50.96 - - [18/Feb/2020:05:25:51 -0700] "POST /SOGo/so/tim.ducey@datostech.com/Mail/unseenCount HTTP/1.1" 200 21 "http://datostech.com/SOGo/so/tim.ducey@datostech.com/Mail/view" "Mozilla/5.0 (Windows NT 6.3; Win64; x64) AppleWebKit/537.36 (KHTML, like Gecko) Chrome/80.0.3987.106 Safari/537.36"
127.0.0.1 - - [18/Feb/2020:05:28:18 -0700] "OPTIONS * HTTP/1.0" 200 - "-" "Apache (internal dummy connection)"
127.0.0.1 - - [18/Feb/2020:05:28:19 -0700] "OPTIONS * HTTP/1.0" 200 - "-" "Apache (internal dummy connection)"
118.240.161.194 - - [18/Feb/2020:05:28:59 -0700] "POST /SOGo/so/albert.mccarther@datostech.com/Mail/unseenCount HTTP/1.1" 200 63 "http://datostech.com/SOGo/so/albert.mccarther@datostech.com/Mail/view" "Mozilla/5.0 (Macintosh; Intel Mac OS X 10_15_2) AppleWebKit/605.1.15 (KHTML, like Gecko) Version/13.0.4 Safari/605.1.15"
118.240.161.194 - - [18/Feb/2020:05:29:00 -0700] "POST /SOGo/so/albert.mccarther@datostech.com/Mail/0/folderGuides_SP_and_SP_Reference/view HTTP/1.1" 200 14346 "http://datostech.com/SOGo/so/albert.mccarther@datostech.com/Mail/view" "Mozilla/5.0 (Macintosh; Intel Mac OS X 10_15_2) AppleWebKit/605.1.15 (KHTML, like Gecko) Version/13.0.4 Safari/605.1.15"
58.138.50.96 - - [18/Feb/2020:05:30:49 -0700] "POST /SOGo/so/tim.ducey@datostech.com/Mail/0/folderINBOX/view HTTP/1.1" 200 263 "http://datostech.com/SOGo/so/tim.ducey@datostech.com/Mail/view" "Mozilla/5.0 (Windows NT 6.3; Win64; x64) AppleWebKit/537.36 (KHTML, like Gecko) Chrome/80.0.3987.106 Safari/537.36"
58.138.50.96 - - [18/Feb/2020:05:30:51 -0700] "POST /SOGo/so/tim.ducey@datostech.com/Mail/unseenCount HTTP/1.1" 200 21 "http://datostech.com/SOGo/so/tim.ducey@datostech.com/Mail/view" "Mozilla/5.0 (Windows NT 6.3; Win64; x64) AppleWebKit/537.36 (KHTML, like Gecko) Chrome/80.0.3987.106 Safari/537.36"
118.240.161.194 - - [18/Feb/2020:05:34:25 -0700] "POST /SOGo/so/albert.mccarther@datostech.com/Mail/unseenCount HTTP/1.1" 200 63 "http://datostech.com/SOGo/so/albert.mccarther@datostech.com/Mail/view" "Mozilla/5.0 (Macintosh; Intel Mac OS X 10_15_2) AppleWebKit/605.1.15 (KHTML, like Gecko) Version/13.0.4 Safari/605.1.15"
118.240.161.194 - - [18/Feb/2020:05:34:25 -0700] "POST /SOGo/so/albert.mccarther@datostech.com/Mail/0/folderGuides_SP_and_SP_Reference/view HTTP/1.1" 200 14346 "http://datostech.com/SOGo/so/albert.mccarther@datostech.com/Mail/view" "Mozilla/5.0 (Macintosh; Intel Mac OS X 10_15_2) AppleWebKit/605.1.15 (KHTML, like Gecko) Version/13.0.4 Safari/605.1.15"
