24.170.230.102 - - [17/Feb/2020:18:14:51 -0700] "GET /wp-includes/js/wp-emoji-release.min.js?ver=5.3.2 HTTP/1.1" 200 13866 "http://datostech.com/" "Mozilla/5.0 (iPhone; CPU iPhone OS 13_3 like Mac OS X) AppleWebKit/605.1.15 (KHTML, like Gecko) CriOS/80.0.3987.95 Mobile/15E148 Safari/604.1"
24.170.230.102 - - [17/Feb/2020:18:14:51 -0700] "GET /wp-includes/css/dist/block-library/style.min.css?ver=5.3.2 HTTP/1.1" 200 41467 "http://datostech.com/" "Mozilla/5.0 (iPhone; CPU iPhone OS 13_3 like Mac OS X) AppleWebKit/605.1.15 (KHTML, like Gecko) CriOS/80.0.3987.95 Mobile/15E148 Safari/604.1"
24.170.230.102 - - [17/Feb/2020:18:14:51 -0700] "GET /wp-content/themes/spacious/genericons/genericons.css?ver=3.3.1 HTTP/1.1" 200 28529 "http://datostech.com/" "Mozilla/5.0 (iPhone; CPU iPhone OS 13_3 like Mac OS X) AppleWebKit/605.1.15 (KHTML, like Gecko) CriOS/80.0.3987.95 Mobile/15E148 Safari/604.1"
24.170.230.102 - - [17/Feb/2020:18:14:51 -0700] "GET /wp-content/themes/spacious/style.css?ver=5.3.2 HTTP/1.1" 200 70431 "http://datostech.com/" "Mozilla/5.0 (iPhone; CPU iPhone OS 13_3 like Mac OS X) AppleWebKit/605.1.15 (KHTML, like Gecko) CriOS/80.0.3987.95 Mobile/15E148 Safari/604.1"
24.170.230.102 - - [17/Feb/2020:18:14:51 -0700] "GET /wp-includes/js/jquery/jquery-migrate.min.js?ver=1.4.1 HTTP/1.1" 200 10056 "http://datostech.com/" "Mozilla/5.0 (iPhone; CPU iPhone OS 13_3 like Mac OS X) AppleWebKit/605.1.15 (KHTML, like Gecko) CriOS/80.0.3987.95 Mobile/15E148 Safari/604.1"
24.170.230.102 - - [17/Feb/2020:18:14:51 -0700] "GET /wp-content/themes/spacious/js/spacious-custom.js?ver=5.3.2 HTTP/1.1" 200 2617 "http://datostech.com/" "Mozilla/5.0 (iPhone; CPU iPhone OS 13_3 like Mac OS X) AppleWebKit/605.1.15 (KHTML, like Gecko) CriOS/80.0.3987.95 Mobile/15E148 Safari/604.1"
24.170.230.102 - - [17/Feb/2020:18:14:51 -0700] "GET /wp-content/themes/spacious/font-awesome/css/font-awesome.min.css?ver=4.7.0 HTTP/1.1" 200 31004 "http://datostech.com/" "Mozilla/5.0 (iPhone; CPU iPhone OS 13_3 like Mac OS X) AppleWebKit/605.1.15 (KHTML, like Gecko) CriOS/80.0.3987.95 Mobile/15E148 Safari/604.1"
24.170.230.102 - - [17/Feb/2020:18:14:51 -0700] "GET /wp-content/themes/spacious/js/jquery.cycle2.swipe.min.js?ver=5.3.2 HTTP/1.1" 200 1237 "http://datostech.com/" "Mozilla/5.0 (iPhone; CPU iPhone OS 13_3 like Mac OS X) AppleWebKit/605.1.15 (KHTML, like Gecko) CriOS/80.0.3987.95 Mobile/15E148 Safari/604.1"
24.170.230.102 - - [17/Feb/2020:18:14:51 -0700] "GET /wp-content/themes/spacious/js/navigation.js?ver=5.3.2 HTTP/1.1" 200 8904 "http://datostech.com/" "Mozilla/5.0 (iPhone; CPU iPhone OS 13_3 like Mac OS X) AppleWebKit/605.1.15 (KHTML, like Gecko) CriOS/80.0.3987.95 Mobile/15E148 Safari/604.1"
24.170.230.102 - - [17/Feb/2020:18:14:51 -0700] "GET /wp-content/themes/spacious/js/jquery.cycle2.min.js?ver=2.1.6 HTTP/1.1" 200 22953 "http://datostech.com/" "Mozilla/5.0 (iPhone; CPU iPhone OS 13_3 like Mac OS X) AppleWebKit/605.1.15 (KHTML, like Gecko) CriOS/80.0.3987.95 Mobile/15E148 Safari/604.1"
24.170.230.102 - - [17/Feb/2020:18:14:51 -0700] "GET /wp-content/themes/spacious/js/skip-link-focus-fix.js?ver=5.3.2 HTTP/1.1" 200 719 "http://datostech.com/" "Mozilla/5.0 (iPhone; CPU iPhone OS 13_3 like Mac OS X) AppleWebKit/605.1.15 (KHTML, like Gecko) CriOS/80.0.3987.95 Mobile/15E148 Safari/604.1"
24.170.230.102 - - [17/Feb/2020:18:14:51 -0700] "GET /wp-includes/js/jquery/jquery.js?ver=1.12.4-wp HTTP/1.1" 200 96873 "http://datostech.com/" "Mozilla/5.0 (iPhone; CPU iPhone OS 13_3 like Mac OS X) AppleWebKit/605.1.15 (KHTML, like Gecko) CriOS/80.0.3987.95 Mobile/15E148 Safari/604.1"
24.170.230.102 - - [17/Feb/2020:18:14:51 -0700] "GET /wp-includes/js/wp-embed.min.js?ver=5.3.2 HTTP/1.1" 200 1399 "http://datostech.com/" "Mozilla/5.0 (iPhone; CPU iPhone OS 13_3 like Mac OS X) AppleWebKit/605.1.15 (KHTML, like Gecko) CriOS/80.0.3987.95 Mobile/15E148 Safari/604.1"
24.170.230.102 - - [17/Feb/2020:18:14:52 -0700] "GET /favicon.ico HTTP/1.1" 200 - "-" "Mozilla/5.0 (iPhone; CPU iPhone OS 13_3 like Mac OS X) AppleWebKit/605.1.15 (KHTML, like Gecko) CriOS/80.0.3987.95 Mobile/15E148 Safari/604.1"
24.170.230.102 - - [17/Feb/2020:18:14:52 -0700] "GET /wp-content/themes/spacious/genericons/Genericons.svg HTTP/1.1" 200 77517 "http://datostech.com/" "Mozilla/5.0 (iPhone; CPU iPhone OS 13_3 like Mac OS X) AppleWebKit/605.1.15 (KHTML, like Gecko) CriOS/80.0.3987.95 Mobile/15E148 Safari/604.1"
24.170.230.102 - - [17/Feb/2020:18:21:37 -0700] "GET / HTTP/1.1" 200 10715 "-" "Mozilla/5.0 (iPhone; CPU iPhone OS 13_3 like Mac OS X) AppleWebKit/605.1.15 (KHTML, like Gecko) CriOS/80.0.3987.95 Mobile/15E148 Safari/604.1"
24.170.230.102 - - [17/Feb/2020:18:21:38 -0700] "GET /favicon.ico HTTP/1.1" 200 - "-" "Mozilla/5.0 (iPhone; CPU iPhone OS 13_3 like Mac OS X) AppleWebKit/605.1.15 (KHTML, like Gecko) CriOS/80.0.3987.95 Mobile/15E148 Safari/604.1"
104.238.117.191 - - [17/Feb/2020:18:30:20 -0700] "POST /wp-cron.php?doing_wp_cron=1581989420.7262260913848876953125 HTTP/1.1" 200 - "http://datostech.com/wp-cron.php?doing_wp_cron=1581989420.7262260913848876953125" "WordPress/5.3.2; http://datostech.com"
24.170.230.102 - - [17/Feb/2020:18:30:20 -0700] "GET / HTTP/1.1" 301 - "-" "Mozilla/5.0 (Macintosh; Intel Mac OS X 10_11_6) AppleWebKit/537.36 (KHTML, like Gecko) Chrome/79.0.3945.130 Safari/537.36"
24.170.230.102 - - [17/Feb/2020:18:30:21 -0700] "GET / HTTP/1.1" 200 10715 "-" "Mozilla/5.0 (Macintosh; Intel Mac OS X 10_11_6) AppleWebKit/537.36 (KHTML, like Gecko) Chrome/79.0.3945.130 Safari/537.36"
24.170.230.102 - - [17/Feb/2020:18:30:21 -0700] "GET /wp-includes/css/dist/block-library/style.min.css?ver=5.3.2 HTTP/1.1" 200 41467 "http://datostech.com/" "Mozilla/5.0 (Macintosh; Intel Mac OS X 10_11_6) AppleWebKit/537.36 (KHTML, like Gecko) Chrome/79.0.3945.130 Safari/537.36"
24.170.230.102 - - [17/Feb/2020:18:30:21 -0700] "GET /wp-content/themes/spacious/font-awesome/css/font-awesome.min.css?ver=4.7.0 HTTP/1.1" 200 31004 "http://datostech.com/" "Mozilla/5.0 (Macintosh; Intel Mac OS X 10_11_6) AppleWebKit/537.36 (KHTML, like Gecko) Chrome/79.0.3945.130 Safari/537.36"
24.170.230.102 - - [17/Feb/2020:18:30:21 -0700] "GET /wp-content/themes/spacious/genericons/genericons.css?ver=3.3.1 HTTP/1.1" 200 28529 "http://datostech.com/" "Mozilla/5.0 (Macintosh; Intel Mac OS X 10_11_6) AppleWebKit/537.36 (KHTML, like Gecko) Chrome/79.0.3945.130 Safari/537.36"
24.170.230.102 - - [17/Feb/2020:18:30:21 -0700] "GET /wp-content/themes/spacious/style.css?ver=5.3.2 HTTP/1.1" 200 70431 "http://datostech.com/" "Mozilla/5.0 (Macintosh; Intel Mac OS X 10_11_6) AppleWebKit/537.36 (KHTML, like Gecko) Chrome/79.0.3945.130 Safari/537.36"
24.170.230.102 - - [17/Feb/2020:18:30:21 -0700] "GET /wp-includes/js/jquery/jquery-migrate.min.js?ver=1.4.1 HTTP/1.1" 200 10056 "http://datostech.com/" "Mozilla/5.0 (Macintosh; Intel Mac OS X 10_11_6) AppleWebKit/537.36 (KHTML, like Gecko) Chrome/79.0.3945.130 Safari/537.36"
24.170.230.102 - - [17/Feb/2020:18:30:21 -0700] "GET /wp-includes/js/jquery/jquery.js?ver=1.12.4-wp HTTP/1.1" 200 96873 "http://datostech.com/" "Mozilla/5.0 (Macintosh; Intel Mac OS X 10_11_6) AppleWebKit/537.36 (KHTML, like Gecko) Chrome/79.0.3945.130 Safari/537.36"
24.170.230.102 - - [17/Feb/2020:18:30:21 -0700] "GET /wp-content/themes/spacious/js/spacious-custom.js?ver=5.3.2 HTTP/1.1" 200 2617 "http://datostech.com/" "Mozilla/5.0 (Macintosh; Intel Mac OS X 10_11_6) AppleWebKit/537.36 (KHTML, like Gecko) Chrome/79.0.3945.130 Safari/537.36"
24.170.230.102 - - [17/Feb/2020:18:30:21 -0700] "GET /wp-content/themes/spacious/js/jquery.cycle2.swipe.min.js?ver=5.3.2 HTTP/1.1" 200 1237 "http://datostech.com/" "Mozilla/5.0 (Macintosh; Intel Mac OS X 10_11_6) AppleWebKit/537.36 (KHTML, like Gecko) Chrome/79.0.3945.130 Safari/537.36"
24.170.230.102 - - [17/Feb/2020:18:30:22 -0700] "GET /wp-content/themes/spacious/js/navigation.js?ver=5.3.2 HTTP/1.1" 200 8904 "http://datostech.com/" "Mozilla/5.0 (Macintosh; Intel Mac OS X 10_11_6) AppleWebKit/537.36 (KHTML, like Gecko) Chrome/79.0.3945.130 Safari/537.36"
24.170.230.102 - - [17/Feb/2020:18:30:22 -0700] "GET /wp-includes/js/wp-embed.min.js?ver=5.3.2 HTTP/1.1" 200 1399 "http://datostech.com/" "Mozilla/5.0 (Macintosh; Intel Mac OS X 10_11_6) AppleWebKit/537.36 (KHTML, like Gecko) Chrome/79.0.3945.130 Safari/537.36"
24.170.230.102 - - [17/Feb/2020:18:30:22 -0700] "GET /wp-content/themes/spacious/js/skip-link-focus-fix.js?ver=5.3.2 HTTP/1.1" 200 719 "http://datostech.com/" "Mozilla/5.0 (Macintosh; Intel Mac OS X 10_11_6) AppleWebKit/537.36 (KHTML, like Gecko) Chrome/79.0.3945.130 Safari/537.36"
24.170.230.102 - - [17/Feb/2020:18:30:22 -0700] "GET /wp-content/themes/spacious/js/jquery.cycle2.min.js?ver=2.1.6 HTTP/1.1" 200 22953 "http://datostech.com/" "Mozilla/5.0 (Macintosh; Intel Mac OS X 10_11_6) AppleWebKit/537.36 (KHTML, like Gecko) Chrome/79.0.3945.130 Safari/537.36"
24.170.230.102 - - [17/Feb/2020:18:30:22 -0700] "GET /wp-includes/js/wp-emoji-release.min.js?ver=5.3.2 HTTP/1.1" 200 13866 "http://datostech.com/" "Mozilla/5.0 (Macintosh; Intel Mac OS X 10_11_6) AppleWebKit/537.36 (KHTML, like Gecko) Chrome/79.0.3945.130 Safari/537.36"
24.170.230.102 - - [17/Feb/2020:18:30:22 -0700] "GET /favicon.ico HTTP/1.1" 200 - "http://datostech.com/" "Mozilla/5.0 (Macintosh; Intel Mac OS X 10_11_6) AppleWebKit/537.36 (KHTML, like Gecko) Chrome/79.0.3945.130 Safari/537.36"
24.170.230.102 - - [17/Feb/2020:18:30:55 -0700] "GET /SOGo HTTP/1.1" 302 - "-" "Mozilla/5.0 (Macintosh; Intel Mac OS X 10_11_6) AppleWebKit/537.36 (KHTML, like Gecko) Chrome/79.0.3945.130 Safari/537.36"
24.170.230.102 - - [17/Feb/2020:18:30:55 -0700] "GET /SOGo/ HTTP/1.1" 200 7226 "-" "Mozilla/5.0 (Macintosh; Intel Mac OS X 10_11_6) AppleWebKit/537.36 (KHTML, like Gecko) Chrome/79.0.3945.130 Safari/537.36"
24.170.230.102 - - [17/Feb/2020:18:30:55 -0700] "GET /SOGo.woa/WebServerResources/js/vendor/lodash.min.js HTTP/1.1" 200 73121 "http://datostech.com/SOGo/" "Mozilla/5.0 (Macintosh; Intel Mac OS X 10_11_6) AppleWebKit/537.36 (KHTML, like Gecko) Chrome/79.0.3945.130 Safari/537.36"
24.170.230.102 - - [17/Feb/2020:18:30:55 -0700] "GET /SOGo.woa/WebServerResources/js/vendor/angular-animate.min.js HTTP/1.1" 200 25733 "http://datostech.com/SOGo/" "Mozilla/5.0 (Macintosh; Intel Mac OS X 10_11_6) AppleWebKit/537.36 (KHTML, like Gecko) Chrome/79.0.3945.130 Safari/537.36"
24.170.230.102 - - [17/Feb/2020:18:30:56 -0700] "GET /SOGo.woa/WebServerResources/img/sogo-full.svg HTTP/1.1" 200 4526 "http://datostech.com/SOGo/" "Mozilla/5.0 (Macintosh; Intel Mac OS X 10_11_6) AppleWebKit/537.36 (KHTML, like Gecko) Chrome/79.0.3945.130 Safari/537.36"
24.170.230.102 - - [17/Feb/2020:18:30:56 -0700] "GET /SOGo.woa/WebServerResources/js/vendor/angular-sanitize.min.js HTTP/1.1" 200 6612 "http://datostech.com/SOGo/" "Mozilla/5.0 (Macintosh; Intel Mac OS X 10_11_6) AppleWebKit/537.36 (KHTML, like Gecko) Chrome/79.0.3945.130 Safari/537.36"
24.170.230.102 - - [17/Feb/2020:18:30:56 -0700] "GET /SOGo.woa/WebServerResources/js/vendor/angular-aria.min.js HTTP/1.1" 200 3876 "http://datostech.com/SOGo/" "Mozilla/5.0 (Macintosh; Intel Mac OS X 10_11_6) AppleWebKit/537.36 (KHTML, like Gecko) Chrome/79.0.3945.130 Safari/537.36"
24.170.230.102 - - [17/Feb/2020:18:30:55 -0700] "GET /SOGo.woa/WebServerResources/js/vendor/angular.min.js HTTP/1.1" 200 169920 "http://datostech.com/SOGo/" "Mozilla/5.0 (Macintosh; Intel Mac OS X 10_11_6) AppleWebKit/537.36 (KHTML, like Gecko) Chrome/79.0.3945.130 Safari/537.36"
24.170.230.102 - - [17/Feb/2020:18:30:56 -0700] "GET /SOGo.woa/WebServerResources/js/vendor/angular-cookies.min.js HTTP/1.1" 200 1478 "http://datostech.com/SOGo/" "Mozilla/5.0 (Macintosh; Intel Mac OS X 10_11_6) AppleWebKit/537.36 (KHTML, like Gecko) Chrome/79.0.3945.130 Safari/537.36"
24.170.230.102 - - [17/Feb/2020:18:30:56 -0700] "GET /SOGo.woa/WebServerResources/js/vendor/angular-messages.min.js HTTP/1.1" 200 3026 "http://datostech.com/SOGo/" "Mozilla/5.0 (Macintosh; Intel Mac OS X 10_11_6) AppleWebKit/537.36 (KHTML, like Gecko) Chrome/79.0.3945.130 Safari/537.36"
24.170.230.102 - - [17/Feb/2020:18:30:56 -0700] "GET /SOGo.woa/WebServerResources/js/Main.js?lm=1524167656 HTTP/1.1" 200 1176 "http://datostech.com/SOGo/" "Mozilla/5.0 (Macintosh; Intel Mac OS X 10_11_6) AppleWebKit/537.36 (KHTML, like Gecko) Chrome/79.0.3945.130 Safari/537.36"
24.170.230.102 - - [17/Feb/2020:18:30:55 -0700] "GET /SOGo.woa/WebServerResources/css/theme-default.css HTTP/1.1" 200 340777 "http://datostech.com/SOGo/" "Mozilla/5.0 (Macintosh; Intel Mac OS X 10_11_6) AppleWebKit/537.36 (KHTML, like Gecko) Chrome/79.0.3945.130 Safari/537.36"
24.170.230.102 - - [17/Feb/2020:18:30:56 -0700] "GET /SOGo.woa/WebServerResources/js/vendor/angular-ui-router.min.js HTTP/1.1" 200 112502 "http://datostech.com/SOGo/" "Mozilla/5.0 (Macintosh; Intel Mac OS X 10_11_6) AppleWebKit/537.36 (KHTML, like Gecko) Chrome/79.0.3945.130 Safari/537.36"
24.170.230.102 - - [17/Feb/2020:18:30:56 -0700] "GET /SOGo.woa/WebServerResources/js/Common.js?lm=1524167655 HTTP/1.1" 200 79200 "http://datostech.com/SOGo/" "Mozilla/5.0 (Macintosh; Intel Mac OS X 10_11_6) AppleWebKit/537.36 (KHTML, like Gecko) Chrome/79.0.3945.130 Safari/537.36"
24.170.230.102 - - [17/Feb/2020:18:30:56 -0700] "GET /SOGo.woa/WebServerResources/js/vendor/angular-material.min.js HTTP/1.1" 200 390389 "http://datostech.com/SOGo/" "Mozilla/5.0 (Macintosh; Intel Mac OS X 10_11_6) AppleWebKit/537.36 (KHTML, like Gecko) Chrome/79.0.3945.130 Safari/537.36"
24.170.230.102 - - [17/Feb/2020:18:30:55 -0700] "GET /SOGo.woa/WebServerResources/css/styles.css HTTP/1.1" 200 1110196 "http://datostech.com/SOGo/" "Mozilla/5.0 (Macintosh; Intel Mac OS X 10_11_6) AppleWebKit/537.36 (KHTML, like Gecko) Chrome/79.0.3945.130 Safari/537.36"
24.170.230.102 - - [17/Feb/2020:18:30:58 -0700] "GET /SOGo.woa/WebServerResources/img/sogo.ico?lm=1524167656 HTTP/1.1" 200 4887 "http://datostech.com/SOGo/" "Mozilla/5.0 (Macintosh; Intel Mac OS X 10_11_6) AppleWebKit/537.36 (KHTML, like Gecko) Chrome/79.0.3945.130 Safari/537.36"
24.170.230.102 - - [17/Feb/2020:18:30:58 -0700] "GET /SOGo.woa/WebServerResources/fonts/MaterialIcons-Regular.woff2 HTTP/1.1" 200 44300 "http://datostech.com/SOGo.woa/WebServerResources/css/styles.css" "Mozilla/5.0 (Macintosh; Intel Mac OS X 10_11_6) AppleWebKit/537.36 (KHTML, like Gecko) Chrome/79.0.3945.130 Safari/537.36"
24.170.230.102 - - [17/Feb/2020:18:30:58 -0700] "GET /SOGo.woa/WebServerResources/fonts/FiraSans-Book.woff HTTP/1.1" 200 185904 "http://datostech.com/SOGo.woa/WebServerResources/css/styles.css" "Mozilla/5.0 (Macintosh; Intel Mac OS X 10_11_6) AppleWebKit/537.36 (KHTML, like Gecko) Chrome/79.0.3945.130 Safari/537.36"
127.0.0.1 - - [17/Feb/2020:18:31:58 -0700] "OPTIONS * HTTP/1.0" 200 - "-" "Apache (internal dummy connection)"
126.33.136.232 - - [17/Feb/2020:18:32:16 -0700] "GET / HTTP/1.1" 200 10715 "-" "Mozilla/5.0 (iPhone; CPU iPhone OS 13_3_1 like Mac OS X) AppleWebKit/605.1.15 (KHTML, like Gecko) Version/13.0.5 Mobile/15E148 Safari/604.1"
127.0.0.1 - - [17/Feb/2020:18:33:30 -0700] "OPTIONS * HTTP/1.0" 200 - "-" "Apache (internal dummy connection)"
24.170.230.102 - - [17/Feb/2020:18:35:20 -0700] "GET / HTTP/1.1" 200 26732 "-" "Mozilla/5.0 (Macintosh; Intel Mac OS X 10_11_6) AppleWebKit/537.36 (KHTML, like Gecko) Chrome/79.0.3945.130 Safari/537.36"
24.170.230.102 - - [17/Feb/2020:18:35:21 -0700] "GET /wp-content/plugins/contact-form-7/includes/css/styles.css?ver=5.1.6 HTTP/1.1" 200 1645 "http://datostech.com/" "Mozilla/5.0 (Macintosh; Intel Mac OS X 10_11_6) AppleWebKit/537.36 (KHTML, like Gecko) Chrome/79.0.3945.130 Safari/537.36"
24.170.230.102 - - [17/Feb/2020:18:35:22 -0700] "GET /wp-content/plugins/user-access-manager/assets/css/uamLoginForm.css?ver=2.1.12 HTTP/1.1" 200 468 "http://datostech.com/" "Mozilla/5.0 (Macintosh; Intel Mac OS X 10_11_6) AppleWebKit/537.36 (KHTML, like Gecko) Chrome/79.0.3945.130 Safari/537.36"
24.170.230.102 - - [17/Feb/2020:18:35:22 -0700] "GET /wp-content/themes/child-of-spacious/style.css?ver=5.3.2 HTTP/1.1" 200 238 "http://datostech.com/" "Mozilla/5.0 (Macintosh; Intel Mac OS X 10_11_6) AppleWebKit/537.36 (KHTML, like Gecko) Chrome/79.0.3945.130 Safari/537.36"
24.170.230.102 - - [17/Feb/2020:18:35:22 -0700] "GET /wp-content/themes/spacious/css/dark.css?ver=5.3.2 HTTP/1.1" 200 4779 "http://datostech.com/" "Mozilla/5.0 (Macintosh; Intel Mac OS X 10_11_6) AppleWebKit/537.36 (KHTML, like Gecko) Chrome/79.0.3945.130 Safari/537.36"
24.170.230.102 - - [17/Feb/2020:18:35:22 -0700] "GET /wp-content/plugins/contact-form-7/includes/js/scripts.js?ver=5.1.6 HTTP/1.1" 200 14440 "http://datostech.com/" "Mozilla/5.0 (Macintosh; Intel Mac OS X 10_11_6) AppleWebKit/537.36 (KHTML, like Gecko) Chrome/79.0.3945.130 Safari/537.36"
104.238.117.191 - - [17/Feb/2020:18:35:20 -0700] "POST /wp-cron.php?doing_wp_cron=1581989720.5481328964233398437500 HTTP/1.1" 200 - "http://datostech.com/wp-cron.php?doing_wp_cron=1581989720.5481328964233398437500" "WordPress/5.3.2; http://datostech.com"
24.170.230.102 - - [17/Feb/2020:18:35:24 -0700] "GET /favicon.ico HTTP/1.1" 200 - "http://datostech.com/" "Mozilla/5.0 (Macintosh; Intel Mac OS X 10_11_6) AppleWebKit/537.36 (KHTML, like Gecko) Chrome/79.0.3945.130 Safari/537.36"
24.170.230.102 - - [17/Feb/2020:18:35:28 -0700] "GET /blog/ HTTP/1.1" 200 23646 "http://datostech.com/" "Mozilla/5.0 (Macintosh; Intel Mac OS X 10_11_6) AppleWebKit/537.36 (KHTML, like Gecko) Chrome/79.0.3945.130 Safari/537.36"
24.170.230.102 - - [17/Feb/2020:18:35:30 -0700] "GET /favicon.ico HTTP/1.1" 200 - "http://datostech.com/blog/" "Mozilla/5.0 (Macintosh; Intel Mac OS X 10_11_6) AppleWebKit/537.36 (KHTML, like Gecko) Chrome/79.0.3945.130 Safari/537.36"
24.170.230.102 - - [17/Feb/2020:18:36:11 -0700] "GET /call-log/ HTTP/1.1" 200 10700 "http://datostech.com/blog/" "Mozilla/5.0 (Macintosh; Intel Mac OS X 10_11_6) AppleWebKit/537.36 (KHTML, like Gecko) Chrome/79.0.3945.130 Safari/537.36"
24.170.230.102 - - [17/Feb/2020:18:36:12 -0700] "GET /favicon.ico HTTP/1.1" 200 - "http://datostech.com/call-log/" "Mozilla/5.0 (Macintosh; Intel Mac OS X 10_11_6) AppleWebKit/537.36 (KHTML, like Gecko) Chrome/79.0.3945.130 Safari/537.36"
127.0.0.1 - - [17/Feb/2020:18:36:12 -0700] "OPTIONS * HTTP/1.0" 200 - "-" "Apache (internal dummy connection)"
127.0.0.1 - - [17/Feb/2020:18:36:25 -0700] "OPTIONS * HTTP/1.0" 200 - "-" "Apache (internal dummy connection)"
127.0.0.1 - - [17/Feb/2020:18:36:27 -0700] "OPTIONS * HTTP/1.0" 200 - "-" "Apache (internal dummy connection)"
127.0.0.1 - - [17/Feb/2020:18:36:28 -0700] "OPTIONS * HTTP/1.0" 200 - "-" "Apache (internal dummy connection)"
51.68.139.151 - - [17/Feb/2020:18:40:29 -0700] "GET /blog/2018/01/02/happy-new-year/ HTTP/1.0" 301 - "http://datostech.com/blog/2018/01/02/happy-new-year/" "Mozilla/5.0 (Windows NT 10.0; Win64; x64) AppleWebKit/537.36 (KHTML, like Gecko) Chrome/67.0.3396.87 Safari/537.36 OPR/54.0.2952.51"
51.68.139.151 - - [17/Feb/2020:18:40:31 -0700] "GET /2018/01/02/happy-new-year/ HTTP/1.0" 200 26138 "http://datostech.com/2018/01/02/happy-new-year/" "Mozilla/5.0 (Windows NT 10.0; Win64; x64) AppleWebKit/537.36 (KHTML, like Gecko) Chrome/67.0.3396.87 Safari/537.36 OPR/54.0.2952.51"
51.68.139.151 - - [17/Feb/2020:18:40:34 -0700] "GET /blog/ HTTP/1.0" 200 23646 "http://datostech.com/blog/" "Mozilla/5.0 (Windows NT 10.0; Win64; x64) AppleWebKit/537.36 (KHTML, like Gecko) Chrome/67.0.3396.87 Safari/537.36 OPR/54.0.2952.51"
127.0.0.1 - - [17/Feb/2020:18:45:41 -0700] "OPTIONS * HTTP/1.0" 200 - "-" "Apache (internal dummy connection)"
132.20.251.128 - - [17/Feb/2020:18:51:37 -0700] "GET /SOGo/so/fred.long@datostech.com/Mail HTTP/1.1" 302 - "-" "Mozilla/5.0 (Windows NT 10.0; Win64; x64) AppleWebKit/537.36 (KHTML, like Gecko) Chrome/79.0.3945.117 Safari/537.36"
132.20.251.128 - - [17/Feb/2020:18:51:38 -0700] "GET /SOGo/so/fred.long@datostech.com/Mail/view HTTP/1.1" 200 17845 "-" "Mozilla/5.0 (Windows NT 10.0; Win64; x64) AppleWebKit/537.36 (KHTML, like Gecko) Chrome/79.0.3945.117 Safari/537.36"
132.20.251.128 - - [17/Feb/2020:18:51:41 -0700] "GET /SOGo/so/fred.long@datostech.com/Mail/view HTTP/1.1" 200 17845 "http://notify.bluecoat.com/notify-SubZero?http/datostech.com/aHR0cDovL2RhdG9zdGVjaC5jb20vU09Hby9zby9mcmVkLmxvbmdAZGF0b3N0ZWNoLmNvbS9NYWlsL3ZpZXc=;XLE1Wr7mJT+pui3AE1jNH1RmYLaqpwVOiIOPOfAO5gc=" "Mozilla/5.0 (Windows NT 10.0; Win64; x64) AppleWebKit/537.36 (KHTML, like Gecko) Chrome/79.0.3945.117 Safari/537.36"
132.20.251.128 - - [17/Feb/2020:18:51:43 -0700] "GET /SOGo/so/fred.long@datostech.com/Calendar/alarmslist?browserTime=1581990703 HTTP/1.1" 200 63 "http://datostech.com/SOGo/so/fred.long@datostech.com/Mail/view" "Mozilla/5.0 (Windows NT 10.0; Win64; x64) AppleWebKit/537.36 (KHTML, like Gecko) Chrome/79.0.3945.117 Safari/537.36"
132.20.251.128 - - [17/Feb/2020:18:51:43 -0700] "GET /SOGo/so/fred.long@datostech.com/Mail/0/view HTTP/1.1" 200 893 "http://datostech.com/SOGo/so/fred.long@datostech.com/Mail/view" "Mozilla/5.0 (Windows NT 10.0; Win64; x64) AppleWebKit/537.36 (KHTML, like Gecko) Chrome/79.0.3945.117 Safari/537.36"
132.20.251.128 - - [17/Feb/2020:18:51:44 -0700] "POST /SOGo/so/fred.long@datostech.com/Mail/0/folderINBOX/view HTTP/1.1" 200 30631 "http://datostech.com/SOGo/so/fred.long@datostech.com/Mail/view" "Mozilla/5.0 (Windows NT 10.0; Win64; x64) AppleWebKit/537.36 (KHTML, like Gecko) Chrome/79.0.3945.117 Safari/537.36"
132.20.251.128 - - [17/Feb/2020:18:51:45 -0700] "POST /SOGo/so/fred.long@datostech.com/Mail/unseenCount HTTP/1.1" 200 21 "http://datostech.com/SOGo/so/fred.long@datostech.com/Mail/view" "Mozilla/5.0 (Windows NT 10.0; Win64; x64) AppleWebKit/537.36 (KHTML, like Gecko) Chrome/79.0.3945.117 Safari/537.36"
132.20.251.128 - - [17/Feb/2020:18:51:49 -0700] "GET /SOGo/so/fred.long@datostech.com/Mail/0/folderINBOX/628/view HTTP/1.1" 200 4870 "http://datostech.com/SOGo/so/fred.long@datostech.com/Mail/view" "Mozilla/5.0 (Windows NT 10.0; Win64; x64) AppleWebKit/537.36 (KHTML, like Gecko) Chrome/79.0.3945.117 Safari/537.36"
132.20.251.128 - - [17/Feb/2020:18:51:52 -0700] "GET /SOGo/so/fred.long@datostech.com/Mail/0/folderINBOX/629/view HTTP/1.1" 200 4640 "http://datostech.com/SOGo/so/fred.long@datostech.com/Mail/view" "Mozilla/5.0 (Windows NT 10.0; Win64; x64) AppleWebKit/537.36 (KHTML, like Gecko) Chrome/79.0.3945.117 Safari/537.36"
195.181.92.214 - - [17/Feb/2020:18:55:05 -0700] "GET / HTTP/1.1" 200 26783 "-" "Mozilla/5.0 (Windows NT 10.0; WOW64) AppleWebKit/537.36 (KHTML, like Gecko) Chrome/51.0.2704.103 Safari/537.36"
132.20.251.128 - - [17/Feb/2020:18:56:44 -0700] "POST /SOGo/so/fred.long@datostech.com/Mail/0/folderINBOX/view HTTP/1.1" 200 30631 "http://datostech.com/SOGo/so/fred.long@datostech.com/Mail/view" "Mozilla/5.0 (Windows NT 10.0; Win64; x64) AppleWebKit/537.36 (KHTML, like Gecko) Chrome/79.0.3945.117 Safari/537.36"
132.20.251.129 - - [17/Feb/2020:18:56:45 -0700] "POST /SOGo/so/fred.long@datostech.com/Mail/unseenCount HTTP/1.1" 200 21 "http://datostech.com/SOGo/so/fred.long@datostech.com/Mail/view" "Mozilla/5.0 (Windows NT 10.0; Win64; x64) AppleWebKit/537.36 (KHTML, like Gecko) Chrome/79.0.3945.117 Safari/537.36"
132.20.251.129 - - [17/Feb/2020:19:01:45 -0700] "POST /SOGo/so/fred.long@datostech.com/Mail/0/folderINBOX/view HTTP/1.1" 200 30631 "http://datostech.com/SOGo/so/fred.long@datostech.com/Mail/view" "Mozilla/5.0 (Windows NT 10.0; Win64; x64) AppleWebKit/537.36 (KHTML, like Gecko) Chrome/79.0.3945.117 Safari/537.36"
132.20.251.129 - - [17/Feb/2020:19:01:46 -0700] "POST /SOGo/so/fred.long@datostech.com/Mail/unseenCount HTTP/1.1" 200 21 "http://datostech.com/SOGo/so/fred.long@datostech.com/Mail/view" "Mozilla/5.0 (Windows NT 10.0; Win64; x64) AppleWebKit/537.36 (KHTML, like Gecko) Chrome/79.0.3945.117 Safari/537.36"
209.232.103.41 - - [17/Feb/2020:19:04:56 -0700] "GET /blog/2018/01/02/happy-new-year/ HTTP/1.1" 301 - "http://datostech.com/blog/2018/01/02/happy-new-year/" "Mozilla/5.0 (Windows NT 6.3; Win64; x64) AppleWebKit/537.36 (KHTML, like Gecko) Chrome/67.0.3396.99 Safari/537.36"
209.232.103.41 - - [17/Feb/2020:19:04:58 -0700] "GET /2018/01/02/happy-new-year/ HTTP/1.1" 200 26138 "http://datostech.com/2018/01/02/happy-new-year/" "Mozilla/5.0 (Windows NT 6.3; Win64; x64) AppleWebKit/537.36 (KHTML, like Gecko) Chrome/67.0.3396.99 Safari/537.36"
128.71.163.233 - - [17/Feb/2020:19:05:03 -0700] "GET /blog/2018/01/02/happy-new-year/ HTTP/1.0" 301 - "http://datostech.com/blog/2018/01/02/happy-new-year/" "Mozilla/5.0 (Windows NT 6.3; Win64; x64) AppleWebKit/537.36 (KHTML, like Gecko) Chrome/67.0.3396.99 Safari/537.36"
128.71.163.233 - - [17/Feb/2020:19:05:03 -0700] "GET /blog/ HTTP/1.0" 200 23646 "http://datostech.com/blog/" "Mozilla/5.0 (Windows NT 6.3; Win64; x64) AppleWebKit/537.36 (KHTML, like Gecko) Chrome/67.0.3396.99 Safari/537.36"
132.20.251.129 - - [17/Feb/2020:19:06:45 -0700] "POST /SOGo/so/fred.long@datostech.com/Mail/0/folderINBOX/view HTTP/1.1" 200 30631 "http://datostech.com/SOGo/so/fred.long@datostech.com/Mail/view" "Mozilla/5.0 (Windows NT 10.0; Win64; x64) AppleWebKit/537.36 (KHTML, like Gecko) Chrome/79.0.3945.117 Safari/537.36"
127.0.0.1 - - [17/Feb/2020:19:06:47 -0700] "OPTIONS * HTTP/1.0" 200 - "-" "Apache (internal dummy connection)"
132.20.251.129 - - [17/Feb/2020:19:06:47 -0700] "POST /SOGo/so/fred.long@datostech.com/Mail/unseenCount HTTP/1.1" 200 21 "http://datostech.com/SOGo/so/fred.long@datostech.com/Mail/view" "Mozilla/5.0 (Windows NT 10.0; Win64; x64) AppleWebKit/537.36 (KHTML, like Gecko) Chrome/79.0.3945.117 Safari/537.36"
127.0.0.1 - - [17/Feb/2020:19:06:50 -0700] "OPTIONS * HTTP/1.0" 200 - "-" "Apache (internal dummy connection)"
132.20.251.129 - - [17/Feb/2020:19:11:45 -0700] "POST /SOGo/so/fred.long@datostech.com/Mail/0/folderINBOX/view HTTP/1.1" 200 30631 "http://datostech.com/SOGo/so/fred.long@datostech.com/Mail/view" "Mozilla/5.0 (Windows NT 10.0; Win64; x64) AppleWebKit/537.36 (KHTML, like Gecko) Chrome/79.0.3945.117 Safari/537.36"
127.0.0.1 - - [17/Feb/2020:19:11:47 -0700] "OPTIONS * HTTP/1.0" 200 - "-" "Apache (internal dummy connection)"
132.20.251.129 - - [17/Feb/2020:19:11:48 -0700] "POST /SOGo/so/fred.long@datostech.com/Mail/unseenCount HTTP/1.1" 200 21 "http://datostech.com/SOGo/so/fred.long@datostech.com/Mail/view" "Mozilla/5.0 (Windows NT 10.0; Win64; x64) AppleWebKit/537.36 (KHTML, like Gecko) Chrome/79.0.3945.117 Safari/537.36"
127.0.0.1 - - [17/Feb/2020:19:12:21 -0700] "OPTIONS * HTTP/1.0" 200 - "-" "Apache (internal dummy connection)"
132.20.251.129 - - [17/Feb/2020:19:16:46 -0700] "POST /SOGo/so/fred.long@datostech.com/Mail/0/folderINBOX/view HTTP/1.1" 200 30631 "http://datostech.com/SOGo/so/fred.long@datostech.com/Mail/view" "Mozilla/5.0 (Windows NT 10.0; Win64; x64) AppleWebKit/537.36 (KHTML, like Gecko) Chrome/79.0.3945.117 Safari/537.36"
132.20.251.129 - - [17/Feb/2020:19:16:48 -0700] "POST /SOGo/so/fred.long@datostech.com/Mail/unseenCount HTTP/1.1" 200 21 "http://datostech.com/SOGo/so/fred.long@datostech.com/Mail/view" "Mozilla/5.0 (Windows NT 10.0; Win64; x64) AppleWebKit/537.36 (KHTML, like Gecko) Chrome/79.0.3945.117 Safari/537.36"
127.0.0.1 - - [17/Feb/2020:19:16:52 -0700] "OPTIONS * HTTP/1.0" 200 - "-" "Apache (internal dummy connection)"
127.0.0.1 - - [17/Feb/2020:19:19:17 -0700] "OPTIONS * HTTP/1.0" 200 - "-" "Apache (internal dummy connection)"
127.0.0.1 - - [17/Feb/2020:19:20:32 -0700] "OPTIONS * HTTP/1.0" 200 - "-" "Apache (internal dummy connection)"
132.20.251.129 - - [17/Feb/2020:19:21:46 -0700] "POST /SOGo/so/fred.long@datostech.com/Mail/0/folderINBOX/view HTTP/1.1" 200 30631 "http://datostech.com/SOGo/so/fred.long@datostech.com/Mail/view" "Mozilla/5.0 (Windows NT 10.0; Win64; x64) AppleWebKit/537.36 (KHTML, like Gecko) Chrome/79.0.3945.117 Safari/537.36"
132.20.251.129 - - [17/Feb/2020:19:21:49 -0700] "POST /SOGo/so/fred.long@datostech.com/Mail/unseenCount HTTP/1.1" 200 21 "http://datostech.com/SOGo/so/fred.long@datostech.com/Mail/view" "Mozilla/5.0 (Windows NT 10.0; Win64; x64) AppleWebKit/537.36 (KHTML, like Gecko) Chrome/79.0.3945.117 Safari/537.36"
127.0.0.1 - - [17/Feb/2020:19:22:12 -0700] "OPTIONS * HTTP/1.0" 200 - "-" "Apache (internal dummy connection)"
132.20.251.129 - - [17/Feb/2020:19:26:47 -0700] "POST /SOGo/so/fred.long@datostech.com/Mail/0/folderINBOX/view HTTP/1.1" 200 30900 "http://datostech.com/SOGo/so/fred.long@datostech.com/Mail/view" "Mozilla/5.0 (Windows NT 10.0; Win64; x64) AppleWebKit/537.36 (KHTML, like Gecko) Chrome/79.0.3945.117 Safari/537.36"
132.20.251.129 - - [17/Feb/2020:19:26:49 -0700] "POST /SOGo/so/fred.long@datostech.com/Mail/unseenCount HTTP/1.1" 200 21 "http://datostech.com/SOGo/so/fred.long@datostech.com/Mail/view" "Mozilla/5.0 (Windows NT 10.0; Win64; x64) AppleWebKit/537.36 (KHTML, like Gecko) Chrome/79.0.3945.117 Safari/537.36"
187.137.73.91 - - [17/Feb/2020:19:28:49 -0700] "GET / HTTP/1.1" 301 - "-" "Mozilla/5.0 (Windows NT 6.1; WOW64; rv:57.0) Gecko/20100101 Firefox/57.0"
187.137.73.91 - - [17/Feb/2020:19:28:49 -0700] "GET /robots.txt HTTP/1.1" 200 26 "-" "Mozilla/5.0 (Windows NT 6.1; WOW64; rv:57.0) Gecko/20100101 Firefox/57.0"
187.137.73.91 - - [17/Feb/2020:19:28:49 -0700] "POST /Adminbf75ee68/Login.php HTTP/1.1" 404 17803 "-" "Mozilla/5.0 (Windows NT 6.1; WOW64; rv:57.0) Gecko/20100101 Firefox/57.0"
127.0.0.1 - - [17/Feb/2020:19:30:48 -0700] "OPTIONS * HTTP/1.0" 200 - "-" "Apache (internal dummy connection)"
58.138.50.96 - - [17/Feb/2020:19:30:55 -0700] "GET /SOGo/so/tim.ducey@datostech.com/Mail HTTP/1.1" 302 - "-" "Mozilla/5.0 (Windows NT 6.3; Win64; x64) AppleWebKit/537.36 (KHTML, like Gecko) Chrome/80.0.3987.106 Safari/537.36"
58.138.50.96 - - [17/Feb/2020:19:30:55 -0700] "GET /SOGo/so/tim.ducey@datostech.com/Mail/view HTTP/1.1" 200 18015 "-" "Mozilla/5.0 (Windows NT 6.3; Win64; x64) AppleWebKit/537.36 (KHTML, like Gecko) Chrome/80.0.3987.106 Safari/537.36"
58.138.50.96 - - [17/Feb/2020:19:30:57 -0700] "GET /SOGo/so/tim.ducey@datostech.com/Calendar/alarmslist?browserTime=1581993055 HTTP/1.1" 200 63 "http://datostech.com/SOGo/so/tim.ducey@datostech.com/Mail/view" "Mozilla/5.0 (Windows NT 6.3; Win64; x64) AppleWebKit/537.36 (KHTML, like Gecko) Chrome/80.0.3987.106 Safari/537.36"
58.138.50.96 - - [17/Feb/2020:19:30:57 -0700] "GET /SOGo/so/tim.ducey@datostech.com/Mail/0/view HTTP/1.1" 200 1949 "http://datostech.com/SOGo/so/tim.ducey@datostech.com/Mail/view" "Mozilla/5.0 (Windows NT 6.3; Win64; x64) AppleWebKit/537.36 (KHTML, like Gecko) Chrome/80.0.3987.106 Safari/537.36"
58.138.50.96 - - [17/Feb/2020:19:30:58 -0700] "POST /SOGo/so/tim.ducey@datostech.com/Mail/0/folderINBOX/view HTTP/1.1" 200 263 "http://datostech.com/SOGo/so/tim.ducey@datostech.com/Mail/view" "Mozilla/5.0 (Windows NT 6.3; Win64; x64) AppleWebKit/537.36 (KHTML, like Gecko) Chrome/80.0.3987.106 Safari/537.36"
58.138.50.96 - - [17/Feb/2020:19:30:59 -0700] "POST /SOGo/so/tim.ducey@datostech.com/Mail/unseenCount HTTP/1.1" 200 21 "http://datostech.com/SOGo/so/tim.ducey@datostech.com/Mail/view" "Mozilla/5.0 (Windows NT 6.3; Win64; x64) AppleWebKit/537.36 (KHTML, like Gecko) Chrome/80.0.3987.106 Safari/537.36"
58.138.50.96 - - [17/Feb/2020:19:31:03 -0700] "POST /SOGo/so/tim.ducey@datostech.com/Mail/0/folderINBOX/expunge HTTP/1.1" 200 57 "http://datostech.com/SOGo/so/tim.ducey@datostech.com/Mail/view" "Mozilla/5.0 (Windows NT 6.3; Win64; x64) AppleWebKit/537.36 (KHTML, like Gecko) Chrome/80.0.3987.106 Safari/537.36"
146.66.164.59 - - [17/Feb/2020:19:31:31 -0700] "GET / HTTP/1.1" 200 26783 "-" "Mozilla/5.0 (Windows NT 10.0; WOW64) AppleWebKit/537.36 (KHTML, like Gecko) Chrome/52.0.2743.116 Safari/537.36"
132.20.251.129 - - [17/Feb/2020:19:31:48 -0700] "POST /SOGo/so/fred.long@datostech.com/Mail/0/folderINBOX/view HTTP/1.1" 200 30900 "http://datostech.com/SOGo/so/fred.long@datostech.com/Mail/view" "Mozilla/5.0 (Windows NT 10.0; Win64; x64) AppleWebKit/537.36 (KHTML, like Gecko) Chrome/79.0.3945.117 Safari/537.36"
132.20.251.129 - - [17/Feb/2020:19:31:50 -0700] "POST /SOGo/so/fred.long@datostech.com/Mail/unseenCount HTTP/1.1" 200 21 "http://datostech.com/SOGo/so/fred.long@datostech.com/Mail/view" "Mozilla/5.0 (Windows NT 10.0; Win64; x64) AppleWebKit/537.36 (KHTML, like Gecko) Chrome/79.0.3945.117 Safari/537.36"
80.82.68.73 - - [17/Feb/2020:19:31:53 -0700] "GET / HTTP/1.1" 200 26783 "-" "Mozilla/5.0 (X11; Linux x86_64) AppleWebKit/537.36 (KHTML, like Gecko) Chrome/72.0.3626.121 Safari/537.36"
80.82.68.73 - - [17/Feb/2020:19:31:56 -0700] "GET /robots.txt HTTP/1.1" 200 26 "-" "Mozilla/5.0 (X11; Linux x86_64) AppleWebKit/537.36 (KHTML, like Gecko) Chrome/72.0.3626.121 Safari/537.36"
80.82.68.73 - - [17/Feb/2020:19:31:57 -0700] "GET /favicon.ico HTTP/1.1" 200 - "-" "Mozilla/5.0 (X11; Linux x86_64) AppleWebKit/537.36 (KHTML, like Gecko) Chrome/72.0.3626.121 Safari/537.36"
74.81.88.66 - - [17/Feb/2020:19:36:02 -0700] "GET /blog/2018/01/02/happy-new-year/ HTTP/1.0" 301 - "http://datostech.com/blog/2018/01/02/happy-new-year/" "Mozilla/5.0 (Windows NT 6.1; Win64; x64) AppleWebKit/537.36 (KHTML, like Gecko) Chrome/67.0.3396.87 Safari/537.36 OPR/54.0.2952.54"
74.81.88.66 - - [17/Feb/2020:19:36:02 -0700] "GET /2018/01/02/happy-new-year/ HTTP/1.0" 200 26144 "http://datostech.com/2018/01/02/happy-new-year/" "Mozilla/5.0 (Windows NT 6.1; Win64; x64) AppleWebKit/537.36 (KHTML, like Gecko) Chrome/67.0.3396.87 Safari/537.36 OPR/54.0.2952.54"
74.81.88.66 - - [17/Feb/2020:19:36:03 -0700] "GET /blog/ HTTP/1.0" 200 23646 "http://datostech.com/blog/" "Mozilla/5.0 (Windows NT 6.1; Win64; x64) AppleWebKit/537.36 (KHTML, like Gecko) Chrome/67.0.3396.87 Safari/537.36 OPR/54.0.2952.54"
126.33.136.232 - - [17/Feb/2020:19:36:47 -0700] "GET / HTTP/1.1" 200 26732 "-" "Mozilla/5.0 (iPhone; CPU iPhone OS 13_3_1 like Mac OS X) AppleWebKit/605.1.15 (KHTML, like Gecko) Version/13.0.5 Mobile/15E148 Safari/604.1"
126.33.136.232 - - [17/Feb/2020:19:36:48 -0700] "GET /wp-content/plugins/contact-form-7/includes/css/styles.css?ver=5.1.6 HTTP/1.1" 200 1645 "http://datostech.com/" "Mozilla/5.0 (iPhone; CPU iPhone OS 13_3_1 like Mac OS X) AppleWebKit/605.1.15 (KHTML, like Gecko) Version/13.0.5 Mobile/15E148 Safari/604.1"
126.33.136.232 - - [17/Feb/2020:19:36:48 -0700] "GET /wp-content/plugins/user-access-manager/assets/css/uamLoginForm.css?ver=2.1.12 HTTP/1.1" 200 468 "http://datostech.com/" "Mozilla/5.0 (iPhone; CPU iPhone OS 13_3_1 like Mac OS X) AppleWebKit/605.1.15 (KHTML, like Gecko) Version/13.0.5 Mobile/15E148 Safari/604.1"
126.33.136.232 - - [17/Feb/2020:19:36:48 -0700] "GET /wp-content/themes/child-of-spacious/style.css?ver=5.3.2 HTTP/1.1" 200 238 "http://datostech.com/" "Mozilla/5.0 (iPhone; CPU iPhone OS 13_3_1 like Mac OS X) AppleWebKit/605.1.15 (KHTML, like Gecko) Version/13.0.5 Mobile/15E148 Safari/604.1"
126.33.136.232 - - [17/Feb/2020:19:36:48 -0700] "GET /wp-content/themes/spacious/css/dark.css?ver=5.3.2 HTTP/1.1" 200 4779 "http://datostech.com/" "Mozilla/5.0 (iPhone; CPU iPhone OS 13_3_1 like Mac OS X) AppleWebKit/605.1.15 (KHTML, like Gecko) Version/13.0.5 Mobile/15E148 Safari/604.1"
126.33.136.232 - - [17/Feb/2020:19:36:48 -0700] "GET /wp-content/plugins/contact-form-7/includes/js/scripts.js?ver=5.1.6 HTTP/1.1" 200 14440 "http://datostech.com/" "Mozilla/5.0 (iPhone; CPU iPhone OS 13_3_1 like Mac OS X) AppleWebKit/605.1.15 (KHTML, like Gecko) Version/13.0.5 Mobile/15E148 Safari/604.1"
132.20.251.129 - - [17/Feb/2020:19:36:48 -0700] "POST /SOGo/so/fred.long@datostech.com/Mail/0/folderINBOX/view HTTP/1.1" 200 31225 "http://datostech.com/SOGo/so/fred.long@datostech.com/Mail/view" "Mozilla/5.0 (Windows NT 10.0; Win64; x64) AppleWebKit/537.36 (KHTML, like Gecko) Chrome/79.0.3945.117 Safari/537.36"
132.20.251.129 - - [17/Feb/2020:19:36:51 -0700] "POST /SOGo/so/fred.long@datostech.com/Mail/unseenCount HTTP/1.1" 200 21 "http://datostech.com/SOGo/so/fred.long@datostech.com/Mail/view" "Mozilla/5.0 (Windows NT 10.0; Win64; x64) AppleWebKit/537.36 (KHTML, like Gecko) Chrome/79.0.3945.117 Safari/537.36"
109.201.179.21 - - [17/Feb/2020:19:36:53 -0700] "GET /index.php?s=/index/ hink" 400 332 "-" "-"
127.0.0.1 - - [17/Feb/2020:19:37:03 -0700] "OPTIONS * HTTP/1.0" 200 - "-" "Apache (internal dummy connection)"
186.195.113.179 - - [17/Feb/2020:19:40:00 -0700] "GET / HTTP/1.1" 400 332 "-" "-"
127.0.0.1 - - [17/Feb/2020:19:41:29 -0700] "OPTIONS * HTTP/1.0" 200 - "-" "Apache (internal dummy connection)"
132.20.251.129 - - [17/Feb/2020:19:41:49 -0700] "POST /SOGo/so/fred.long@datostech.com/Mail/0/folderINBOX/view HTTP/1.1" 200 31225 "http://datostech.com/SOGo/so/fred.long@datostech.com/Mail/view" "Mozilla/5.0 (Windows NT 10.0; Win64; x64) AppleWebKit/537.36 (KHTML, like Gecko) Chrome/79.0.3945.117 Safari/537.36"
132.20.251.128 - - [17/Feb/2020:19:41:56 -0700] "POST /SOGo/so/fred.long@datostech.com/Mail/unseenCount HTTP/1.1" 200 21 "http://datostech.com/SOGo/so/fred.long@datostech.com/Mail/view" "Mozilla/5.0 (Windows NT 10.0; Win64; x64) AppleWebKit/537.36 (KHTML, like Gecko) Chrome/79.0.3945.117 Safari/537.36"
127.0.0.1 - - [17/Feb/2020:19:42:52 -0700] "OPTIONS * HTTP/1.0" 200 - "-" "Apache (internal dummy connection)"
132.20.251.128 - - [17/Feb/2020:19:46:50 -0700] "POST /SOGo/so/fred.long@datostech.com/Mail/0/folderINBOX/view HTTP/1.1" 200 31225 "http://datostech.com/SOGo/so/fred.long@datostech.com/Mail/view" "Mozilla/5.0 (Windows NT 10.0; Win64; x64) AppleWebKit/537.36 (KHTML, like Gecko) Chrome/79.0.3945.117 Safari/537.36"
132.20.251.128 - - [17/Feb/2020:19:46:53 -0700] "POST /SOGo/so/fred.long@datostech.com/Mail/unseenCount HTTP/1.1" 200 21 "http://datostech.com/SOGo/so/fred.long@datostech.com/Mail/view" "Mozilla/5.0 (Windows NT 10.0; Win64; x64) AppleWebKit/537.36 (KHTML, like Gecko) Chrome/79.0.3945.117 Safari/537.36"
127.0.0.1 - - [17/Feb/2020:19:48:55 -0700] "OPTIONS * HTTP/1.0" 200 - "-" "Apache (internal dummy connection)"
132.20.251.128 - - [17/Feb/2020:19:51:51 -0700] "POST /SOGo/so/fred.long@datostech.com/Mail/0/folderINBOX/view HTTP/1.1" 200 31225 "http://datostech.com/SOGo/so/fred.long@datostech.com/Mail/view" "Mozilla/5.0 (Windows NT 10.0; Win64; x64) AppleWebKit/537.36 (KHTML, like Gecko) Chrome/79.0.3945.117 Safari/537.36"
132.20.251.128 - - [17/Feb/2020:19:51:53 -0700] "POST /SOGo/so/fred.long@datostech.com/Mail/unseenCount HTTP/1.1" 200 21 "http://datostech.com/SOGo/so/fred.long@datostech.com/Mail/view" "Mozilla/5.0 (Windows NT 10.0; Win64; x64) AppleWebKit/537.36 (KHTML, like Gecko) Chrome/79.0.3945.117 Safari/537.36"
104.238.117.191 - - [17/Feb/2020:19:55:39 -0700] "POST /wp-cron.php?doing_wp_cron=1581994539.9285380840301513671875 HTTP/1.1" 200 - "http://datostech.com/wp-cron.php?doing_wp_cron=1581994539.9285380840301513671875" "WordPress/5.3.2; http://datostech.com"
31.130.122.75 - - [17/Feb/2020:19:55:39 -0700] "GET / HTTP/1.1" 200 26783 "-" "Mozilla/5.0 (Windows NT 10.0; WOW64) AppleWebKit/537.36 (KHTML, like Gecko) Chrome/51.0.2704.103 Safari/537.36"
127.0.0.1 - - [17/Feb/2020:19:56:01 -0700] "OPTIONS * HTTP/1.0" 200 - "-" "Apache (internal dummy connection)"
132.20.251.128 - - [17/Feb/2020:19:56:51 -0700] "POST /SOGo/so/fred.long@datostech.com/Mail/0/folderINBOX/view HTTP/1.1" 200 31225 "http://datostech.com/SOGo/so/fred.long@datostech.com/Mail/view" "Mozilla/5.0 (Windows NT 10.0; Win64; x64) AppleWebKit/537.36 (KHTML, like Gecko) Chrome/79.0.3945.117 Safari/537.36"
132.20.251.128 - - [17/Feb/2020:19:56:54 -0700] "POST /SOGo/so/fred.long@datostech.com/Mail/unseenCount HTTP/1.1" 200 21 "http://datostech.com/SOGo/so/fred.long@datostech.com/Mail/view" "Mozilla/5.0 (Windows NT 10.0; Win64; x64) AppleWebKit/537.36 (KHTML, like Gecko) Chrome/79.0.3945.117 Safari/537.36"
132.20.251.128 - - [17/Feb/2020:20:01:51 -0700] "POST /SOGo/so/fred.long@datostech.com/Mail/0/folderINBOX/view HTTP/1.1" 200 31225 "http://datostech.com/SOGo/so/fred.long@datostech.com/Mail/view" "Mozilla/5.0 (Windows NT 10.0; Win64; x64) AppleWebKit/537.36 (KHTML, like Gecko) Chrome/79.0.3945.117 Safari/537.36"
132.20.251.128 - - [17/Feb/2020:20:01:54 -0700] "POST /SOGo/so/fred.long@datostech.com/Mail/unseenCount HTTP/1.1" 200 21 "http://datostech.com/SOGo/so/fred.long@datostech.com/Mail/view" "Mozilla/5.0 (Windows NT 10.0; Win64; x64) AppleWebKit/537.36 (KHTML, like Gecko) Chrome/79.0.3945.117 Safari/537.36"
127.0.0.1 - - [17/Feb/2020:20:06:00 -0700] "OPTIONS * HTTP/1.0" 200 - "-" "Apache (internal dummy connection)"
132.20.251.128 - - [17/Feb/2020:20:06:51 -0700] "POST /SOGo/so/fred.long@datostech.com/Mail/0/folderINBOX/view HTTP/1.1" 200 31225 "http://datostech.com/SOGo/so/fred.long@datostech.com/Mail/view" "Mozilla/5.0 (Windows NT 10.0; Win64; x64) AppleWebKit/537.36 (KHTML, like Gecko) Chrome/79.0.3945.117 Safari/537.36"
132.20.251.128 - - [17/Feb/2020:20:06:54 -0700] "POST /SOGo/so/fred.long@datostech.com/Mail/unseenCount HTTP/1.1" 200 21 "http://datostech.com/SOGo/so/fred.long@datostech.com/Mail/view" "Mozilla/5.0 (Windows NT 10.0; Win64; x64) AppleWebKit/537.36 (KHTML, like Gecko) Chrome/79.0.3945.117 Safari/537.36"
132.20.251.128 - - [17/Feb/2020:20:11:52 -0700] "POST /SOGo/so/fred.long@datostech.com/Mail/0/folderINBOX/view HTTP/1.1" 200 31225 "http://datostech.com/SOGo/so/fred.long@datostech.com/Mail/view" "Mozilla/5.0 (Windows NT 10.0; Win64; x64) AppleWebKit/537.36 (KHTML, like Gecko) Chrome/79.0.3945.117 Safari/537.36"
132.20.251.128 - - [17/Feb/2020:20:11:55 -0700] "POST /SOGo/so/fred.long@datostech.com/Mail/unseenCount HTTP/1.1" 200 21 "http://datostech.com/SOGo/so/fred.long@datostech.com/Mail/view" "Mozilla/5.0 (Windows NT 10.0; Win64; x64) AppleWebKit/537.36 (KHTML, like Gecko) Chrome/79.0.3945.117 Safari/537.36"
132.20.251.128 - - [17/Feb/2020:20:13:56 -0700] "GET /SOGo/so/fred.long@datostech.com/Mail/0/folderINBOX/620/view HTTP/1.1" 200 6133 "http://datostech.com/SOGo/so/fred.long@datostech.com/Mail/view" "Mozilla/5.0 (Windows NT 10.0; Win64; x64) AppleWebKit/537.36 (KHTML, like Gecko) Chrome/79.0.3945.117 Safari/537.36"
132.20.251.128 - - [17/Feb/2020:20:14:06 -0700] "GET /SOGo/so/fred.long@datostech.com/Mail/0/folderINBOX/619/view HTTP/1.1" 200 8154 "http://datostech.com/SOGo/so/fred.long@datostech.com/Mail/view" "Mozilla/5.0 (Windows NT 10.0; Win64; x64) AppleWebKit/537.36 (KHTML, like Gecko) Chrome/79.0.3945.117 Safari/537.36"
132.20.251.128 - - [17/Feb/2020:20:14:18 -0700] "GET /SOGo/so/fred.long@datostech.com/Mail/0/folderINBOX/605/view HTTP/1.1" 200 4617 "http://datostech.com/SOGo/so/fred.long@datostech.com/Mail/view" "Mozilla/5.0 (Windows NT 10.0; Win64; x64) AppleWebKit/537.36 (KHTML, like Gecko) Chrome/79.0.3945.117 Safari/537.36"
132.20.251.128 - - [17/Feb/2020:20:14:30 -0700] "GET /SOGo/so/fred.long@datostech.com/Mail/0/folderINBOX/592/view HTTP/1.1" 200 10676 "http://datostech.com/SOGo/so/fred.long@datostech.com/Mail/view" "Mozilla/5.0 (Windows NT 10.0; Win64; x64) AppleWebKit/537.36 (KHTML, like Gecko) Chrome/79.0.3945.117 Safari/537.36"
132.20.251.128 - - [17/Feb/2020:20:14:46 -0700] "GET /SOGo/so/fred.long@datostech.com/Mail/0/folderINBOX/576/view HTTP/1.1" 200 6120 "http://datostech.com/SOGo/so/fred.long@datostech.com/Mail/view" "Mozilla/5.0 (Windows NT 10.0; Win64; x64) AppleWebKit/537.36 (KHTML, like Gecko) Chrome/79.0.3945.117 Safari/537.36"
127.0.0.1 - - [17/Feb/2020:20:14:53 -0700] "OPTIONS * HTTP/1.0" 200 - "-" "Apache (internal dummy connection)"
132.20.251.128 - - [17/Feb/2020:20:14:55 -0700] "GET /SOGo/so/fred.long@datostech.com/Mail/0/folderINBOX/564/view HTTP/1.1" 200 7003 "http://datostech.com/SOGo/so/fred.long@datostech.com/Mail/view" "Mozilla/5.0 (Windows NT 10.0; Win64; x64) AppleWebKit/537.36 (KHTML, like Gecko) Chrome/79.0.3945.117 Safari/537.36"
132.20.251.128 - - [17/Feb/2020:20:15:12 -0700] "GET /SOGo/so/fred.long@datostech.com/Mail/0/folderINBOX/489/view HTTP/1.1" 200 5575 "http://datostech.com/SOGo/so/fred.long@datostech.com/Mail/view" "Mozilla/5.0 (Windows NT 10.0; Win64; x64) AppleWebKit/537.36 (KHTML, like Gecko) Chrome/79.0.3945.117 Safari/537.36"
132.20.251.128 - - [17/Feb/2020:20:15:16 -0700] "GET /SOGo/so/fred.long@datostech.com/Mail/0/folderINBOX/479/view HTTP/1.1" 200 2634 "http://datostech.com/SOGo/so/fred.long@datostech.com/Mail/view" "Mozilla/5.0 (Windows NT 10.0; Win64; x64) AppleWebKit/537.36 (KHTML, like Gecko) Chrome/79.0.3945.117 Safari/537.36"
132.20.251.128 - - [17/Feb/2020:20:15:24 -0700] "GET /SOGo/so/fred.long@datostech.com/Mail/0/folderINBOX/456/view HTTP/1.1" 200 14492 "http://datostech.com/SOGo/so/fred.long@datostech.com/Mail/view" "Mozilla/5.0 (Windows NT 10.0; Win64; x64) AppleWebKit/537.36 (KHTML, like Gecko) Chrome/79.0.3945.117 Safari/537.36"
132.20.251.128 - - [17/Feb/2020:20:16:19 -0700] "GET /SOGo/so/fred.long@datostech.com/Mail/0/folderINBOX/631/view HTTP/1.1" 200 7621 "http://datostech.com/SOGo/so/fred.long@datostech.com/Mail/view" "Mozilla/5.0 (Windows NT 10.0; Win64; x64) AppleWebKit/537.36 (KHTML, like Gecko) Chrome/79.0.3945.117 Safari/537.36"
132.20.251.128 - - [17/Feb/2020:20:16:30 -0700] "GET /SOGo/so/fred.long@datostech.com/Mail//UIxMailPopupView HTTP/1.1" 200 13901 "http://datostech.com/SOGo/so/fred.long@datostech.com/Mail/view" "Mozilla/5.0 (Windows NT 10.0; Win64; x64) AppleWebKit/537.36 (KHTML, like Gecko) Chrome/79.0.3945.117 Safari/537.36"
132.20.251.128 - - [17/Feb/2020:20:16:31 -0700] "GET /SOGo/so/fred.long@datostech.com/Calendar/alarmslist?browserTime=1581995791 HTTP/1.1" 200 63 "http://datostech.com/SOGo/so/fred.long@datostech.com/Mail//UIxMailPopupView" "Mozilla/5.0 (Windows NT 10.0; Win64; x64) AppleWebKit/537.36 (KHTML, like Gecko) Chrome/79.0.3945.117 Safari/537.36"
132.20.251.129 - - [17/Feb/2020:20:16:31 -0700] "GET /SOGo/so/fred.long@datostech.com/Mail/0/compose HTTP/1.1" 201 78 "http://datostech.com/SOGo/so/fred.long@datostech.com/Mail/view" "Mozilla/5.0 (Windows NT 10.0; Win64; x64) AppleWebKit/537.36 (KHTML, like Gecko) Chrome/79.0.3945.117 Safari/537.36"
132.20.251.129 - - [17/Feb/2020:20:16:32 -0700] "GET /SOGo/so/fred.long@datostech.com/Mail/0/folderDrafts/newDraft1581995791-1/edit HTTP/1.1" 200 88 "http://datostech.com/SOGo/so/fred.long@datostech.com/Mail/view" "Mozilla/5.0 (Windows NT 10.0; Win64; x64) AppleWebKit/537.36 (KHTML, like Gecko) Chrome/79.0.3945.117 Safari/537.36"
132.20.251.129 - - [17/Feb/2020:20:16:35 -0700] "GET /SOGo/so/fred.long@datostech.com/Contacts/allContactSearch?search=wi HTTP/1.1" 200 389 "http://datostech.com/SOGo/so/fred.long@datostech.com/Mail//UIxMailPopupView" "Mozilla/5.0 (Windows NT 10.0; Win64; x64) AppleWebKit/537.36 (KHTML, like Gecko) Chrome/79.0.3945.117 Safari/537.36"
132.20.251.129 - - [17/Feb/2020:20:16:36 -0700] "GET /SOGo/so/fred.long@datostech.com/Contacts/allContactSearch?search=wil HTTP/1.1" 200 390 "http://datostech.com/SOGo/so/fred.long@datostech.com/Mail//UIxMailPopupView" "Mozilla/5.0 (Windows NT 10.0; Win64; x64) AppleWebKit/537.36 (KHTML, like Gecko) Chrome/79.0.3945.117 Safari/537.36"
132.20.251.128 - - [17/Feb/2020:20:16:36 -0700] "GET /SOGo/so/fred.long@datostech.com/Contacts/allContactSearch?search=will HTTP/1.1" 200 391 "http://datostech.com/SOGo/so/fred.long@datostech.com/Mail//UIxMailPopupView" "Mozilla/5.0 (Windows NT 10.0; Win64; x64) AppleWebKit/537.36 (KHTML, like Gecko) Chrome/79.0.3945.117 Safari/537.36"
127.0.0.1 - - [17/Feb/2020:20:16:36 -0700] "OPTIONS * HTTP/1.0" 200 - "-" "Apache (internal dummy connection)"
132.20.251.128 - - [17/Feb/2020:20:16:38 -0700] "GET /SOGo/so/fred.long@datostech.com/Contacts/allContactSearch?search=will HTTP/1.1" 200 391 "http://datostech.com/SOGo/so/fred.long@datostech.com/Mail//UIxMailPopupView" "Mozilla/5.0 (Windows NT 10.0; Win64; x64) AppleWebKit/537.36 (KHTML, like Gecko) Chrome/79.0.3945.117 Safari/537.36"
132.20.251.129 - - [17/Feb/2020:20:16:55 -0700] "POST /SOGo/so/fred.long@datostech.com/Mail/unseenCount HTTP/1.1" 200 21 "http://datostech.com/SOGo/so/fred.long@datostech.com/Mail/view" "Mozilla/5.0 (Windows NT 10.0; Win64; x64) AppleWebKit/537.36 (KHTML, like Gecko) Chrome/79.0.3945.117 Safari/537.36"
127.0.0.1 - - [17/Feb/2020:20:17:30 -0700] "OPTIONS * HTTP/1.0" 200 - "-" "Apache (internal dummy connection)"
132.20.251.129 - - [17/Feb/2020:20:17:59 -0700] "POST /SOGo/so/fred.long@datostech.com/Mail/0/folderDrafts/newDraft1581995791-1/send HTTP/1.1" 200 21 "http://datostech.com/SOGo/so/fred.long@datostech.com/Mail/view" "Mozilla/5.0 (Windows NT 10.0; Win64; x64) AppleWebKit/537.36 (KHTML, like Gecko) Chrome/79.0.3945.117 Safari/537.36"
132.20.251.129 - - [17/Feb/2020:20:18:07 -0700] "POST /SOGo/so/fred.long@datostech.com/Mail/0/folderINBOX/view HTTP/1.1" 200 31225 "http://datostech.com/SOGo/so/fred.long@datostech.com/Mail/view" "Mozilla/5.0 (Windows NT 10.0; Win64; x64) AppleWebKit/537.36 (KHTML, like Gecko) Chrome/79.0.3945.117 Safari/537.36"
127.0.0.1 - - [17/Feb/2020:20:18:12 -0700] "OPTIONS * HTTP/1.0" 200 - "-" "Apache (internal dummy connection)"
127.0.0.1 - - [17/Feb/2020:20:18:13 -0700] "OPTIONS * HTTP/1.0" 200 - "-" "Apache (internal dummy connection)"
132.20.251.129 - - [17/Feb/2020:20:21:52 -0700] "POST /SOGo/so/fred.long@datostech.com/Mail/0/folderINBOX/view HTTP/1.1" 200 31225 "http://datostech.com/SOGo/so/fred.long@datostech.com/Mail/view" "Mozilla/5.0 (Windows NT 10.0; Win64; x64) AppleWebKit/537.36 (KHTML, like Gecko) Chrome/79.0.3945.117 Safari/537.36"
132.20.251.129 - - [17/Feb/2020:20:21:55 -0700] "POST /SOGo/so/fred.long@datostech.com/Mail/unseenCount HTTP/1.1" 200 21 "http://datostech.com/SOGo/so/fred.long@datostech.com/Mail/view" "Mozilla/5.0 (Windows NT 10.0; Win64; x64) AppleWebKit/537.36 (KHTML, like Gecko) Chrome/79.0.3945.117 Safari/537.36"
185.253.97.251 - - [17/Feb/2020:20:21:56 -0700] "GET /blog/2018/01/02/happy-new-year/ HTTP/1.0" 301 - "http://datostech.com/blog/2018/01/02/happy-new-year/" "Mozilla/5.0 (Windows NT 6.1; Win64; x64) AppleWebKit/537.36 (KHTML, like Gecko) Chrome/67.0.3396.87 Safari/537.36 OPR/54.0.2952.71"
185.253.97.251 - - [17/Feb/2020:20:21:56 -0700] "GET /blog/2018/01/02/happy-new-year/ HTTP/1.0" 301 - "http://datostech.com/blog/2018/01/02/happy-new-year/" "Mozilla/5.0 (Windows NT 6.1; Win64; x64) AppleWebKit/537.36 (KHTML, like Gecko) Chrome/66.0.3359.170 Safari/537.36 OPR/53.0.2907.99"
